ASxxxx Linker V03.00 + NoICE + sdld,  page 1.
Hexadecimal  [32-Bits]

Area                                    Addr        Size        Decimal Bytes (Attributes)
--------------------------------        ----        ----        ------- ----- ------------
CABS                                00000000    00000000 =           0. bytes (ABS,CON,CODE)

      Value  Global                              Global Defined In Module
      -----  --------------------------------   ------------------------
C:   00000000  l_BIT_BANK                      
C:   00000000  l_CABS                          
C:   00000000  l_GSINIT1                       
C:   00000000  l_GSINIT5                       
C:   00000000  l_IABS                          
C:   00000000  l_PSEG                          
C:   00000000  l_REG_BANK_1                    
C:   00000000  l_REG_BANK_2                    
C:   00000000  l_REG_BANK_3                    
C:   00000000  l_RSEG                          
C:   00000000  l_RSEG0                         
C:   00000000  l_RSEG1                         
C:   00000000  l_XABS                          
C:   00000000  l_XINIT                         
C:   00000000  l_XISEG                         
C:   00000000  l__CODE                         
C:   00000000  s_BSEG                          
C:   00000000  s_CABS                          
C:   00000000  s_DSEG                          
C:   00000000  s_HOME                          
C:   00000000  s_IABS                          
C:   00000000  s_REG_BANK_0                    
C:   00000000  s_RSEG                          
C:   00000000  s_RSEG0                         
C:   00000000  s_RSEG1                         
C:   00000000  s_XABS                          
C:   00000001  s_PSEG                          
C:   00000001  s_XSEG                          
C:   00000002  l_BSEG_BYTES                    
C:   00000003  l_GSFINAL                       
C:   00000003  l_GSINIT0                       
C:   00000006  l_ISEG                          
C:   00000006  l_OSEG                          
C:   00000008  l_REG_BANK_0                    
C:   00000008  s_REG_BANK_1                    
C:   0000000A  l_BSEG                          
C:   0000000A  l_GSINIT2                       
C:   00000010  s_REG_BANK_2                    
C:   00000011  s_OSEG                          
C:   00000017  s_ISEG                          
C:   00000018  s_BIT_BANK                      
C:   00000018  s_REG_BANK_3                    
C:   00000020  s_BSEG_BYTES                    
C:   00000020  s__CODE                         
C:   00000022  l_GSINIT3                       
C:   0000002A  l_GSINIT4                       
C:   00000050  l_XSEG                          
C:   00000051  l_HOME                          
C:   00000051  s_GSINIT0                       
C:   00000051  s_XISEG                         
ASxxxx Linker V03.00 + NoICE + sdld,  page 2.
Hexadecimal  [32-Bits]

Area                                    Addr        Size        Decimal Bytes (Attributes)
--------------------------------        ----        ----        ------- ----- ------------
CABS                                00000000    00000000 =           0. bytes (ABS,CON,CODE)

      Value  Global                              Global Defined In Module
      -----  --------------------------------   ------------------------
C:   00000054  s_GSINIT1                       
C:   00000054  s_GSINIT2                       
C:   0000005E  s_GSINIT3                       
C:   0000006C  l_GSINIT                        
C:   0000007B  s_SSEG                          
C:   0000007D  l_DSEG                          
C:   00000080  s_GSINIT4                       
C:   00000085  l_SSEG                          
C:   000000AA  s_GSINIT                        
C:   000000AA  s_GSINIT5                       
C:   00000100  l_IRAM                          
C:   00000116  s_GSFINAL                       
C:   00000119  s_CSEG                          
C:   0000026E  l_CONST                         
C:   00001638  l_CSEG                          
C:   00001751  s_CONST                         
C:   000019BF  s_XINIT                         

ASxxxx Linker V03.00 + NoICE + sdld,  page 3.
Hexadecimal  [32-Bits]

Area                                    Addr        Size        Decimal Bytes (Attributes)
--------------------------------        ----        ----        ------- ----- ------------
.  .ABS.                            00000000    00000000 =           0. bytes (ABS,CON)

      Value  Global                              Global Defined In Module
      -----  --------------------------------   ------------------------
     00000000  .__.ABS.                           _fs2ulong
     00000080  G$P0$0$0                           lab4Data
     00000080  G$P0_0$0$0                         lab4Data
     00000080  _P0                                lab4Data
     00000080  _P0_0                              lab4Data
     00000081  G$P0_1$0$0                         lab4Data
     00000081  G$SP$0$0                           lab4Data
     00000081  _P0_1                              lab4Data
     00000081  _SP                                lab4Data
     00000082  G$DPL$0$0                          lab4Data
     00000082  G$P0_2$0$0                         lab4Data
     00000082  _DPL                               lab4Data
     00000082  _P0_2                              lab4Data
     00000083  G$BUS_SCL$0$0                      lab4Data
     00000083  G$DPH$0$0                          lab4Data
     00000083  G$P0_3$0$0                         lab4Data
     00000083  _BUS_SCL                           lab4Data
     00000083  _DPH                               lab4Data
     00000083  _P0_3                              lab4Data
     00000084  G$P0_4$0$0                         lab4Data
     00000084  G$P4$0$0                           lab4Data
     00000084  _P0_4                              lab4Data
     00000084  _P4                                lab4Data
     00000085  G$P0_5$0$0                         lab4Data
     00000085  G$P5$0$0                           lab4Data
     00000085  _P0_5                              lab4Data
     00000085  _P5                                lab4Data
     00000086  G$P0_6$0$0                         lab4Data
     00000086  G$P6$0$0                           lab4Data
     00000086  _P0_6                              lab4Data
     00000086  _P6                                lab4Data
     00000087  G$P0_7$0$0                         lab4Data
     00000087  G$PCON$0$0                         lab4Data
     00000087  _P0_7                              lab4Data
     00000087  _PCON                              lab4Data
     00000088  G$IT0$0$0                          lab4Data
     00000088  G$TCON$0$0                         lab4Data
     00000088  _IT0                               lab4Data
     00000088  _TCON                              lab4Data
     00000089  G$IE0$0$0                          lab4Data
     00000089  G$TMOD$0$0                         lab4Data
     00000089  _IE0                               lab4Data
     00000089  _TMOD                              lab4Data
     0000008A  G$IT1$0$0                          lab4Data
     0000008A  G$TL0$0$0                          lab4Data
     0000008A  _IT1                               lab4Data
     0000008A  _TL0                               lab4Data
     0000008B  G$IE1$0$0                          lab4Data
     0000008B  G$TL1$0$0                          lab4Data
     0000008B  _IE1                               lab4Data
ASxxxx Linker V03.00 + NoICE + sdld,  page 4.
Hexadecimal  [32-Bits]

Area                                    Addr        Size        Decimal Bytes (Attributes)
--------------------------------        ----        ----        ------- ----- ------------
.  .ABS.                            00000000    00000000 =           0. bytes (ABS,CON)

      Value  Global                              Global Defined In Module
      -----  --------------------------------   ------------------------
     0000008B  _TL1                               lab4Data
     0000008C  G$TH0$0$0                          lab4Data
     0000008C  G$TR0$0$0                          lab4Data
     0000008C  _TH0                               lab4Data
     0000008C  _TR0                               lab4Data
     0000008D  G$TF0$0$0                          lab4Data
     0000008D  G$TH1$0$0                          lab4Data
     0000008D  _TF0                               lab4Data
     0000008D  _TH1                               lab4Data
     0000008E  G$CKCON$0$0                        lab4Data
     0000008E  G$TR1$0$0                          lab4Data
     0000008E  _CKCON                             lab4Data
     0000008E  _TR1                               lab4Data
     0000008F  G$PSCTL$0$0                        lab4Data
     0000008F  G$TF1$0$0                          lab4Data
     0000008F  _PSCTL                             lab4Data
     0000008F  _TF1                               lab4Data
     00000090  G$P1$0$0                           lab4Data
     00000090  G$P1_0$0$0                         lab4Data
     00000090  _P1                                lab4Data
     00000090  _P1_0                              lab4Data
     00000091  G$P1_1$0$0                         lab4Data
     00000091  G$TMR3CN$0$0                       lab4Data
     00000091  _P1_1                              lab4Data
     00000091  _TMR3CN                            lab4Data
     00000092  G$P1_2$0$0                         lab4Data
     00000092  G$TMR3RLL$0$0                      lab4Data
     00000092  _P1_2                              lab4Data
     00000092  _TMR3RLL                           lab4Data
     00000093  G$P1_3$0$0                         lab4Data
     00000093  G$TMR3RLH$0$0                      lab4Data
     00000093  _P1_3                              lab4Data
     00000093  _TMR3RLH                           lab4Data
     00000094  G$P1_4$0$0                         lab4Data
     00000094  G$TMR3L$0$0                        lab4Data
     00000094  _P1_4                              lab4Data
     00000094  _TMR3L                             lab4Data
     00000095  G$P1_5$0$0                         lab4Data
     00000095  G$TMR3H$0$0                        lab4Data
     00000095  _P1_5                              lab4Data
     00000095  _TMR3H                             lab4Data
     00000096  G$P1_6$0$0                         lab4Data
     00000096  G$P7$0$0                           lab4Data
     00000096  _P1_6                              lab4Data
     00000096  _P7                                lab4Data
     00000097  G$P1_7$0$0                         lab4Data
     00000097  _P1_7                              lab4Data
     00000098  G$RI$0$0                           lab4Data
     00000098  G$RI0$0$0                          lab4Data
     00000098  G$SCON$0$0                         lab4Data
     00000098  G$SCON0$0$0                        lab4Data
ASxxxx Linker V03.00 + NoICE + sdld,  page 5.
Hexadecimal  [32-Bits]

Area                                    Addr        Size        Decimal Bytes (Attributes)
--------------------------------        ----        ----        ------- ----- ------------
.  .ABS.                            00000000    00000000 =           0. bytes (ABS,CON)

      Value  Global                              Global Defined In Module
      -----  --------------------------------   ------------------------
     00000098  _RI                                lab4Data
     00000098  _RI0                               lab4Data
     00000098  _SCON                              lab4Data
     00000098  _SCON0                             lab4Data
     00000099  G$SBUF$0$0                         lab4Data
     00000099  G$SBUF0$0$0                        lab4Data
     00000099  G$TI$0$0                           lab4Data
     00000099  G$TI0$0$0                          lab4Data
     00000099  _SBUF                              lab4Data
     00000099  _SBUF0                             lab4Data
     00000099  _TI                                lab4Data
     00000099  _TI0                               lab4Data
     0000009A  G$RB8$0$0                          lab4Data
     0000009A  G$RB80$0$0                         lab4Data
     0000009A  G$SPI0CFG$0$0                      lab4Data
     0000009A  _RB8                               lab4Data
     0000009A  _RB80                              lab4Data
     0000009A  _SPI0CFG                           lab4Data
     0000009B  G$SPI0DAT$0$0                      lab4Data
     0000009B  G$TB8$0$0                          lab4Data
     0000009B  G$TB80$0$0                         lab4Data
     0000009B  _SPI0DAT                           lab4Data
     0000009B  _TB8                               lab4Data
     0000009B  _TB80                              lab4Data
     0000009C  G$ADC1$0$0                         lab4Data
     0000009C  G$REN$0$0                          lab4Data
     0000009C  G$REN0$0$0                         lab4Data
     0000009C  _ADC1                              lab4Data
     0000009C  _REN                               lab4Data
     0000009C  _REN0                              lab4Data
     0000009D  G$MCE0$0$0                         lab4Data
     0000009D  G$SM2$0$0                          lab4Data
     0000009D  G$SM20$0$0                         lab4Data
     0000009D  G$SPI0CKR$0$0                      lab4Data
     0000009D  _MCE0                              lab4Data
     0000009D  _SM2                               lab4Data
     0000009D  _SM20                              lab4Data
     0000009D  _SPI0CKR                           lab4Data
     0000009E  G$CPT0CN$0$0                       lab4Data
     0000009E  G$SM1$0$0                          lab4Data
     0000009E  G$SM10$0$0                         lab4Data
     0000009E  _CPT0CN                            lab4Data
     0000009E  _SM1                               lab4Data
     0000009E  _SM10                              lab4Data
     0000009F  G$CPT1CN$0$0                       lab4Data
     0000009F  G$S0MODE$0$0                       lab4Data
     0000009F  G$SM0$0$0                          lab4Data
     0000009F  G$SM00$0$0                         lab4Data
     0000009F  _CPT1CN                            lab4Data
     0000009F  _S0MODE                            lab4Data
     0000009F  _SM0                               lab4Data
ASxxxx Linker V03.00 + NoICE + sdld,  page 6.
Hexadecimal  [32-Bits]

Area                                    Addr        Size        Decimal Bytes (Attributes)
--------------------------------        ----        ----        ------- ----- ------------
.  .ABS.                            00000000    00000000 =           0. bytes (ABS,CON)

      Value  Global                              Global Defined In Module
      -----  --------------------------------   ------------------------
     0000009F  _SM00                              lab4Data
     000000A0  G$P2$0$0                           lab4Data
     000000A0  G$P2_0$0$0                         lab4Data
     000000A0  _P2                                lab4Data
     000000A0  _P2_0                              lab4Data
     000000A1  G$EMI0TC$0$0                       lab4Data
     000000A1  G$P2_1$0$0                         lab4Data
     000000A1  _EMI0TC                            lab4Data
     000000A1  _P2_1                              lab4Data
     000000A2  G$P2_2$0$0                         lab4Data
     000000A2  _P2_2                              lab4Data
     000000A3  G$EMI0CF$0$0                       lab4Data
     000000A3  G$P2_3$0$0                         lab4Data
     000000A3  _EMI0CF                            lab4Data
     000000A3  _P2_3                              lab4Data
     000000A4  G$P0MDOUT$0$0                      lab4Data
     000000A4  G$P2_4$0$0                         lab4Data
     000000A4  G$PRT0CF$0$0                       lab4Data
     000000A4  _P0MDOUT                           lab4Data
     000000A4  _P2_4                              lab4Data
     000000A4  _PRT0CF                            lab4Data
     000000A5  G$P1MDOUT$0$0                      lab4Data
     000000A5  G$P2_5$0$0                         lab4Data
     000000A5  G$PRT1CF$0$0                       lab4Data
     000000A5  _P1MDOUT                           lab4Data
     000000A5  _P2_5                              lab4Data
     000000A5  _PRT1CF                            lab4Data
     000000A6  G$P2MDOUT$0$0                      lab4Data
     000000A6  G$P2_6$0$0                         lab4Data
     000000A6  G$PRT2CF$0$0                       lab4Data
     000000A6  _P2MDOUT                           lab4Data
     000000A6  _P2_6                              lab4Data
     000000A6  _PRT2CF                            lab4Data
     000000A7  G$P2_7$0$0                         lab4Data
     000000A7  G$P3MDOUT$0$0                      lab4Data
     000000A7  G$PRT3CF$0$0                       lab4Data
     000000A7  _P2_7                              lab4Data
     000000A7  _P3MDOUT                           lab4Data
     000000A7  _PRT3CF                            lab4Data
     000000A8  G$EX0$0$0                          lab4Data
     000000A8  G$IE$0$0                           lab4Data
     000000A8  _EX0                               lab4Data
     000000A8  _IE                                lab4Data
     000000A9  G$ET0$0$0                          lab4Data
     000000A9  G$SADDR0$0$0                       lab4Data
     000000A9  _ET0                               lab4Data
     000000A9  _SADDR0                            lab4Data
     000000AA  G$ADC1CN$0$0                       lab4Data
     000000AA  G$EX1$0$0                          lab4Data
     000000AA  _ADC1CN                            lab4Data
     000000AA  _EX1                               lab4Data
ASxxxx Linker V03.00 + NoICE + sdld,  page 7.
Hexadecimal  [32-Bits]

Area                                    Addr        Size        Decimal Bytes (Attributes)
--------------------------------        ----        ----        ------- ----- ------------
.  .ABS.                            00000000    00000000 =           0. bytes (ABS,CON)

      Value  Global                              Global Defined In Module
      -----  --------------------------------   ------------------------
     000000AB  G$ADC1CF$0$0                       lab4Data
     000000AB  G$ET1$0$0                          lab4Data
     000000AB  _ADC1CF                            lab4Data
     000000AB  _ET1                               lab4Data
     000000AC  G$AMX1SL$0$0                       lab4Data
     000000AC  G$ES$0$0                           lab4Data
     000000AC  G$ES0$0$0                          lab4Data
     000000AC  _AMX1SL                            lab4Data
     000000AC  _ES                                lab4Data
     000000AC  _ES0                               lab4Data
     000000AD  G$ET2$0$0                          lab4Data
     000000AD  G$P3IF$0$0                         lab4Data
     000000AD  _ET2                               lab4Data
     000000AD  _P3IF                              lab4Data
     000000AE  G$SADEN1$0$0                       lab4Data
     000000AE  _SADEN1                            lab4Data
     000000AF  G$EA$0$0                           lab4Data
     000000AF  G$EMI0CN$0$0                       lab4Data
     000000AF  G$_XPAGE$0$0                       lab4Data
     000000AF  _EA                                lab4Data
     000000AF  _EMI0CN                            lab4Data
     000000AF  __XPAGE                            lab4Data
     000000B0  G$P3$0$0                           lab4Data
     000000B0  G$P3_0$0$0                         lab4Data
     000000B0  _P3                                lab4Data
     000000B0  _P3_0                              lab4Data
     000000B1  G$OSCXCN$0$0                       lab4Data
     000000B1  G$P3_1$0$0                         lab4Data
     000000B1  _OSCXCN                            lab4Data
     000000B1  _P3_1                              lab4Data
     000000B2  G$OSCICN$0$0                       lab4Data
     000000B2  G$P3_2$0$0                         lab4Data
     000000B2  _OSCICN                            lab4Data
     000000B2  _P3_2                              lab4Data
     000000B3  G$P3_3$0$0                         lab4Data
     000000B3  _P3_3                              lab4Data
     000000B4  G$P3_4$0$0                         lab4Data
     000000B4  _P3_4                              lab4Data
     000000B5  G$P3_5$0$0                         lab4Data
     000000B5  G$P74OUT$0$0                       lab4Data
     000000B5  _P3_5                              lab4Data
     000000B5  _P74OUT                            lab4Data
     000000B6  G$FLSCL$0$0                        lab4Data
     000000B6  G$P3_6$0$0                         lab4Data
     000000B6  _FLSCL                             lab4Data
     000000B6  _P3_6                              lab4Data
     000000B7  G$FLACL$0$0                        lab4Data
     000000B7  G$P3_7$0$0                         lab4Data
     000000B7  G$SS$0$0                           lab4Data
     000000B7  _FLACL                             lab4Data
     000000B7  _P3_7                              lab4Data
ASxxxx Linker V03.00 + NoICE + sdld,  page 8.
Hexadecimal  [32-Bits]

Area                                    Addr        Size        Decimal Bytes (Attributes)
--------------------------------        ----        ----        ------- ----- ------------
.  .ABS.                            00000000    00000000 =           0. bytes (ABS,CON)

      Value  Global                              Global Defined In Module
      -----  --------------------------------   ------------------------
     000000B7  _SS                                lab4Data
     000000B8  G$IP$0$0                           lab4Data
     000000B8  G$PX0$0$0                          lab4Data
     000000B8  _IP                                lab4Data
     000000B8  _PX0                               lab4Data
     000000B9  G$PT0$0$0                          lab4Data
     000000B9  G$SADEN0$0$0                       lab4Data
     000000B9  _PT0                               lab4Data
     000000B9  _SADEN0                            lab4Data
     000000BA  G$AMX0CF$0$0                       lab4Data
     000000BA  G$PX1$0$0                          lab4Data
     000000BA  _AMX0CF                            lab4Data
     000000BA  _PX1                               lab4Data
     000000BB  G$AMX0SL$0$0                       lab4Data
     000000BB  G$PT1$0$0                          lab4Data
     000000BB  _AMX0SL                            lab4Data
     000000BB  _PT1                               lab4Data
     000000BC  G$ADC0CF$0$0                       lab4Data
     000000BC  G$PS$0$0                           lab4Data
     000000BC  G$PS0$0$0                          lab4Data
     000000BC  _ADC0CF                            lab4Data
     000000BC  _PS                                lab4Data
     000000BC  _PS0                               lab4Data
     000000BD  G$P1MDIN$0$0                       lab4Data
     000000BD  G$PT2$0$0                          lab4Data
     000000BD  _P1MDIN                            lab4Data
     000000BD  _PT2                               lab4Data
     000000BE  G$ADC0L$0$0                        lab4Data
     000000BE  _ADC0L                             lab4Data
     000000BF  G$ADC0H$0$0                        lab4Data
     000000BF  _ADC0H                             lab4Data
     000000C0  G$BUS_TOE$0$0                      lab4Data
     000000C0  G$SMB0CN$0$0                       lab4Data
     000000C0  G$SMBTOE$0$0                       lab4Data
     000000C0  _BUS_TOE                           lab4Data
     000000C0  _SMB0CN                            lab4Data
     000000C0  _SMBTOE                            lab4Data
     000000C1  G$BUS_FTE$0$0                      lab4Data
     000000C1  G$SMB0STA$0$0                      lab4Data
     000000C1  G$SMBFTE$0$0                       lab4Data
     000000C1  _BUS_FTE                           lab4Data
     000000C1  _SMB0STA                           lab4Data
     000000C1  _SMBFTE                            lab4Data
     000000C2  G$AA$0$0                           lab4Data
     000000C2  G$BUS_AA$0$0                       lab4Data
     000000C2  G$SMB0DAT$0$0                      lab4Data
     000000C2  _AA                                lab4Data
     000000C2  _BUS_AA                            lab4Data
     000000C2  _SMB0DAT                           lab4Data
     000000C3  G$BUS_INT$0$0                      lab4Data
     000000C3  G$SI$0$0                           lab4Data
ASxxxx Linker V03.00 + NoICE + sdld,  page 9.
Hexadecimal  [32-Bits]

Area                                    Addr        Size        Decimal Bytes (Attributes)
--------------------------------        ----        ----        ------- ----- ------------
.  .ABS.                            00000000    00000000 =           0. bytes (ABS,CON)

      Value  Global                              Global Defined In Module
      -----  --------------------------------   ------------------------
     000000C3  G$SMB0ADR$0$0                      lab4Data
     000000C3  _BUS_INT                           lab4Data
     000000C3  _SI                                lab4Data
     000000C3  _SMB0ADR                           lab4Data
     000000C4  G$ADC0GTL$0$0                      lab4Data
     000000C4  G$BUS_STOP$0$0                     lab4Data
     000000C4  G$STO$0$0                          lab4Data
     000000C4  _ADC0GTL                           lab4Data
     000000C4  _BUS_STOP                          lab4Data
     000000C4  _STO                               lab4Data
     000000C5  G$ADC0GTH$0$0                      lab4Data
     000000C5  G$BUS_START$0$0                    lab4Data
     000000C5  G$STA$0$0                          lab4Data
     000000C5  _ADC0GTH                           lab4Data
     000000C5  _BUS_START                         lab4Data
     000000C5  _STA                               lab4Data
     000000C6  G$ADC0LTL$0$0                      lab4Data
     000000C6  G$BUS_EN$0$0                       lab4Data
     000000C6  G$ENSMB$0$0                        lab4Data
     000000C6  _ADC0LTL                           lab4Data
     000000C6  _BUS_EN                            lab4Data
     000000C6  _ENSMB                             lab4Data
     000000C7  G$ADC0LTH$0$0                      lab4Data
     000000C7  G$BUSY$0$0                         lab4Data
     000000C7  G$BUS_BUSY$0$0                     lab4Data
     000000C7  _ADC0LTH                           lab4Data
     000000C7  _BUSY                              lab4Data
     000000C7  _BUS_BUSY                          lab4Data
     000000C8  G$CPRL2$0$0                        lab4Data
     000000C8  G$T2CON$0$0                        lab4Data
     000000C8  _CPRL2                             lab4Data
     000000C8  _T2CON                             lab4Data
     000000C9  G$CT2$0$0                          lab4Data
     000000C9  G$T4CON$0$0                        lab4Data
     000000C9  _CT2                               lab4Data
     000000C9  _T4CON                             lab4Data
     000000CA  G$RCAP2L$0$0                       lab4Data
     000000CA  G$TR2$0$0                          lab4Data
     000000CA  _RCAP2L                            lab4Data
     000000CA  _TR2                               lab4Data
     000000CB  G$EXEN2$0$0                        lab4Data
     000000CB  G$RCAP2H$0$0                       lab4Data
     000000CB  _EXEN2                             lab4Data
     000000CB  _RCAP2H                            lab4Data
     000000CC  G$TCLK$0$0                         lab4Data
     000000CC  G$TL2$0$0                          lab4Data
     000000CC  _TCLK                              lab4Data
     000000CC  _TL2                               lab4Data
     000000CD  G$RCLK$0$0                         lab4Data
     000000CD  G$TH2$0$0                          lab4Data
     000000CD  _RCLK                              lab4Data
ASxxxx Linker V03.00 + NoICE + sdld,  page 10.
Hexadecimal  [32-Bits]

Area                                    Addr        Size        Decimal Bytes (Attributes)
--------------------------------        ----        ----        ------- ----- ------------
.  .ABS.                            00000000    00000000 =           0. bytes (ABS,CON)

      Value  Global                              Global Defined In Module
      -----  --------------------------------   ------------------------
     000000CD  _TH2                               lab4Data
     000000CE  G$EXF2$0$0                         lab4Data
     000000CE  _EXF2                              lab4Data
     000000CF  G$SMB0CR$0$0                       lab4Data
     000000CF  G$TF2$0$0                          lab4Data
     000000CF  _SMB0CR                            lab4Data
     000000CF  _TF2                               lab4Data
     000000D0  G$P$0$0                            lab4Data
     000000D0  G$PSW$0$0                          lab4Data
     000000D0  _P                                 lab4Data
     000000D0  _PSW                               lab4Data
     000000D1  G$F1$0$0                           lab4Data
     000000D1  G$REF0CN$0$0                       lab4Data
     000000D1  _F1                                lab4Data
     000000D1  _REF0CN                            lab4Data
     000000D2  G$DAC0L$0$0                        lab4Data
     000000D2  G$OV$0$0                           lab4Data
     000000D2  _DAC0L                             lab4Data
     000000D2  _OV                                lab4Data
     000000D3  G$DAC0H$0$0                        lab4Data
     000000D3  G$RS0$0$0                          lab4Data
     000000D3  _DAC0H                             lab4Data
     000000D3  _RS0                               lab4Data
     000000D4  G$DAC0CN$0$0                       lab4Data
     000000D4  G$RS1$0$0                          lab4Data
     000000D4  _DAC0CN                            lab4Data
     000000D4  _RS1                               lab4Data
     000000D5  G$DAC1L$0$0                        lab4Data
     000000D5  G$F0$0$0                           lab4Data
     000000D5  _DAC1L                             lab4Data
     000000D5  _F0                                lab4Data
     000000D6  G$AC$0$0                           lab4Data
     000000D6  G$DAC1H$0$0                        lab4Data
     000000D6  _AC                                lab4Data
     000000D6  _DAC1H                             lab4Data
     000000D7  G$CY$0$0                           lab4Data
     000000D7  G$DAC1CN$0$0                       lab4Data
     000000D7  _CY                                lab4Data
     000000D7  _DAC1CN                            lab4Data
     000000D8  G$CCF0$0$0                         lab4Data
     000000D8  G$PCA0CN$0$0                       lab4Data
     000000D8  _CCF0                              lab4Data
     000000D8  _PCA0CN                            lab4Data
     000000D9  G$CCF1$0$0                         lab4Data
     000000D9  G$PCA0MD$0$0                       lab4Data
     000000D9  _CCF1                              lab4Data
     000000D9  _PCA0MD                            lab4Data
     000000DA  G$CCF2$0$0                         lab4Data
     000000DA  G$PCA0CPM0$0$0                     lab4Data
     000000DA  _CCF2                              lab4Data
     000000DA  _PCA0CPM0                          lab4Data
ASxxxx Linker V03.00 + NoICE + sdld,  page 11.
Hexadecimal  [32-Bits]

Area                                    Addr        Size        Decimal Bytes (Attributes)
--------------------------------        ----        ----        ------- ----- ------------
.  .ABS.                            00000000    00000000 =           0. bytes (ABS,CON)

      Value  Global                              Global Defined In Module
      -----  --------------------------------   ------------------------
     000000DB  G$CCF3$0$0                         lab4Data
     000000DB  G$PCA0CPM1$0$0                     lab4Data
     000000DB  _CCF3                              lab4Data
     000000DB  _PCA0CPM1                          lab4Data
     000000DC  G$CCF4$0$0                         lab4Data
     000000DC  G$PCA0CPM2$0$0                     lab4Data
     000000DC  _CCF4                              lab4Data
     000000DC  _PCA0CPM2                          lab4Data
     000000DD  G$PCA0CPM3$0$0                     lab4Data
     000000DD  _PCA0CPM3                          lab4Data
     000000DE  G$CR$0$0                           lab4Data
     000000DE  G$PCA0CPM4$0$0                     lab4Data
     000000DE  _CR                                lab4Data
     000000DE  _PCA0CPM4                          lab4Data
     000000DF  G$CF$0$0                           lab4Data
     000000DF  _CF                                lab4Data
     000000E0  G$ACC$0$0                          lab4Data
     000000E0  _ACC                               lab4Data
     000000E1  G$XBR0$0$0                         lab4Data
     000000E1  _XBR0                              lab4Data
     000000E2  G$XBR1$0$0                         lab4Data
     000000E2  _XBR1                              lab4Data
     000000E3  G$XBR2$0$0                         lab4Data
     000000E3  _XBR2                              lab4Data
     000000E4  G$RCAP4L$0$0                       lab4Data
     000000E4  _RCAP4L                            lab4Data
     000000E5  G$RCAP4H$0$0                       lab4Data
     000000E5  _RCAP4H                            lab4Data
     000000E6  G$EIE1$0$0                         lab4Data
     000000E6  _EIE1                              lab4Data
     000000E7  G$EIE2$0$0                         lab4Data
     000000E7  _EIE2                              lab4Data
     000000E8  G$AD0LJST$0$0                      lab4Data
     000000E8  G$ADC0CN$0$0                       lab4Data
     000000E8  G$ADLJST$0$0                       lab4Data
     000000E8  _AD0LJST                           lab4Data
     000000E8  _ADC0CN                            lab4Data
     000000E8  _ADLJST                            lab4Data
     000000E9  G$AD0WINT$0$0                      lab4Data
     000000E9  G$ADWINT$0$0                       lab4Data
     000000E9  G$PCA0L$0$0                        lab4Data
     000000E9  _AD0WINT                           lab4Data
     000000E9  _ADWINT                            lab4Data
     000000E9  _PCA0L                             lab4Data
     000000EA  G$AD0CM0$0$0                       lab4Data
     000000EA  G$ADSTM0$0$0                       lab4Data
     000000EA  G$PCA0CPL0$0$0                     lab4Data
     000000EA  _AD0CM0                            lab4Data
     000000EA  _ADSTM0                            lab4Data
     000000EA  _PCA0CPL0                          lab4Data
     000000EB  G$AD0CM1$0$0                       lab4Data
ASxxxx Linker V03.00 + NoICE + sdld,  page 12.
Hexadecimal  [32-Bits]

Area                                    Addr        Size        Decimal Bytes (Attributes)
--------------------------------        ----        ----        ------- ----- ------------
.  .ABS.                            00000000    00000000 =           0. bytes (ABS,CON)

      Value  Global                              Global Defined In Module
      -----  --------------------------------   ------------------------
     000000EB  G$ADSTM1$0$0                       lab4Data
     000000EB  G$PCA0CPL1$0$0                     lab4Data
     000000EB  _AD0CM1                            lab4Data
     000000EB  _ADSTM1                            lab4Data
     000000EB  _PCA0CPL1                          lab4Data
     000000EC  G$AD0BUSY$0$0                      lab4Data
     000000EC  G$ADBUSY$0$0                       lab4Data
     000000EC  G$PCA0CPL2$0$0                     lab4Data
     000000EC  _AD0BUSY                           lab4Data
     000000EC  _ADBUSY                            lab4Data
     000000EC  _PCA0CPL2                          lab4Data
     000000ED  G$AD0INT$0$0                       lab4Data
     000000ED  G$ADCINT$0$0                       lab4Data
     000000ED  G$PCA0CPL3$0$0                     lab4Data
     000000ED  _AD0INT                            lab4Data
     000000ED  _ADCINT                            lab4Data
     000000ED  _PCA0CPL3                          lab4Data
     000000EE  G$AD0TM$0$0                        lab4Data
     000000EE  G$ADCTM$0$0                        lab4Data
     000000EE  G$PCA0CPL4$0$0                     lab4Data
     000000EE  _AD0TM                             lab4Data
     000000EE  _ADCTM                             lab4Data
     000000EE  _PCA0CPL4                          lab4Data
     000000EF  G$AD0EN$0$0                        lab4Data
     000000EF  G$ADCEN$0$0                        lab4Data
     000000EF  G$RSTSRC$0$0                       lab4Data
     000000EF  _AD0EN                             lab4Data
     000000EF  _ADCEN                             lab4Data
     000000EF  _RSTSRC                            lab4Data
     000000F0  G$B$0$0                            lab4Data
     000000F0  _B                                 lab4Data
     000000F1  G$SCON1$0$0                        lab4Data
     000000F1  _SCON1                             lab4Data
     000000F2  G$SBUF1$0$0                        lab4Data
     000000F2  _SBUF1                             lab4Data
     000000F3  G$SADDR1$0$0                       lab4Data
     000000F3  _SADDR1                            lab4Data
     000000F4  G$TL4$0$0                          lab4Data
     000000F4  _TL4                               lab4Data
     000000F5  G$TH4$0$0                          lab4Data
     000000F5  _B_5                               _gptrget
     000000F5  _TH4                               lab4Data
     000000F6  G$EIP1$0$0                         lab4Data
     000000F6  _B_6                               _gptrget
     000000F6  _EIP1                              lab4Data
     000000F7  G$EIP2$0$0                         lab4Data
     000000F7  _B_7                               _gptrget
     000000F7  _EIP2                              lab4Data
     000000F8  G$SPI0CN$0$0                       lab4Data
     000000F8  G$SPIEN$0$0                        lab4Data
     000000F8  _SPI0CN                            lab4Data
ASxxxx Linker V03.00 + NoICE + sdld,  page 13.
Hexadecimal  [32-Bits]

Area                                    Addr        Size        Decimal Bytes (Attributes)
--------------------------------        ----        ----        ------- ----- ------------
.  .ABS.                            00000000    00000000 =           0. bytes (ABS,CON)

      Value  Global                              Global Defined In Module
      -----  --------------------------------   ------------------------
     000000F8  _SPIEN                             lab4Data
     000000F9  G$MSTEN$0$0                        lab4Data
     000000F9  G$PCA0H$0$0                        lab4Data
     000000F9  _MSTEN                             lab4Data
     000000F9  _PCA0H                             lab4Data
     000000FA  G$PCA0CPH0$0$0                     lab4Data
     000000FA  G$SLVSEL$0$0                       lab4Data
     000000FA  _PCA0CPH0                          lab4Data
     000000FA  _SLVSEL                            lab4Data
     000000FB  G$PCA0CPH1$0$0                     lab4Data
     000000FB  G$TXBSY$0$0                        lab4Data
     000000FB  _PCA0CPH1                          lab4Data
     000000FB  _TXBSY                             lab4Data
     000000FC  G$PCA0CPH2$0$0                     lab4Data
     000000FC  G$RXOVRN$0$0                       lab4Data
     000000FC  _PCA0CPH2                          lab4Data
     000000FC  _RXOVRN                            lab4Data
     000000FD  G$MODF$0$0                         lab4Data
     000000FD  G$PCA0CPH3$0$0                     lab4Data
     000000FD  _MODF                              lab4Data
     000000FD  _PCA0CPH3                          lab4Data
     000000FE  G$PCA0CPH4$0$0                     lab4Data
     000000FE  G$WCOL$0$0                         lab4Data
     000000FE  _PCA0CPH4                          lab4Data
     000000FE  _WCOL                              lab4Data
     000000FF  G$SPIF$0$0                         lab4Data
     000000FF  G$WDTCN$0$0                        lab4Data
     000000FF  _SPIF                              lab4Data
     000000FF  _WDTCN                             lab4Data
     00008C8A  G$TMR0$0$0                         lab4Data
     00008C8A  _TMR0                              lab4Data
     00008D8B  G$TMR1$0$0                         lab4Data
     00008D8B  _TMR1                              lab4Data
     00009392  G$TMR3RL$0$0                       lab4Data
     00009392  _TMR3RL                            lab4Data
     00009594  G$TMR3$0$0                         lab4Data
     00009594  _TMR3                              lab4Data
     0000BFBE  G$ADC0$0$0                         lab4Data
     0000BFBE  _ADC0                              lab4Data
     0000C5C4  G$ADC0GT$0$0                       lab4Data
     0000C5C4  _ADC0GT                            lab4Data
     0000C7C6  G$ADC0LT$0$0                       lab4Data
     0000C7C6  _ADC0LT                            lab4Data
     0000CBCA  G$RCAP2$0$0                        lab4Data
     0000CBCA  _RCAP2                             lab4Data
     0000CDCC  G$TMR2$0$0                         lab4Data
     0000CDCC  _TMR2                              lab4Data
     0000D3D2  G$DAC0$0$0                         lab4Data
     0000D3D2  _DAC0                              lab4Data
     0000D6D5  G$DAC1$0$0                         lab4Data
     0000D6D5  _DAC1                              lab4Data
ASxxxx Linker V03.00 + NoICE + sdld,  page 14.
Hexadecimal  [32-Bits]

Area                                    Addr        Size        Decimal Bytes (Attributes)
--------------------------------        ----        ----        ------- ----- ------------
.  .ABS.                            00000000    00000000 =           0. bytes (ABS,CON)

      Value  Global                              Global Defined In Module
      -----  --------------------------------   ------------------------
     0000E5E4  G$RCAP4$0$0                        lab4Data
     0000E5E4  _RCAP4                             lab4Data
     0000F5F4  G$TMR4$0$0                         lab4Data
     0000F5F4  _TMR4                              lab4Data
     0000F9E9  G$PCA0$0$0                         lab4Data
     0000F9E9  _PCA0                              lab4Data
     0000FAEA  G$PCA0CP0$0$0                      lab4Data
     0000FAEA  _PCA0CP0                           lab4Data
     0000FBEB  G$PCA0CP1$0$0                      lab4Data
     0000FBEB  _PCA0CP1                           lab4Data
     0000FCEC  G$PCA0CP2$0$0                      lab4Data
     0000FCEC  _PCA0CP2                           lab4Data
     0000FDED  G$PCA0CP3$0$0                      lab4Data
     0000FDED  _PCA0CP3                           lab4Data
     0000FEEE  G$PCA0CP4$0$0                      lab4Data
     0000FEEE  _PCA0CP4                           lab4Data
ASxxxx Linker V03.00 + NoICE + sdld,  page 15.
Hexadecimal  [32-Bits]

Area                                    Addr        Size        Decimal Bytes (Attributes)
--------------------------------        ----        ----        ------- ----- ------------
BSEG_BYTES                          00000020    00000002 =           2. bytes (REL,CON)

      Value  Global                              Global Defined In Module
      -----  --------------------------------   ------------------------
ASxxxx Linker V03.00 + NoICE + sdld,  page 16.
Hexadecimal  [32-Bits]

Area                                    Addr        Size        Decimal Bytes (Attributes)
--------------------------------        ----        ----        ------- ----- ------------
REG_BANK_0                          00000000    00000008 =           8. bytes (REL,OVR)

      Value  Global                              Global Defined In Module
      -----  --------------------------------   ------------------------
ASxxxx Linker V03.00 + NoICE + sdld,  page 17.
Hexadecimal  [32-Bits]

Area                                    Addr        Size        Decimal Bytes (Attributes)
--------------------------------        ----        ----        ------- ----- ------------
DSEG                                00000000    0000007D =         125. bytes (REL,CON)

      Value  Global                              Global Defined In Module
      -----  --------------------------------   ------------------------
     00000008  _vsprintf_PARM_2                   sprintf
     0000000B  _vsprintf_PARM_3                   sprintf
     0000000F  _bp                                _bp
     00000010  _vprintf_PARM_2                    vprintf
     00000022  G$Data2$0$0                        lab4Data
     00000022  _Data2                             lab4Data
     00000025  Llab4Data.aligned_alloc$size$1$3   lab4Data
     00000025  _aligned_alloc_PARM_2              lab4Data
     00000027  Llab4Data.lcd_clear$NumBytes$1$8   lab4Data
     00000028  Llab4Data.lcd_clear$Cmd$1$85       lab4Data
     0000002A  Llab4Data.read_keypad$Data$1$86    lab4Data
     0000002C  Llab4Data.i2c_write_data$start_r   lab4Data
     0000002C  _i2c_write_data_PARM_2             lab4Data
     0000002D  Llab4Data.i2c_write_data$buffer$   lab4Data
     0000002D  _i2c_write_data_PARM_3             lab4Data
     00000030  Llab4Data.i2c_write_data$num_byt   lab4Data
     00000030  _i2c_write_data_PARM_4             lab4Data
     00000031  Llab4Data.i2c_read_data$start_re   lab4Data
     00000031  _i2c_read_data_PARM_2              lab4Data
     00000032  Llab4Data.i2c_read_data$buffer$1   lab4Data
     00000032  _i2c_read_data_PARM_3              lab4Data
     00000035  Llab4Data.i2c_read_data$num_byte   lab4Data
     00000035  _i2c_read_data_PARM_4              lab4Data
     00000036  G$PCA_start$0$0                    lab4Data
     00000036  _PCA_start                         lab4Data
     00000038  G$ccount$0$0                       lab4Data
     00000038  _ccount                            lab4Data
     00000039  G$rcount$0$0                       lab4Data
     00000039  _rcount                            lab4Data
     0000003A  G$heading$0$0                      lab4Data
     0000003A  _heading                           lab4Data
     0000003C  G$desired$0$0                      lab4Data
     0000003C  _desired                           lab4Data
     0000003E  G$rangervalue$0$0                  lab4Data
     0000003E  _rangervalue                       lab4Data
     00000040  G$print_count$0$0                  lab4Data
     00000040  _print_count                       lab4Data
     00000042  G$input$0$0                        lab4Data
     00000042  _input                             lab4Data
     00000043  G$Data$0$0                         lab4Data
     00000043  _Data                              lab4Data
     00000045  G$adc$0$0                          lab4Data
     00000045  _adc                               lab4Data
     00000046  G$loopcontrol$0$0                  lab4Data
     00000046  _loopcontrol                       lab4Data
     00000047  G$PW_CENTER$0$0                    lab4Data
     00000047  _PW_CENTER                         lab4Data
     00000049  G$PW_RIGHT$0$0                     lab4Data
     00000049  _PW_RIGHT                          lab4Data
     0000004B  G$PW_LEFT$0$0                      lab4Data
ASxxxx Linker V03.00 + NoICE + sdld,  page 18.
Hexadecimal  [32-Bits]

Area                                    Addr        Size        Decimal Bytes (Attributes)
--------------------------------        ----        ----        ------- ----- ------------
DSEG                                00000000    0000007D =         125. bytes (REL,CON)

      Value  Global                              Global Defined In Module
      -----  --------------------------------   ------------------------
     0000004B  _PW_LEFT                           lab4Data
     0000004D  G$SERVO_PW$0$0                     lab4Data
     0000004D  _SERVO_PW                          lab4Data
     0000004F  G$error$0$0                        lab4Data
     0000004F  _error                             lab4Data
     00000051  G$k$0$0                            lab4Data
     00000051  _k                                 lab4Data
     00000055  G$temp$0$0                         lab4Data
     00000055  _temp                              lab4Data
     00000057  G$PW_MIN$0$0                       lab4Data
     00000057  _PW_MIN                            lab4Data
     00000059  G$PW_MAX$0$0                       lab4Data
     00000059  _PW_MAX                            lab4Data
     0000005B  G$PW_NEUT$0$0                      lab4Data
     0000005B  _PW_NEUT                           lab4Data
     0000005D  G$MOTOR_PW$0$0                     lab4Data
     0000005D  _MOTOR_PW                          lab4Data
     0000005F  G$obstacle$0$0                     lab4Data
     0000005F  _obstacle                          lab4Data
     00000060  G$stop$0$0                         lab4Data
     00000060  _stop                              lab4Data
     0000006D  __print_format_PARM_2              printf_large
     00000070  __print_format_PARM_3              printf_large
     00000073  __print_format_PARM_4              printf_large

ASxxxx Linker V03.00 + NoICE + sdld,  page 19.
Hexadecimal  [32-Bits]

Area                                    Addr        Size        Decimal Bytes (Attributes)
--------------------------------        ----        ----        ------- ----- ------------
OSEG                                00000011    00000006 =           6. bytes (REL,OVR)

      Value  Global                              Global Defined In Module
      -----  --------------------------------   ------------------------
     00000011  __gptrput_PARM_2                   _gptrput
     00000011  __mulint_PARM_2                    _mulint

ASxxxx Linker V03.00 + NoICE + sdld,  page 20.
Hexadecimal  [32-Bits]

Area                                    Addr        Size        Decimal Bytes (Attributes)
--------------------------------        ----        ----        ------- ----- ------------
ISEG                                00000017    00000006 =           6. bytes (REL,CON)

      Value  Global                              Global Defined In Module
      -----  --------------------------------   ------------------------
ASxxxx Linker V03.00 + NoICE + sdld,  page 21.
Hexadecimal  [32-Bits]

Area                                    Addr        Size        Decimal Bytes (Attributes)
--------------------------------        ----        ----        ------- ----- ------------
SSEG                                0000007B    00000085 =         133. bytes (REL,OVR)

      Value  Global                              Global Defined In Module
      -----  --------------------------------   ------------------------
     0000007B  __start__stack                     lab4Data

ASxxxx Linker V03.00 + NoICE + sdld,  page 22.
Hexadecimal  [32-Bits]

Area                                    Addr        Size        Decimal Bytes (Attributes)
--------------------------------        ----        ----        ------- ----- ------------
XSEG                                00000001    00000050 =          80. bytes (REL,CON,XDATA)

      Value  Global                              Global Defined In Module
      -----  --------------------------------   ------------------------
D:   00000001  Llab4Data.lcd_print$text$1$81      lab4Data

ASxxxx Linker V03.00 + NoICE + sdld,  page 23.
Hexadecimal  [32-Bits]

Area                                    Addr        Size        Decimal Bytes (Attributes)
--------------------------------        ----        ----        ------- ----- ------------
HOME                                00000000    00000051 =          81. bytes (REL,CON,CODE)

      Value  Global                              Global Defined In Module
      -----  --------------------------------   ------------------------
C:   00000000  A$lab4Data$1125                    lab4Data
C:   00000003  A$lab4Data$1126                    lab4Data
C:   0000000B  A$lab4Data$1128                    lab4Data
C:   00000013  A$lab4Data$1130                    lab4Data
C:   0000001B  A$lab4Data$1132                    lab4Data
C:   00000023  A$lab4Data$1134                    lab4Data
C:   0000002B  A$lab4Data$1136                    lab4Data
C:   00000033  A$lab4Data$1138                    lab4Data
C:   0000003B  A$lab4Data$1140                    lab4Data
C:   00000043  A$lab4Data$1142                    lab4Data
C:   0000004B  A$lab4Data$1144                    lab4Data
C:   0000004E  A$lab4Data$1255                    lab4Data
C:   0000004E  __sdcc_program_startup             lab4Data

ASxxxx Linker V03.00 + NoICE + sdld,  page 24.
Hexadecimal  [32-Bits]

Area                                    Addr        Size        Decimal Bytes (Attributes)
--------------------------------        ----        ----        ------- ----- ------------
GSINIT0                             00000051    00000003 =           3. bytes (REL,CON,CODE)

      Value  Global                              Global Defined In Module
      -----  --------------------------------   ------------------------
C:   00000051  __sdcc_gsinit_startup              

ASxxxx Linker V03.00 + NoICE + sdld,  page 25.
Hexadecimal  [32-Bits]

Area                                    Addr        Size        Decimal Bytes (Attributes)
--------------------------------        ----        ----        ------- ----- ------------
GSINIT2                             00000054    0000000A =          10. bytes (REL,CON,CODE)

      Value  Global                              Global Defined In Module
      -----  --------------------------------   ------------------------
ASxxxx Linker V03.00 + NoICE + sdld,  page 26.
Hexadecimal  [32-Bits]

Area                                    Addr        Size        Decimal Bytes (Attributes)
--------------------------------        ----        ----        ------- ----- ------------
GSINIT3                             0000005E    00000022 =          34. bytes (REL,CON,CODE)

      Value  Global                              Global Defined In Module
      -----  --------------------------------   ------------------------
C:   0000005E  __mcs51_genXINIT                   

ASxxxx Linker V03.00 + NoICE + sdld,  page 27.
Hexadecimal  [32-Bits]

Area                                    Addr        Size        Decimal Bytes (Attributes)
--------------------------------        ----        ----        ------- ----- ------------
GSINIT4                             00000080    0000002A =          42. bytes (REL,CON,CODE)

      Value  Global                              Global Defined In Module
      -----  --------------------------------   ------------------------
C:   00000080  __mcs51_genRAMCLEAR                
C:   00000086  __mcs51_genXRAMCLEAR               

ASxxxx Linker V03.00 + NoICE + sdld,  page 28.
Hexadecimal  [32-Bits]

Area                                    Addr        Size        Decimal Bytes (Attributes)
--------------------------------        ----        ----        ------- ----- ------------
GSINIT                              000000AA    0000006C =         108. bytes (REL,CON,CODE)

      Value  Global                              Global Defined In Module
      -----  --------------------------------   ------------------------
C:   000000AA  A$lab4Data$1160                    lab4Data
C:   000000AA  C$lab4Data.c$29$1$164              lab4Data
C:   000000AD  A$lab4Data$1161                    lab4Data
C:   000000B0  A$lab4Data$1164                    lab4Data
C:   000000B0  C$lab4Data.c$30$1$164              lab4Data
C:   000000B3  A$lab4Data$1167                    lab4Data
C:   000000B3  C$lab4Data.c$31$1$164              lab4Data
C:   000000B6  A$lab4Data$1170                    lab4Data
C:   000000B6  C$lab4Data.c$32$1$164              lab4Data
C:   000000B9  A$lab4Data$1171                    lab4Data
C:   000000BC  A$lab4Data$1174                    lab4Data
C:   000000BC  C$lab4Data.c$33$1$164              lab4Data
C:   000000BF  A$lab4Data$1175                    lab4Data
C:   000000C2  A$lab4Data$1178                    lab4Data
C:   000000C2  C$lab4Data.c$34$1$164              lab4Data
C:   000000C5  A$lab4Data$1179                    lab4Data
C:   000000C8  A$lab4Data$1182                    lab4Data
C:   000000C8  C$lab4Data.c$35$1$164              lab4Data
C:   000000C9  A$lab4Data$1183                    lab4Data
C:   000000CB  A$lab4Data$1184                    lab4Data
C:   000000CD  A$lab4Data$1188                    lab4Data
C:   000000CD  C$lab4Data.c$38$1$164              lab4Data
C:   000000CF  A$lab4Data$1192                    lab4Data
C:   000000CF  C$lab4Data.c$39$1$164              lab4Data
C:   000000D1  A$lab4Data$1195                    lab4Data
C:   000000D1  C$lab4Data.c$42$1$164              lab4Data
C:   000000D4  A$lab4Data$1196                    lab4Data
C:   000000D7  A$lab4Data$1199                    lab4Data
C:   000000D7  C$lab4Data.c$43$1$164              lab4Data
C:   000000DA  A$lab4Data$1200                    lab4Data
C:   000000DD  A$lab4Data$1203                    lab4Data
C:   000000DD  C$lab4Data.c$44$1$164              lab4Data
C:   000000E0  A$lab4Data$1204                    lab4Data
C:   000000E3  A$lab4Data$1207                    lab4Data
C:   000000E3  C$lab4Data.c$45$1$164              lab4Data
C:   000000E6  A$lab4Data$1208                    lab4Data
C:   000000E9  A$lab4Data$1211                    lab4Data
C:   000000E9  C$lab4Data.c$46$1$164              lab4Data
C:   000000EB  A$lab4Data$1212                    lab4Data
C:   000000ED  A$lab4Data$1215                    lab4Data
C:   000000ED  C$lab4Data.c$47$1$164              lab4Data
C:   000000EF  A$lab4Data$1216                    lab4Data
C:   000000F1  A$lab4Data$1217                    lab4Data
C:   000000F3  A$lab4Data$1218                    lab4Data
C:   000000F6  A$lab4Data$1221                    lab4Data
C:   000000F6  C$lab4Data.c$48$1$164              lab4Data
C:   000000F8  A$lab4Data$1222                    lab4Data
C:   000000FA  A$lab4Data$1225                    lab4Data
C:   000000FA  C$lab4Data.c$51$1$164              lab4Data
C:   000000FD  A$lab4Data$1226                    lab4Data
ASxxxx Linker V03.00 + NoICE + sdld,  page 29.
Hexadecimal  [32-Bits]

Area                                    Addr        Size        Decimal Bytes (Attributes)
--------------------------------        ----        ----        ------- ----- ------------
GSINIT                              000000AA    0000006C =         108. bytes (REL,CON,CODE)

      Value  Global                              Global Defined In Module
      -----  --------------------------------   ------------------------
C:   00000100  A$lab4Data$1229                    lab4Data
C:   00000100  C$lab4Data.c$52$1$164              lab4Data
C:   00000103  A$lab4Data$1230                    lab4Data
C:   00000106  A$lab4Data$1233                    lab4Data
C:   00000106  C$lab4Data.c$53$1$164              lab4Data
C:   00000109  A$lab4Data$1234                    lab4Data
C:   0000010C  A$lab4Data$1237                    lab4Data
C:   0000010C  C$lab4Data.c$54$1$164              lab4Data
C:   0000010F  A$lab4Data$1238                    lab4Data
C:   00000112  A$lab4Data$1242                    lab4Data
C:   00000112  C$lab4Data.c$55$1$164              lab4Data
C:   00000114  A$lab4Data$1246                    lab4Data
C:   00000114  C$lab4Data.c$56$1$164              lab4Data
ASxxxx Linker V03.00 + NoICE + sdld,  page 30.
Hexadecimal  [32-Bits]

Area                                    Addr        Size        Decimal Bytes (Attributes)
--------------------------------        ----        ----        ------- ----- ------------
GSFINAL                             00000116    00000003 =           3. bytes (REL,CON,CODE)

      Value  Global                              Global Defined In Module
      -----  --------------------------------   ------------------------
C:   00000116  A$lab4Data$1248                    lab4Data

ASxxxx Linker V03.00 + NoICE + sdld,  page 31.
Hexadecimal  [32-Bits]

Area                                    Addr        Size        Decimal Bytes (Attributes)
--------------------------------        ----        ----        ------- ----- ------------
CSEG                                00000119    00001638 =        5688. bytes (REL,CON,CODE)

      Value  Global                              Global Defined In Module
      -----  --------------------------------   ------------------------
C:   00000119  A$lab4Data$1283                    lab4Data
C:   00000119  C$c8051_SDCC.h$42$0$0              lab4Data
C:   00000119  C$c8051_SDCC.h$46$1$2              lab4Data
C:   00000119  G$SYSCLK_Init$0$0                  lab4Data
C:   00000119  _SYSCLK_Init                       lab4Data
C:   0000011C  A$lab4Data$1286                    lab4Data
C:   0000011C  C$c8051_SDCC.h$49$1$2              lab4Data
C:   0000011E  A$lab4Data$1287                    lab4Data
C:   00000120  A$lab4Data$1289                    lab4Data
C:   00000121  A$lab4Data$1290                    lab4Data
C:   00000123  A$lab4Data$1291                    lab4Data
C:   00000124  A$lab4Data$1292                    lab4Data
C:   00000125  A$lab4Data$1293                    lab4Data
C:   00000127  A$lab4Data$1294                    lab4Data
C:   00000128  A$lab4Data$1295                    lab4Data
C:   0000012A  A$lab4Data$1296                    lab4Data
C:   0000012C  A$lab4Data$1297                    lab4Data
C:   0000012D  A$lab4Data$1298                    lab4Data
C:   0000012E  A$lab4Data$1299                    lab4Data
C:   00000130  A$lab4Data$1303                    lab4Data
C:   00000130  C$c8051_SDCC.h$51$1$2              lab4Data
C:   00000132  A$lab4Data$1304                    lab4Data
C:   00000135  A$lab4Data$1307                    lab4Data
C:   00000135  C$c8051_SDCC.h$53$1$2              lab4Data
C:   00000138  A$lab4Data$1310                    lab4Data
C:   00000138  C$c8051_SDCC.h$56$1$2              lab4Data
C:   00000138  XG$SYSCLK_Init$0$0                 lab4Data
C:   00000139  A$lab4Data$1323                    lab4Data
C:   00000139  C$c8051_SDCC.h$64$1$2              lab4Data
C:   00000139  C$c8051_SDCC.h$66$1$4              lab4Data
C:   00000139  G$UART0_Init$0$0                   lab4Data
C:   00000139  _UART0_Init                        lab4Data
C:   0000013C  A$lab4Data$1326                    lab4Data
C:   0000013C  C$c8051_SDCC.h$67$1$4              lab4Data
C:   0000013F  A$lab4Data$1329                    lab4Data
C:   0000013F  C$c8051_SDCC.h$68$1$4              lab4Data
C:   00000142  A$lab4Data$1332                    lab4Data
C:   00000142  C$c8051_SDCC.h$69$1$4              lab4Data
C:   00000144  A$lab4Data$1335                    lab4Data
C:   00000144  C$c8051_SDCC.h$70$1$4              lab4Data
C:   00000147  A$lab4Data$1338                    lab4Data
C:   00000147  C$c8051_SDCC.h$71$1$4              lab4Data
C:   0000014A  A$lab4Data$1341                    lab4Data
C:   0000014A  C$c8051_SDCC.h$73$1$4              lab4Data
C:   0000014C  A$lab4Data$1344                    lab4Data
C:   0000014C  C$c8051_SDCC.h$74$1$4              lab4Data
C:   0000014F  A$lab4Data$1347                    lab4Data
C:   0000014F  C$c8051_SDCC.h$75$1$4              lab4Data
C:   0000014F  XG$UART0_Init$0$0                  lab4Data
C:   00000150  A$lab4Data$1360                    lab4Data
ASxxxx Linker V03.00 + NoICE + sdld,  page 32.
Hexadecimal  [32-Bits]

Area                                    Addr        Size        Decimal Bytes (Attributes)
--------------------------------        ----        ----        ------- ----- ------------
CSEG                                00000119    00001638 =        5688. bytes (REL,CON,CODE)

      Value  Global                              Global Defined In Module
      -----  --------------------------------   ------------------------
C:   00000150  C$c8051_SDCC.h$83$1$4              lab4Data
C:   00000150  C$c8051_SDCC.h$85$1$6              lab4Data
C:   00000150  G$Sys_Init$0$0                     lab4Data
C:   00000150  _Sys_Init                          lab4Data
C:   00000153  A$lab4Data$1363                    lab4Data
C:   00000153  C$c8051_SDCC.h$86$1$6              lab4Data
C:   00000156  A$lab4Data$1366                    lab4Data
C:   00000156  C$c8051_SDCC.h$88$1$6              lab4Data
C:   00000159  A$lab4Data$1369                    lab4Data
C:   00000159  C$c8051_SDCC.h$89$1$6              lab4Data
C:   0000015C  A$lab4Data$1372                    lab4Data
C:   0000015C  C$c8051_SDCC.h$91$1$6              lab4Data
C:   0000015F  A$lab4Data$1375                    lab4Data
C:   0000015F  C$c8051_SDCC.h$92$1$6              lab4Data
C:   00000162  A$lab4Data$1378                    lab4Data
C:   00000162  C$c8051_SDCC.h$93$1$6              lab4Data
C:   00000162  XG$Sys_Init$0$0                    lab4Data
C:   00000163  A$lab4Data$1391                    lab4Data
C:   00000163  C$c8051_SDCC.h$98$1$6              lab4Data
C:   00000163  G$putchar$0$0                      lab4Data
C:   00000163  _putchar                           lab4Data
C:   00000165  A$lab4Data$1397                    lab4Data
C:   00000165  C$c8051_SDCC.h$100$1$8             lab4Data
C:   00000165  C$c8051_SDCC.h$101$1$8             lab4Data
C:   00000168  A$lab4Data$1398                    lab4Data
C:   0000016A  A$lab4Data$1402                    lab4Data
C:   0000016A  C$c8051_SDCC.h$102$1$8             lab4Data
C:   0000016C  A$lab4Data$1405                    lab4Data
C:   0000016C  C$c8051_SDCC.h$103$1$8             lab4Data
C:   0000016C  XG$putchar$0$0                     lab4Data
C:   0000016D  A$lab4Data$1423                    lab4Data
C:   0000016D  C$c8051_SDCC.h$108$1$8             lab4Data
C:   0000016D  C$c8051_SDCC.h$111$1$10            lab4Data
C:   0000016D  C$c8051_SDCC.h$112$1$10            lab4Data
C:   0000016D  G$getchar$0$0                      lab4Data
C:   0000016D  _getchar                           lab4Data
C:   00000170  A$lab4Data$1424                    lab4Data
C:   00000172  A$lab4Data$1428                    lab4Data
C:   00000172  C$c8051_SDCC.h$113$1$10            lab4Data
C:   00000175  A$lab4Data$1431                    lab4Data
C:   00000175  C$c8051_SDCC.h$114$1$10            lab4Data
C:   00000178  A$lab4Data$1434                    lab4Data
C:   00000178  C$c8051_SDCC.h$115$1$10            lab4Data
C:   0000017B  A$lab4Data$1437                    lab4Data
C:   0000017B  C$c8051_SDCC.h$116$1$10            lab4Data
C:   0000017B  XG$getchar$0$0                     lab4Data
C:   0000017C  A$lab4Data$1452                    lab4Data
C:   0000017C  C$c8051_SDCC.h$121$1$10            lab4Data
C:   0000017C  C$c8051_SDCC.h$124$1$12            lab4Data
C:   0000017C  G$getchar_nw$0$0                   lab4Data
C:   0000017C  _getchar_nw                        lab4Data
ASxxxx Linker V03.00 + NoICE + sdld,  page 33.
Hexadecimal  [32-Bits]

Area                                    Addr        Size        Decimal Bytes (Attributes)
--------------------------------        ----        ----        ------- ----- ------------
CSEG                                00000119    00001638 =        5688. bytes (REL,CON,CODE)

      Value  Global                              Global Defined In Module
      -----  --------------------------------   ------------------------
C:   0000017F  A$lab4Data$1453                    lab4Data
C:   00000182  A$lab4Data$1454                    lab4Data
C:   00000184  A$lab4Data$1458                    lab4Data
C:   00000184  C$c8051_SDCC.h$127$2$13            lab4Data
C:   00000186  A$lab4Data$1461                    lab4Data
C:   00000186  C$c8051_SDCC.h$128$2$13            lab4Data
C:   00000189  A$lab4Data$1464                    lab4Data
C:   00000189  C$c8051_SDCC.h$129$2$13            lab4Data
C:   0000018C  A$lab4Data$1467                    lab4Data
C:   0000018C  C$c8051_SDCC.h$130$2$13            lab4Data
C:   0000018F  A$lab4Data$1471                    lab4Data
C:   0000018F  C$c8051_SDCC.h$132$1$12            lab4Data
C:   0000018F  XG$getchar_nw$0$0                  lab4Data
C:   00000190  A$lab4Data$1488                    lab4Data
C:   00000190  C$i2c.h$84$1$12                    lab4Data
C:   00000190  G$lcd_print$0$0                    lab4Data
C:   00000190  _lcd_print                         lab4Data
C:   00000192  A$lab4Data$1489                    lab4Data
C:   00000195  A$lab4Data$1492                    lab4Data
C:   00000195  C$i2c.h$90$1$81                    lab4Data
C:   00000197  A$lab4Data$1493                    lab4Data
C:   00000199  A$lab4Data$1494                    lab4Data
C:   0000019A  A$lab4Data$1495                    lab4Data
C:   0000019C  A$lab4Data$1496                    lab4Data
C:   0000019D  A$lab4Data$1497                    lab4Data
C:   0000019F  A$lab4Data$1498                    lab4Data
C:   000001A0  A$lab4Data$1499                    lab4Data
C:   000001A2  A$lab4Data$1500                    lab4Data
C:   000001A5  A$lab4Data$1501                    lab4Data
C:   000001A7  A$lab4Data$1502                    lab4Data
C:   000001AA  A$lab4Data$1503                    lab4Data
C:   000001AC  A$lab4Data$1504                    lab4Data
C:   000001AE  A$lab4Data$1505                    lab4Data
C:   000001B0  A$lab4Data$1509                    lab4Data
C:   000001B0  C$i2c.h$92$2$82                    lab4Data
C:   000001B2  A$lab4Data$1510                    lab4Data
C:   000001B4  A$lab4Data$1511                    lab4Data
C:   000001B5  A$lab4Data$1512                    lab4Data
C:   000001B7  A$lab4Data$1515                    lab4Data
C:   000001B7  C$i2c.h$93$1$81                    lab4Data
C:   000001B9  A$lab4Data$1516                    lab4Data
C:   000001BB  A$lab4Data$1517                    lab4Data
C:   000001BC  A$lab4Data$1518                    lab4Data
C:   000001BE  A$lab4Data$1519                    lab4Data
C:   000001BF  A$lab4Data$1520                    lab4Data
C:   000001C1  A$lab4Data$1521                    lab4Data
C:   000001C2  A$lab4Data$1522                    lab4Data
C:   000001C4  A$lab4Data$1523                    lab4Data
C:   000001C7  A$lab4Data$1524                    lab4Data
C:   000001CA  A$lab4Data$1525                    lab4Data
C:   000001CD  A$lab4Data$1528                    lab4Data
ASxxxx Linker V03.00 + NoICE + sdld,  page 34.
Hexadecimal  [32-Bits]

Area                                    Addr        Size        Decimal Bytes (Attributes)
--------------------------------        ----        ----        ------- ----- ------------
CSEG                                00000119    00001638 =        5688. bytes (REL,CON,CODE)

      Value  Global                              Global Defined In Module
      -----  --------------------------------   ------------------------
C:   000001CD  C$i2c.h$96$1$81                    lab4Data
C:   000001D0  A$lab4Data$1529                    lab4Data
C:   000001D3  A$lab4Data$1530                    lab4Data
C:   000001D6  A$lab4Data$1531                    lab4Data
C:   000001D8  A$lab4Data$1534                    lab4Data
C:   000001DA  A$lab4Data$1536                    lab4Data
C:   000001DB  A$lab4Data$1537                    lab4Data
C:   000001DC  A$lab4Data$1538                    lab4Data
C:   000001DD  A$lab4Data$1539                    lab4Data
C:   000001DF  A$lab4Data$1542                    lab4Data
C:   000001DF  C$i2c.h$99$2$84                    lab4Data
C:   000001E0  A$lab4Data$1543                    lab4Data
C:   000001E2  A$lab4Data$1544                    lab4Data
C:   000001E4  A$lab4Data$1545                    lab4Data
C:   000001E5  A$lab4Data$1546                    lab4Data
C:   000001E7  A$lab4Data$1547                    lab4Data
C:   000001E9  A$lab4Data$1548                    lab4Data
C:   000001EA  A$lab4Data$1549                    lab4Data
C:   000001EB  A$lab4Data$1550                    lab4Data
C:   000001EE  A$lab4Data$1551                    lab4Data
C:   000001EF  A$lab4Data$1552                    lab4Data
C:   000001F1  A$lab4Data$1553                    lab4Data
C:   000001F3  A$lab4Data$1554                    lab4Data
C:   000001F4  A$lab4Data$1555                    lab4Data
C:   000001F6  A$lab4Data$1556                    lab4Data
C:   000001F8  A$lab4Data$1557                    lab4Data
C:   000001FA  A$lab4Data$1558                    lab4Data
C:   000001FB  A$lab4Data$1562                    lab4Data
C:   000001FB  C$i2c.h$97$1$81                    lab4Data
C:   000001FC  A$lab4Data$1563                    lab4Data
C:   000001FE  A$lab4Data$1567                    lab4Data
C:   000001FE  C$i2c.h$102$1$81                   lab4Data
C:   00000201  A$lab4Data$1568                    lab4Data
C:   00000204  A$lab4Data$1569                    lab4Data
C:   00000207  A$lab4Data$1570                    lab4Data
C:   0000020A  A$lab4Data$1571                    lab4Data
C:   0000020C  A$lab4Data$1572                    lab4Data
C:   0000020F  A$lab4Data$1573                    lab4Data
C:   00000212  A$lab4Data$1575                    lab4Data
C:   00000214  A$lab4Data$1578                    lab4Data
C:   00000214  C$i2c.h$103$1$81                   lab4Data
C:   00000214  XG$lcd_print$0$0                   lab4Data
C:   00000215  A$lab4Data$1594                    lab4Data
C:   00000215  C$i2c.h$106$1$81                   lab4Data
C:   00000215  C$i2c.h$108$1$81                   lab4Data
C:   00000215  G$lcd_clear$0$0                    lab4Data
C:   00000215  _lcd_clear                         lab4Data
C:   00000218  A$lab4Data$1598                    lab4Data
C:   00000218  C$i2c.h$110$1$85                   lab4Data
C:   0000021A  A$lab4Data$1599                    lab4Data
C:   0000021C  A$lab4Data$1600                    lab4Data
ASxxxx Linker V03.00 + NoICE + sdld,  page 35.
Hexadecimal  [32-Bits]

Area                                    Addr        Size        Decimal Bytes (Attributes)
--------------------------------        ----        ----        ------- ----- ------------
CSEG                                00000119    00001638 =        5688. bytes (REL,CON,CODE)

      Value  Global                              Global Defined In Module
      -----  --------------------------------   ------------------------
C:   0000021E  A$lab4Data$1601                    lab4Data
C:   00000221  A$lab4Data$1602                    lab4Data
C:   00000224  A$lab4Data$1603                    lab4Data
C:   00000227  A$lab4Data$1604                    lab4Data
C:   0000022A  A$lab4Data$1605                    lab4Data
C:   0000022D  A$lab4Data$1606                    lab4Data
C:   00000230  A$lab4Data$1607                    lab4Data
C:   00000233  A$lab4Data$1608                    lab4Data
C:   00000235  A$lab4Data$1612                    lab4Data
C:   00000235  C$i2c.h$112$1$85                   lab4Data
C:   00000238  A$lab4Data$1615                    lab4Data
C:   00000238  C$i2c.h$113$1$85                   lab4Data
C:   0000023B  A$lab4Data$1616                    lab4Data
C:   0000023E  A$lab4Data$1617                    lab4Data
C:   00000241  A$lab4Data$1618                    lab4Data
C:   00000244  A$lab4Data$1619                    lab4Data
C:   00000247  A$lab4Data$1620                    lab4Data
C:   0000024A  A$lab4Data$1621                    lab4Data
C:   0000024D  A$lab4Data$1624                    lab4Data
C:   0000024D  C$i2c.h$114$1$85                   lab4Data
C:   0000024D  XG$lcd_clear$0$0                   lab4Data
C:   0000024E  A$lab4Data$1640                    lab4Data
C:   0000024E  C$i2c.h$117$1$85                   lab4Data
C:   0000024E  C$i2c.h$121$1$86                   lab4Data
C:   0000024E  G$read_keypad$0$0                  lab4Data
C:   0000024E  _read_keypad                       lab4Data
C:   00000251  A$lab4Data$1641                    lab4Data
C:   00000254  A$lab4Data$1642                    lab4Data
C:   00000257  A$lab4Data$1643                    lab4Data
C:   0000025A  A$lab4Data$1644                    lab4Data
C:   0000025D  A$lab4Data$1645                    lab4Data
C:   00000260  A$lab4Data$1646                    lab4Data
C:   00000263  A$lab4Data$1649                    lab4Data
C:   00000263  C$i2c.h$122$1$86                   lab4Data
C:   00000265  A$lab4Data$1650                    lab4Data
C:   00000268  A$lab4Data$1651                    lab4Data
C:   0000026B  A$lab4Data$1652                    lab4Data
C:   0000026D  A$lab4Data$1656                    lab4Data
C:   0000026F  A$lab4Data$1657                    lab4Data
C:   00000271  A$lab4Data$1661                    lab4Data
C:   00000271  C$i2c.h$126$2$87                   lab4Data
C:   00000273  A$lab4Data$1662                    lab4Data
C:   00000275  A$lab4Data$1663                    lab4Data
C:   00000277  A$lab4Data$1664                    lab4Data
C:   00000279  A$lab4Data$1665                    lab4Data
C:   0000027B  A$lab4Data$1667                    lab4Data
C:   0000027C  A$lab4Data$1668                    lab4Data
C:   0000027D  A$lab4Data$1669                    lab4Data
C:   0000027E  A$lab4Data$1670                    lab4Data
C:   0000027F  A$lab4Data$1671                    lab4Data
C:   00000280  A$lab4Data$1672                    lab4Data
ASxxxx Linker V03.00 + NoICE + sdld,  page 36.
Hexadecimal  [32-Bits]

Area                                    Addr        Size        Decimal Bytes (Attributes)
--------------------------------        ----        ----        ------- ----- ------------
CSEG                                00000119    00001638 =        5688. bytes (REL,CON,CODE)

      Value  Global                              Global Defined In Module
      -----  --------------------------------   ------------------------
C:   00000281  A$lab4Data$1674                    lab4Data
C:   00000284  A$lab4Data$1675                    lab4Data
C:   00000286  A$lab4Data$1676                    lab4Data
C:   00000288  A$lab4Data$1677                    lab4Data
C:   00000289  A$lab4Data$1678                    lab4Data
C:   0000028B  A$lab4Data$1679                    lab4Data
C:   0000028C  A$lab4Data$1680                    lab4Data
C:   0000028E  A$lab4Data$1681                    lab4Data
C:   0000028F  A$lab4Data$1682                    lab4Data
C:   00000290  A$lab4Data$1683                    lab4Data
C:   00000292  A$lab4Data$1686                    lab4Data
C:   00000292  C$i2c.h$127$2$87                   lab4Data
[...]
C:   00000AA9  A$lab4Data$3435                    lab4Data
C:   00000AAA  A$lab4Data$3436                    lab4Data
C:   00000AAC  A$lab4Data$3437                    lab4Data
C:   00000AAE  A$lab4Data$3438                    lab4Data
C:   00000AB0  A$lab4Data$3439                    lab4Data
C:   00000AB2  A$lab4Data$3440                    lab4Data
C:   00000AB4  A$lab4Data$3443                    lab4Data
C:   00000AB4  C$lab4Data.c$281$1$154             lab4Data
C:   00000AB4  XG$Ranger$0$0                      lab4Data
C:   00000AB5  A$lab4Data$3456                    lab4Data
C:   00000AB5  C$lab4Data.c$283$1$154             lab4Data
C:   00000AB5  C$lab4Data.c$286$1$164             lab4Data
C:   00000AB5  G$Steering_Servo$0$0               lab4Data
C:   00000AB5  _Steering_Servo                    lab4Data
C:   00000AB7  A$lab4Data$3457                    lab4Data
C:   00000AB9  A$lab4Data$3458                    lab4Data
C:   00000ABB  A$lab4Data$3461                    lab4Data
C:   00000ABB  C$lab4Data.c$287$2$165             lab4Data
C:   00000ABD  A$lab4Data$3462                    lab4Data
C:   00000ABE  A$lab4Data$3463                    lab4Data
C:   00000AC1  A$lab4Data$3464                    lab4Data
C:   00000AC3  A$lab4Data$3468                    lab4Data
C:   00000AC3  C$lab4Data.c$288$2$165             lab4Data
C:   00000AC6  A$lab4Data$3471                    lab4Data
C:   00000AC6  C$lab4Data.c$289$2$165             lab4Data
C:   00000AC9  A$lab4Data$3475                    lab4Data
C:   00000AC9  C$lab4Data.c$292$1$164             lab4Data
C:   00000ACB  A$lab4Data$3476                    lab4Data
C:   00000ACC  A$lab4Data$3477                    lab4Data
C:   00000ACE  A$lab4Data$3478                    lab4Data
C:   00000AD0  A$lab4Data$3479                    lab4Data
C:   00000AD2  A$lab4Data$3480                    lab4Data
C:   00000AD4  A$lab4Data$3481                    lab4Data
C:   00000AD6  A$lab4Data$3484                    lab4Data
C:   00000AD6  C$lab4Data.c$293$1$164             lab4Data
C:   00000AD7  A$lab4Data$3485                    lab4Data
C:   00000AD9  A$lab4Data$3486                    lab4Data
ASxxxx Linker V03.00 + NoICE + sdld,  page 62.
Hexadecimal  [32-Bits]

Area                                    Addr        Size        Decimal Bytes (Attributes)
--------------------------------        ----        ----        ------- ----- ------------
CSEG                                00000119    00001638 =        5688. bytes (REL,CON,CODE)

      Value  Global                              Global Defined In Module
      -----  --------------------------------   ------------------------
C:   00000ADB  A$lab4Data$3487                    lab4Data
C:   00000ADD  A$lab4Data$3488                    lab4Data
C:   00000AE0  A$lab4Data$3489                    lab4Data
C:   00000AE3  A$lab4Data$3490                    lab4Data
C:   00000AE5  A$lab4Data$3491                    lab4Data
C:   00000AE7  A$lab4Data$3494                    lab4Data
C:   00000AE7  C$lab4Data.c$294$1$164             lab4Data
C:   00000AE9  A$lab4Data$3495                    lab4Data
C:   00000AEB  A$lab4Data$3496                    lab4Data
C:   00000AED  A$lab4Data$3497                    lab4Data
C:   00000AEF  A$lab4Data$3498                    lab4Data
C:   00000AF1  A$lab4Data$3499                    lab4Data
C:   00000AF3  A$lab4Data$3500                    lab4Data
C:   00000AF5  A$lab4Data$3504                    lab4Data
C:   00000AF5  C$lab4Data.c$295$1$164             lab4Data
C:   00000AF6  A$lab4Data$3505                    lab4Data
C:   00000AF8  A$lab4Data$3506                    lab4Data
C:   00000AFA  A$lab4Data$3507                    lab4Data
C:   00000AFC  A$lab4Data$3508                    lab4Data
C:   00000AFE  A$lab4Data$3509                    lab4Data
C:   00000B00  A$lab4Data$3510                    lab4Data
C:   00000B02  A$lab4Data$3513                    lab4Data
C:   00000B02  C$lab4Data.c$296$1$164             lab4Data
C:   00000B04  A$lab4Data$3514                    lab4Data
C:   00000B06  A$lab4Data$3515                    lab4Data
C:   00000B08  A$lab4Data$3516                    lab4Data
C:   00000B0A  A$lab4Data$3517                    lab4Data
C:   00000B0C  A$lab4Data$3518                    lab4Data
C:   00000B0E  A$lab4Data$3522                    lab4Data
C:   00000B0E  C$lab4Data.c$298$1$164             lab4Data
C:   00000B11  A$lab4Data$3523                    lab4Data
C:   00000B14  A$lab4Data$3524                    lab4Data
C:   00000B17  A$lab4Data$3525                    lab4Data
C:   00000B19  A$lab4Data$3526                    lab4Data
C:   00000B1B  A$lab4Data$3527                    lab4Data
C:   00000B1D  A$lab4Data$3528                    lab4Data
C:   00000B1E  A$lab4Data$3529                    lab4Data
C:   00000B20  A$lab4Data$3530                    lab4Data
C:   00000B22  A$lab4Data$3531                    lab4Data
C:   00000B24  A$lab4Data$3532                    lab4Data
C:   00000B26  A$lab4Data$3533                    lab4Data
C:   00000B28  A$lab4Data$3534                    lab4Data
C:   00000B2A  A$lab4Data$3535                    lab4Data
C:   00000B2C  A$lab4Data$3536                    lab4Data
C:   00000B2D  A$lab4Data$3537                    lab4Data
C:   00000B30  A$lab4Data$3538                    lab4Data
C:   00000B32  A$lab4Data$3539                    lab4Data
C:   00000B34  A$lab4Data$3540                    lab4Data
C:   00000B36  A$lab4Data$3541                    lab4Data
C:   00000B37  A$lab4Data$3542                    lab4Data
C:   00000B39  A$lab4Data$3543                    lab4Data
ASxxxx Linker V03.00 + NoICE + sdld,  page 63.
Hexadecimal  [32-Bits]

Area                                    Addr        Size        Decimal Bytes (Attributes)
--------------------------------        ----        ----        ------- ----- ------------
CSEG                                00000119    00001638 =        5688. bytes (REL,CON,CODE)

      Value  Global                              Global Defined In Module
      -----  --------------------------------   ------------------------
C:   00000B3B  A$lab4Data$3544                    lab4Data
C:   00000B3D  A$lab4Data$3545                    lab4Data
C:   00000B40  A$lab4Data$3546                    lab4Data
C:   00000B43  A$lab4Data$3547                    lab4Data
C:   00000B45  A$lab4Data$3548                    lab4Data
C:   00000B47  A$lab4Data$3549                    lab4Data
C:   00000B49  A$lab4Data$3550                    lab4Data
C:   00000B4B  A$lab4Data$3551                    lab4Data
C:   00000B4E  A$lab4Data$3552                    lab4Data
C:   00000B50  A$lab4Data$3553                    lab4Data
C:   00000B52  A$lab4Data$3554                    lab4Data
C:   00000B54  A$lab4Data$3555                    lab4Data
C:   00000B55  A$lab4Data$3556                    lab4Data
C:   00000B57  A$lab4Data$3557                    lab4Data
C:   00000B59  A$lab4Data$3558                    lab4Data
C:   00000B5B  A$lab4Data$3559                    lab4Data
C:   00000B5D  A$lab4Data$3560                    lab4Data
C:   00000B5F  A$lab4Data$3561                    lab4Data
C:   00000B61  A$lab4Data$3562                    lab4Data
C:   00000B63  A$lab4Data$3563                    lab4Data
C:   00000B65  A$lab4Data$3564                    lab4Data
C:   00000B67  A$lab4Data$3565                    lab4Data
C:   00000B69  A$lab4Data$3566                    lab4Data
C:   00000B6B  A$lab4Data$3567                    lab4Data
C:   00000B6C  A$lab4Data$3568                    lab4Data
C:   00000B6F  A$lab4Data$3569                    lab4Data
C:   00000B71  A$lab4Data$3570                    lab4Data
C:   00000B73  A$lab4Data$3571                    lab4Data
C:   00000B75  A$lab4Data$3572                    lab4Data
C:   00000B76  A$lab4Data$3573                    lab4Data
C:   00000B78  A$lab4Data$3574                    lab4Data
C:   00000B7A  A$lab4Data$3575                    lab4Data
C:   00000B7C  A$lab4Data$3576                    lab4Data
C:   00000B7E  A$lab4Data$3577                    lab4Data
C:   00000B80  A$lab4Data$3578                    lab4Data
C:   00000B82  A$lab4Data$3579                    lab4Data
C:   00000B83  A$lab4Data$3580                    lab4Data
C:   00000B86  A$lab4Data$3581                    lab4Data
C:   00000B89  A$lab4Data$3582                    lab4Data
C:   00000B8C  A$lab4Data$3585                    lab4Data
C:   00000B8C  C$lab4Data.c$299$1$164             lab4Data
C:   00000B8F  A$lab4Data$3586                    lab4Data
C:   00000B91  A$lab4Data$3587                    lab4Data
C:   00000B93  A$lab4Data$3590                    lab4Data
C:   00000B93  C$lab4Data.c$300$2$166             lab4Data
C:   00000B94  A$lab4Data$3591                    lab4Data
C:   00000B96  A$lab4Data$3592                    lab4Data
C:   00000B98  A$lab4Data$3593                    lab4Data
C:   00000B9A  A$lab4Data$3594                    lab4Data
C:   00000B9C  A$lab4Data$3595                    lab4Data
C:   00000B9E  A$lab4Data$3598                    lab4Data
ASxxxx Linker V03.00 + NoICE + sdld,  page 64.
Hexadecimal  [32-Bits]

Area                                    Addr        Size        Decimal Bytes (Attributes)
--------------------------------        ----        ----        ------- ----- ------------
CSEG                                00000119    00001638 =        5688. bytes (REL,CON,CODE)

      Value  Global                              Global Defined In Module
      -----  --------------------------------   ------------------------
C:   00000B9E  C$lab4Data.c$301$2$166             lab4Data
C:   00000BA1  A$lab4Data$3599                    lab4Data
C:   00000BA4  A$lab4Data$3600                    lab4Data
C:   00000BA6  A$lab4Data$3604                    lab4Data
C:   00000BA6  C$lab4Data.c$302$2$166             lab4Data
C:   00000BA7  A$lab4Data$3605                    lab4Data
C:   00000BA9  A$lab4Data$3606                    lab4Data
C:   00000BAB  A$lab4Data$3607                    lab4Data
C:   00000BAD  A$lab4Data$3608                    lab4Data
C:   00000BAF  A$lab4Data$3609                    lab4Data
C:   00000BB1  A$lab4Data$3612                    lab4Data
C:   00000BB1  C$lab4Data.c$303$2$166             lab4Data
C:   00000BB4  A$lab4Data$3613                    lab4Data
C:   00000BB7  A$lab4Data$3614                    lab4Data
C:   00000BB9  A$lab4Data$3618                    lab4Data
C:   00000BB9  C$lab4Data.c$305$2$166             lab4Data
C:   00000BBC  A$lab4Data$3619                    lab4Data
C:   00000BBF  A$lab4Data$3620                    lab4Data
C:   00000BC1  A$lab4Data$3624                    lab4Data
C:   00000BC1  C$lab4Data.c$308$1$164             lab4Data
C:   00000BC4  A$lab4Data$3625                    lab4Data
C:   00000BC7  A$lab4Data$3629                    lab4Data
C:   00000BC7  C$lab4Data.c$310$1$164             lab4Data
C:   00000BC9  A$lab4Data$3630                    lab4Data
C:   00000BCB  A$lab4Data$3631                    lab4Data
C:   00000BCC  A$lab4Data$3632                    lab4Data
C:   00000BCD  A$lab4Data$3633                    lab4Data
C:   00000BCF  A$lab4Data$3636                    lab4Data
C:   00000BCF  C$lab4Data.c$311$1$164             lab4Data
C:   00000BD1  A$lab4Data$3637                    lab4Data
C:   00000BD2  A$lab4Data$3638                    lab4Data
C:   00000BD4  A$lab4Data$3639                    lab4Data
C:   00000BD6  A$lab4Data$3640                    lab4Data
C:   00000BD8  A$lab4Data$3641                    lab4Data
C:   00000BD9  A$lab4Data$3642                    lab4Data
C:   00000BDB  A$lab4Data$3645                    lab4Data
C:   00000BDB  C$lab4Data.c$312$1$164             lab4Data
C:   00000BDB  XG$Steering_Servo$0$0              lab4Data
C:   00000BDC  ___fsmul                           _fsmul
C:   00000C7F  fsgetargs                          _fsget2args
C:   00000CAD  fs_normalize_a                     _fsnormalize
C:   00000CE0  __gptrput                          _gptrput
C:   00000CFB  __mulint                           _mulint
C:   00000CFB  __mulint_dummy                     _mulint
C:   00000D88  _vsprintf                          sprintf
C:   00000DC5  _sprintf                           sprintf
C:   00000E13  ___fsadd                           _fsadd
C:   00000E16  fsadd_direct_entry                 _fsadd
C:   00000E6C  ___fs2sint                         _fs2sint
C:   00000EA0  ___sint2fs                         _sint2fs
C:   00000EAD  ___uint2fs                         _uint2fs
ASxxxx Linker V03.00 + NoICE + sdld,  page 65.
Hexadecimal  [32-Bits]

Area                                    Addr        Size        Decimal Bytes (Attributes)
--------------------------------        ----        ----        ------- ----- ------------
CSEG                                00000119    00001638 =        5688. bytes (REL,CON,CODE)

      Value  Global                              Global Defined In Module
      -----  --------------------------------   ------------------------
C:   00000EB9  ___fs2uint                         _fs2uint
C:   00000EC4  fs_round_and_return                _fsreturnval
C:   00000EDC  fs_zerocheck_return                _fsreturnval
C:   00000EE5  fs_return_zero                     _fsreturnval
C:   00000EED  fs_direct_return                   _fsreturnval
C:   00000EFB  fs_return_inf                      _fsreturnval
C:   00000F08  fs_return_nan                      _fsreturnval
C:   00000F1E  _vprintf                           vprintf
C:   00000F37  _printf                            vprintf
C:   0000100E  __print_format                     printf_large
C:   0000151A  fs_swap_a_b                        _fsswapargs
C:   00001534  _strlen                            _strlen
C:   0000154C  ___fsdiv                           _fsdiv
C:   0000160F  __gptrget                          _gptrget
C:   0000162B  ___uchar2fs                        _uchar2fs
C:   00001636  ___slong2fs                        _slong2fs
C:   0000163F  slong2fs_doit                      _slong2fs
C:   00001663  ___ulong2fs                        _ulong2fs
C:   0000166C  ulong2fs_doit                      _ulong2fs
C:   00001676  fs_rshift_a                        _fsrshift
C:   000016B9  ___fs2slong                        _fs2slong
C:   00001714  __sdcc_external_startup            _startup
C:   00001718  fsgetarg                           _fsget1arg
C:   0000172A  ___fs2ulong                        _fs2ulong
C:   0000172C  fs2ulong_begin                     _fs2ulong
ASxxxx Linker V03.00 + NoICE + sdld,  page 66.
Hexadecimal  [32-Bits]

Area                                    Addr        Size        Decimal Bytes (Attributes)
--------------------------------        ----        ----        ------- ----- ------------
CONST                               00001751    0000026E =         622. bytes (REL,CON,CODE)

      Value  Global                              Global Defined In Module
      -----  --------------------------------   ------------------------
C:   00001751  Flab4Data$__str_0$0$0              lab4Data
C:   00001767  Flab4Data$__str_1$0$0              lab4Data
C:   00001777  Flab4Data$__str_2$0$0              lab4Data
C:   0000177A  Flab4Data$__str_3$0$0              lab4Data
C:   0000178E  Flab4Data$__str_4$0$0              lab4Data
C:   000017C1  Flab4Data$__str_5$0$0              lab4Data
C:   000017FF  Flab4Data$__str_6$0$0              lab4Data
C:   0000182D  Flab4Data$__str_7$0$0              lab4Data
C:   00001864  Flab4Data$__str_8$0$0              lab4Data
C:   0000188D  Flab4Data$__str_9$0$0              lab4Data
C:   000018A5  Flab4Data$__str_10$0$0             lab4Data
C:   000018B9  Flab4Data$__str_11$0$0             lab4Data
C:   000018D6  Flab4Data$__str_12$0$0             lab4Data
C:   00001900  Flab4Data$__str_13$0$0             lab4Data
C:   00001918  Flab4Data$__str_14$0$0             lab4Data
C:   00001956  Flab4Data$__str_15$0$0             lab4Data
C:   00001980  Flab4Data$__str_16$0$0             lab4Data

ASxxxx Linker V03.00 + NoICE + sdld,  page 67.

Files Linked                              [ module(s) ]

C:\SiLabs\LITEC\Lab4\lab4Data.rel         [  ]


Libraries Linked                          [ object file ]

C:\Program Files\SDCC\bin\..\lib\small/libfloat.lib
                                          [ _fsmul.rel ]
C:\Program Files\SDCC\bin\..\lib\small/libfloat.lib
                                          [ _fsget2args.rel ]
C:\Program Files\SDCC\bin\..\lib\small/mcs51.lib
                                          [ crtclear.rel ]
C:\Program Files\SDCC\bin\..\lib\small/libfloat.lib
                                          [ _fsnormalize.rel ]
C:\Program Files\SDCC\bin\..\lib\small/mcs51.lib
                                          [ crtxinit.rel ]
C:\Program Files\SDCC\bin\..\lib\small/libsdcc.lib
                                          [ _gptrput.rel ]
C:\Program Files\SDCC\bin\..\lib\small/libint.lib
                                          [ _mulint.rel ]
C:\Program Files\SDCC\bin\..\lib\small/libsdcc.lib
                                          [ sprintf.rel ]
C:\Program Files\SDCC\bin\..\lib\small/mcs51.lib
                                          [ crtxclear.rel ]
C:\Program Files\SDCC\bin\..\lib\small/libfloat.lib
                                          [ _fsadd.rel ]
C:\Program Files\SDCC\bin\..\lib\small/libfloat.lib
                                          [ _fs2sint.rel ]
C:\Program Files\SDCC\bin\..\lib\small/libfloat.lib
                                          [ _sint2fs.rel ]
C:\Program Files\SDCC\bin\..\lib\small/libfloat.lib
                                          [ _uint2fs.rel ]
C:\Program Files\SDCC\bin\..\lib\small/libfloat.lib
                                          [ _fs2uint.rel ]
C:\Program Files\SDCC\bin\..\lib\small/libfloat.lib
                                          [ _fsreturnval.rel ]
C:\Program Files\SDCC\bin\..\lib\small/libsdcc.lib
                                          [ _bp.rel ]
C:\Program Files\SDCC\bin\..\lib\small/libsdcc.lib
                                          [ vprintf.rel ]
C:\Program Files\SDCC\bin\..\lib\small/libsdcc.lib
                                          [ printf_large.rel ]
C:\Program Files\SDCC\bin\..\lib\small/libfloat.lib
                                          [ _fsswapargs.rel ]
C:\Program Files\SDCC\bin\..\lib\small/libsdcc.lib
                                          [ _strlen.rel ]
C:\Program Files\SDCC\bin\..\lib\small/libfloat.lib
                                          [ _fsdiv.rel ]
C:\Program Files\SDCC\bin\..\lib\small/mcs51.lib
                                          [ crtstart.rel ]
C:\Program Files\SDCC\bin\..\lib\small/libsdcc.lib
                                          [ _gptrget.rel ]
C:\Program Files\SDCC\bin\..\lib\small/libfloat.lib
                                          [ _uchar2fs.rel ]
C:\Program Files\SDCC\bin\..\lib\small/libfloat.lib
                                          [ _slong2fs.rel ]
C:\Program Files\SDCC\bin\..\lib\small/libfloat.lib
                                          [ _ulong2fs.rel ]
C:\Program Files\SDCC\bin\..\lib\small/libfloat.lib
                                          [ _fsrshift.rel ]
C:\Program Files\SDCC\bin\..\lib\small/libfloat.lib
                                          [ _fs2slong.rel ]
C:\Program Files\SDCC\bin\..\lib\small/libsdcc.lib
                                          [ _startup.rel ]
C:\Program Files\SDCC\bin\..\lib\small/libfloat.lib
                                          [ _fsget1arg.rel ]
C:\Program Files\SDCC\bin\..\lib\small/libfloat.lib
                                          [ _fs2ulong.rel ]

ASxxxx Linker V03.00 + NoICE + sdld,  page 68.

User Base Address Definitions

HOME = 0x0000
XSEG = 0x0001
PSEG = 0x0001
ISEG = 0x0000
BSEG = 0x0000

