ASxxxx Linker V03.00 + NoICE + sdld,  page 1.
Hexadecimal  [32-Bits]

Area                                    Addr        Size        Decimal Bytes (Attributes)
--------------------------------        ----        ----        ------- ----- ------------
CABS                                00000000    00000000 =           0. bytes (ABS,CON,CODE)

      Value  Global                              Global Defined In Module
      -----  --------------------------------   ------------------------
C:   00000000  l_BIT_BANK                      
C:   00000000  l_CABS                          
C:   00000000  l_GSINIT1                       
C:   00000000  l_GSINIT5                       
C:   00000000  l_IABS                          
C:   00000000  l_PSEG                          
C:   00000000  l_REG_BANK_1                    
C:   00000000  l_REG_BANK_2                    
C:   00000000  l_REG_BANK_3                    
C:   00000000  l_RSEG                          
C:   00000000  l_RSEG0                         
C:   00000000  l_RSEG1                         
C:   00000000  l_XABS                          
C:   00000000  l_XINIT                         
C:   00000000  l_XISEG                         
C:   00000000  l__CODE                         
C:   00000000  s_BSEG                          
C:   00000000  s_CABS                          
C:   00000000  s_DSEG                          
C:   00000000  s_HOME                          
C:   00000000  s_IABS                          
C:   00000000  s_REG_BANK_0                    
C:   00000000  s_RSEG                          
C:   00000000  s_RSEG0                         
C:   00000000  s_RSEG1                         
C:   00000000  s_XABS                          
C:   00000001  s_PSEG                          
C:   00000001  s_XSEG                          
C:   00000002  l_BSEG_BYTES                    
C:   00000003  l_GSFINAL                       
C:   00000003  l_GSINIT0                       
C:   00000006  l_ISEG                          
C:   00000006  l_OSEG                          
C:   00000008  l_REG_BANK_0                    
C:   00000008  s_REG_BANK_1                    
C:   0000000A  l_BSEG                          
C:   0000000A  l_GSINIT2                       
C:   00000010  s_REG_BANK_2                    
C:   00000011  s_OSEG                          
C:   00000017  s_ISEG                          
C:   00000018  s_BIT_BANK                      
C:   00000018  s_REG_BANK_3                    
C:   00000020  s_BSEG_BYTES                    
C:   00000020  s__CODE                         
C:   00000022  l_GSINIT3                       
C:   0000002A  l_GSINIT4                       
C:   00000044  l_GSINIT                        
C:   00000050  l_XSEG                          
C:   00000051  l_HOME                          
C:   00000051  s_GSINIT0                       
ASxxxx Linker V03.00 + NoICE + sdld,  page 2.
Hexadecimal  [32-Bits]

Area                                    Addr        Size        Decimal Bytes (Attributes)
--------------------------------        ----        ----        ------- ----- ------------
CABS                                00000000    00000000 =           0. bytes (ABS,CON,CODE)

      Value  Global                              Global Defined In Module
      -----  --------------------------------   ------------------------
C:   00000051  s_XISEG                         
C:   00000054  s_GSINIT1                       
C:   00000054  s_GSINIT2                       
C:   0000005E  s_GSINIT3                       
C:   0000007A  s_SSEG                          
C:   0000007D  l_DSEG                          
C:   00000080  s_GSINIT4                       
C:   00000086  l_SSEG                          
C:   000000AA  s_GSINIT                        
C:   000000AA  s_GSINIT5                       
C:   000000EE  s_GSFINAL                       
C:   000000F1  s_CSEG                          
C:   00000100  l_IRAM                          
C:   000001DB  l_CONST                         
C:   000018D4  l_CSEG                          
C:   000019C5  s_CONST                         
C:   00001BA0  s_XINIT                         

ASxxxx Linker V03.00 + NoICE + sdld,  page 3.
Hexadecimal  [32-Bits]

Area                                    Addr        Size        Decimal Bytes (Attributes)
--------------------------------        ----        ----        ------- ----- ------------
.  .ABS.                            00000000    00000000 =           0. bytes (ABS,CON)

      Value  Global                              Global Defined In Module
      -----  --------------------------------   ------------------------
     00000000  .__.ABS.                           _fs2ulong
     00000080  G$P0$0$0                           Lab5
     00000080  G$P0_0$0$0                         Lab5
     00000080  _P0                                Lab5
     00000080  _P0_0                              Lab5
     00000081  G$P0_1$0$0                         Lab5
     00000081  G$SP$0$0                           Lab5
     00000081  _P0_1                              Lab5
     00000081  _SP                                Lab5
     00000082  G$DPL$0$0                          Lab5
     00000082  G$P0_2$0$0                         Lab5
     00000082  _DPL                               Lab5
     00000082  _P0_2                              Lab5
     00000083  G$BUS_SCL$0$0                      Lab5
     00000083  G$DPH$0$0                          Lab5
     00000083  G$P0_3$0$0                         Lab5
     00000083  _BUS_SCL                           Lab5
     00000083  _DPH                               Lab5
     00000083  _P0_3                              Lab5
     00000084  G$P0_4$0$0                         Lab5
     00000084  G$P4$0$0                           Lab5
     00000084  _P0_4                              Lab5
     00000084  _P4                                Lab5
     00000085  G$P0_5$0$0                         Lab5
     00000085  G$P5$0$0                           Lab5
     00000085  _P0_5                              Lab5
     00000085  _P5                                Lab5
     00000086  G$P0_6$0$0                         Lab5
     00000086  G$P6$0$0                           Lab5
     00000086  _P0_6                              Lab5
     00000086  _P6                                Lab5
     00000087  G$P0_7$0$0                         Lab5
     00000087  G$PCON$0$0                         Lab5
     00000087  _P0_7                              Lab5
     00000087  _PCON                              Lab5
     00000088  G$IT0$0$0                          Lab5
     00000088  G$TCON$0$0                         Lab5
     00000088  _IT0                               Lab5
     00000088  _TCON                              Lab5
     00000089  G$IE0$0$0                          Lab5
     00000089  G$TMOD$0$0                         Lab5
     00000089  _IE0                               Lab5
     00000089  _TMOD                              Lab5
     0000008A  G$IT1$0$0                          Lab5
     0000008A  G$TL0$0$0                          Lab5
     0000008A  _IT1                               Lab5
     0000008A  _TL0                               Lab5
     0000008B  G$IE1$0$0                          Lab5
     0000008B  G$TL1$0$0                          Lab5
     0000008B  _IE1                               Lab5
ASxxxx Linker V03.00 + NoICE + sdld,  page 4.
Hexadecimal  [32-Bits]

Area                                    Addr        Size        Decimal Bytes (Attributes)
--------------------------------        ----        ----        ------- ----- ------------
.  .ABS.                            00000000    00000000 =           0. bytes (ABS,CON)

      Value  Global                              Global Defined In Module
      -----  --------------------------------   ------------------------
     0000008B  _TL1                               Lab5
     0000008C  G$TH0$0$0                          Lab5
     0000008C  G$TR0$0$0                          Lab5
     0000008C  _TH0                               Lab5
     0000008C  _TR0                               Lab5
     0000008D  G$TF0$0$0                          Lab5
     0000008D  G$TH1$0$0                          Lab5
     0000008D  _TF0                               Lab5
     0000008D  _TH1                               Lab5
     0000008E  G$CKCON$0$0                        Lab5
     0000008E  G$TR1$0$0                          Lab5
     0000008E  _CKCON                             Lab5
     0000008E  _TR1                               Lab5
     0000008F  G$PSCTL$0$0                        Lab5
     0000008F  G$TF1$0$0                          Lab5
     0000008F  _PSCTL                             Lab5
     0000008F  _TF1                               Lab5
     00000090  G$P1$0$0                           Lab5
     00000090  G$P1_0$0$0                         Lab5
     00000090  _P1                                Lab5
     00000090  _P1_0                              Lab5
     00000091  G$P1_1$0$0                         Lab5
     00000091  G$TMR3CN$0$0                       Lab5
     00000091  _P1_1                              Lab5
     00000091  _TMR3CN                            Lab5
     00000092  G$P1_2$0$0                         Lab5
     00000092  G$TMR3RLL$0$0                      Lab5
     00000092  _P1_2                              Lab5
     00000092  _TMR3RLL                           Lab5
     00000093  G$P1_3$0$0                         Lab5
     00000093  G$TMR3RLH$0$0                      Lab5
     00000093  _P1_3                              Lab5
     00000093  _TMR3RLH                           Lab5
     00000094  G$P1_4$0$0                         Lab5
     00000094  G$TMR3L$0$0                        Lab5
     00000094  _P1_4                              Lab5
     00000094  _TMR3L                             Lab5
     00000095  G$P1_5$0$0                         Lab5
     00000095  G$TMR3H$0$0                        Lab5
     00000095  _P1_5                              Lab5
     00000095  _TMR3H                             Lab5
     00000096  G$P1_6$0$0                         Lab5
     00000096  G$P7$0$0                           Lab5
     00000096  _P1_6                              Lab5
     00000096  _P7                                Lab5
     00000097  G$P1_7$0$0                         Lab5
     00000097  _P1_7                              Lab5
     00000098  G$RI$0$0                           Lab5
     00000098  G$RI0$0$0                          Lab5
     00000098  G$SCON$0$0                         Lab5
     00000098  G$SCON0$0$0                        Lab5
ASxxxx Linker V03.00 + NoICE + sdld,  page 5.
Hexadecimal  [32-Bits]

Area                                    Addr        Size        Decimal Bytes (Attributes)
--------------------------------        ----        ----        ------- ----- ------------
.  .ABS.                            00000000    00000000 =           0. bytes (ABS,CON)

      Value  Global                              Global Defined In Module
      -----  --------------------------------   ------------------------
     00000098  _RI                                Lab5
     00000098  _RI0                               Lab5
     00000098  _SCON                              Lab5
     00000098  _SCON0                             Lab5
     00000099  G$SBUF$0$0                         Lab5
     00000099  G$SBUF0$0$0                        Lab5
     00000099  G$TI$0$0                           Lab5
     00000099  G$TI0$0$0                          Lab5
     00000099  _SBUF                              Lab5
     00000099  _SBUF0                             Lab5
     00000099  _TI                                Lab5
     00000099  _TI0                               Lab5
     0000009A  G$RB8$0$0                          Lab5
     0000009A  G$RB80$0$0                         Lab5
     0000009A  G$SPI0CFG$0$0                      Lab5
     0000009A  _RB8                               Lab5
     0000009A  _RB80                              Lab5
     0000009A  _SPI0CFG                           Lab5
     0000009B  G$SPI0DAT$0$0                      Lab5
     0000009B  G$TB8$0$0                          Lab5
     0000009B  G$TB80$0$0                         Lab5
     0000009B  _SPI0DAT                           Lab5
     0000009B  _TB8                               Lab5
     0000009B  _TB80                              Lab5
     0000009C  G$ADC1$0$0                         Lab5
     0000009C  G$REN$0$0                          Lab5
     0000009C  G$REN0$0$0                         Lab5
     0000009C  _ADC1                              Lab5
     0000009C  _REN                               Lab5
     0000009C  _REN0                              Lab5
     0000009D  G$MCE0$0$0                         Lab5
     0000009D  G$SM2$0$0                          Lab5
     0000009D  G$SM20$0$0                         Lab5
     0000009D  G$SPI0CKR$0$0                      Lab5
     0000009D  _MCE0                              Lab5
     0000009D  _SM2                               Lab5
     0000009D  _SM20                              Lab5
     0000009D  _SPI0CKR                           Lab5
     0000009E  G$CPT0CN$0$0                       Lab5
     0000009E  G$SM1$0$0                          Lab5
     0000009E  G$SM10$0$0                         Lab5
     0000009E  _CPT0CN                            Lab5
     0000009E  _SM1                               Lab5
     0000009E  _SM10                              Lab5
     0000009F  G$CPT1CN$0$0                       Lab5
     0000009F  G$S0MODE$0$0                       Lab5
     0000009F  G$SM0$0$0                          Lab5
     0000009F  G$SM00$0$0                         Lab5
     0000009F  _CPT1CN                            Lab5
     0000009F  _S0MODE                            Lab5
     0000009F  _SM0                               Lab5
ASxxxx Linker V03.00 + NoICE + sdld,  page 6.
Hexadecimal  [32-Bits]

Area                                    Addr        Size        Decimal Bytes (Attributes)
--------------------------------        ----        ----        ------- ----- ------------
.  .ABS.                            00000000    00000000 =           0. bytes (ABS,CON)

      Value  Global                              Global Defined In Module
      -----  --------------------------------   ------------------------
     0000009F  _SM00                              Lab5
     000000A0  G$P2$0$0                           Lab5
     000000A0  G$P2_0$0$0                         Lab5
     000000A0  _P2                                Lab5
     000000A0  _P2_0                              Lab5
     000000A1  G$EMI0TC$0$0                       Lab5
     000000A1  G$P2_1$0$0                         Lab5
     000000A1  _EMI0TC                            Lab5
     000000A1  _P2_1                              Lab5
     000000A2  G$P2_2$0$0                         Lab5
     000000A2  _P2_2                              Lab5
     000000A3  G$EMI0CF$0$0                       Lab5
     000000A3  G$P2_3$0$0                         Lab5
     000000A3  _EMI0CF                            Lab5
     000000A3  _P2_3                              Lab5
     000000A4  G$P0MDOUT$0$0                      Lab5
     000000A4  G$P2_4$0$0                         Lab5
     000000A4  G$PRT0CF$0$0                       Lab5
     000000A4  _P0MDOUT                           Lab5
     000000A4  _P2_4                              Lab5
     000000A4  _PRT0CF                            Lab5
     000000A5  G$P1MDOUT$0$0                      Lab5
     000000A5  G$P2_5$0$0                         Lab5
     000000A5  G$PRT1CF$0$0                       Lab5
     000000A5  _P1MDOUT                           Lab5
     000000A5  _P2_5                              Lab5
     000000A5  _PRT1CF                            Lab5
     000000A6  G$P2MDOUT$0$0                      Lab5
     000000A6  G$P2_6$0$0                         Lab5
     000000A6  G$PRT2CF$0$0                       Lab5
     000000A6  _P2MDOUT                           Lab5
     000000A6  _P2_6                              Lab5
     000000A6  _PRT2CF                            Lab5
     000000A7  G$P2_7$0$0                         Lab5
     000000A7  G$P3MDOUT$0$0                      Lab5
     000000A7  G$PRT3CF$0$0                       Lab5
     000000A7  _P2_7                              Lab5
     000000A7  _P3MDOUT                           Lab5
     000000A7  _PRT3CF                            Lab5
     000000A8  G$EX0$0$0                          Lab5
     000000A8  G$IE$0$0                           Lab5
     000000A8  _EX0                               Lab5
     000000A8  _IE                                Lab5
     000000A9  G$ET0$0$0                          Lab5
     000000A9  G$SADDR0$0$0                       Lab5
     000000A9  _ET0                               Lab5
     000000A9  _SADDR0                            Lab5
     000000AA  G$ADC1CN$0$0                       Lab5
     000000AA  G$EX1$0$0                          Lab5
     000000AA  _ADC1CN                            Lab5
     000000AA  _EX1                               Lab5
ASxxxx Linker V03.00 + NoICE + sdld,  page 7.
Hexadecimal  [32-Bits]

Area                                    Addr        Size        Decimal Bytes (Attributes)
--------------------------------        ----        ----        ------- ----- ------------
.  .ABS.                            00000000    00000000 =           0. bytes (ABS,CON)

      Value  Global                              Global Defined In Module
      -----  --------------------------------   ------------------------
     000000AB  G$ADC1CF$0$0                       Lab5
     000000AB  G$ET1$0$0                          Lab5
     000000AB  _ADC1CF                            Lab5
     000000AB  _ET1                               Lab5
     000000AC  G$AMX1SL$0$0                       Lab5
     000000AC  G$ES$0$0                           Lab5
     000000AC  G$ES0$0$0                          Lab5
     000000AC  _AMX1SL                            Lab5
     000000AC  _ES                                Lab5
     000000AC  _ES0                               Lab5
     000000AD  G$ET2$0$0                          Lab5
     000000AD  G$P3IF$0$0                         Lab5
     000000AD  _ET2                               Lab5
     000000AD  _P3IF                              Lab5
     000000AE  G$SADEN1$0$0                       Lab5
     000000AE  _SADEN1                            Lab5
     000000AF  G$EA$0$0                           Lab5
     000000AF  G$EMI0CN$0$0                       Lab5
     000000AF  G$_XPAGE$0$0                       Lab5
     000000AF  _EA                                Lab5
     000000AF  _EMI0CN                            Lab5
     000000AF  __XPAGE                            Lab5
     000000B0  G$P3$0$0                           Lab5
     000000B0  G$P3_0$0$0                         Lab5
     000000B0  _P3                                Lab5
     000000B0  _P3_0                              Lab5
     000000B1  G$OSCXCN$0$0                       Lab5
     000000B1  G$P3_1$0$0                         Lab5
     000000B1  _OSCXCN                            Lab5
     000000B1  _P3_1                              Lab5
     000000B2  G$OSCICN$0$0                       Lab5
     000000B2  G$P3_2$0$0                         Lab5
     000000B2  _OSCICN                            Lab5
     000000B2  _P3_2                              Lab5
     000000B3  G$P3_3$0$0                         Lab5
     000000B3  G$SS$0$0                           Lab5
     000000B3  _P3_3                              Lab5
     000000B3  _SS                                Lab5
     000000B4  G$BUZZ$0$0                         Lab5
     000000B4  G$P3_4$0$0                         Lab5
     000000B4  _BUZZ                              Lab5
     000000B4  _P3_4                              Lab5
     000000B5  G$P3_5$0$0                         Lab5
     000000B5  G$P74OUT$0$0                       Lab5
     000000B5  _P3_5                              Lab5
     000000B5  _P74OUT                            Lab5
     000000B6  G$FLSCL$0$0                        Lab5
     000000B6  G$P3_6$0$0                         Lab5
     000000B6  _FLSCL                             Lab5
     000000B6  _P3_6                              Lab5
     000000B7  G$FLACL$0$0                        Lab5
ASxxxx Linker V03.00 + NoICE + sdld,  page 8.
Hexadecimal  [32-Bits]

Area                                    Addr        Size        Decimal Bytes (Attributes)
--------------------------------        ----        ----        ------- ----- ------------
.  .ABS.                            00000000    00000000 =           0. bytes (ABS,CON)

      Value  Global                              Global Defined In Module
      -----  --------------------------------   ------------------------
     000000B7  G$P3_7$0$0                         Lab5
     000000B7  _FLACL                             Lab5
     000000B7  _P3_7                              Lab5
     000000B8  G$IP$0$0                           Lab5
     000000B8  G$PX0$0$0                          Lab5
     000000B8  _IP                                Lab5
     000000B8  _PX0                               Lab5
     000000B9  G$PT0$0$0                          Lab5
     000000B9  G$SADEN0$0$0                       Lab5
     000000B9  _PT0                               Lab5
     000000B9  _SADEN0                            Lab5
     000000BA  G$AMX0CF$0$0                       Lab5
     000000BA  G$PX1$0$0                          Lab5
     000000BA  _AMX0CF                            Lab5
     000000BA  _PX1                               Lab5
     000000BB  G$AMX0SL$0$0                       Lab5
     000000BB  G$PT1$0$0                          Lab5
     000000BB  _AMX0SL                            Lab5
     000000BB  _PT1                               Lab5
     000000BC  G$ADC0CF$0$0                       Lab5
     000000BC  G$PS$0$0                           Lab5
     000000BC  G$PS0$0$0                          Lab5
     000000BC  _ADC0CF                            Lab5
     000000BC  _PS                                Lab5
     000000BC  _PS0                               Lab5
     000000BD  G$P1MDIN$0$0                       Lab5
     000000BD  G$PT2$0$0                          Lab5
     000000BD  _P1MDIN                            Lab5
     000000BD  _PT2                               Lab5
     000000BE  G$ADC0L$0$0                        Lab5
     000000BE  _ADC0L                             Lab5
     000000BF  G$ADC0H$0$0                        Lab5
     000000BF  _ADC0H                             Lab5
     000000C0  G$BUS_TOE$0$0                      Lab5
     000000C0  G$SMB0CN$0$0                       Lab5
     000000C0  G$SMBTOE$0$0                       Lab5
     000000C0  _BUS_TOE                           Lab5
     000000C0  _SMB0CN                            Lab5
     000000C0  _SMBTOE                            Lab5
     000000C1  G$BUS_FTE$0$0                      Lab5
     000000C1  G$SMB0STA$0$0                      Lab5
     000000C1  G$SMBFTE$0$0                       Lab5
     000000C1  _BUS_FTE                           Lab5
     000000C1  _SMB0STA                           Lab5
     000000C1  _SMBFTE                            Lab5
     000000C2  G$AA$0$0                           Lab5
     000000C2  G$BUS_AA$0$0                       Lab5
     000000C2  G$SMB0DAT$0$0                      Lab5
     000000C2  _AA                                Lab5
     000000C2  _BUS_AA                            Lab5
     000000C2  _SMB0DAT                           Lab5
ASxxxx Linker V03.00 + NoICE + sdld,  page 9.
Hexadecimal  [32-Bits]

Area                                    Addr        Size        Decimal Bytes (Attributes)
--------------------------------        ----        ----        ------- ----- ------------
.  .ABS.                            00000000    00000000 =           0. bytes (ABS,CON)

      Value  Global                              Global Defined In Module
      -----  --------------------------------   ------------------------
     000000C3  G$BUS_INT$0$0                      Lab5
     000000C3  G$SI$0$0                           Lab5
     000000C3  G$SMB0ADR$0$0                      Lab5
     000000C3  _BUS_INT                           Lab5
     000000C3  _SI                                Lab5
     000000C3  _SMB0ADR                           Lab5
     000000C4  G$ADC0GTL$0$0                      Lab5
     000000C4  G$BUS_STOP$0$0                     Lab5
     000000C4  G$STO$0$0                          Lab5
     000000C4  _ADC0GTL                           Lab5
     000000C4  _BUS_STOP                          Lab5
     000000C4  _STO                               Lab5
     000000C5  G$ADC0GTH$0$0                      Lab5
     000000C5  G$BUS_START$0$0                    Lab5
     000000C5  G$STA$0$0                          Lab5
     000000C5  _ADC0GTH                           Lab5
     000000C5  _BUS_START                         Lab5
     000000C5  _STA                               Lab5
     000000C6  G$ADC0LTL$0$0                      Lab5
     000000C6  G$BUS_EN$0$0                       Lab5
     000000C6  G$ENSMB$0$0                        Lab5
     000000C6  _ADC0LTL                           Lab5
     000000C6  _BUS_EN                            Lab5
     000000C6  _ENSMB                             Lab5
     000000C7  G$ADC0LTH$0$0                      Lab5
     000000C7  G$BUSY$0$0                         Lab5
     000000C7  G$BUS_BUSY$0$0                     Lab5
     000000C7  _ADC0LTH                           Lab5
     000000C7  _BUSY                              Lab5
     000000C7  _BUS_BUSY                          Lab5
     000000C8  G$CPRL2$0$0                        Lab5
     000000C8  G$T2CON$0$0                        Lab5
     000000C8  _CPRL2                             Lab5
     000000C8  _T2CON                             Lab5
     000000C9  G$CT2$0$0                          Lab5
     000000C9  G$T4CON$0$0                        Lab5
     000000C9  _CT2                               Lab5
     000000C9  _T4CON                             Lab5
     000000CA  G$RCAP2L$0$0                       Lab5
     000000CA  G$TR2$0$0                          Lab5
     000000CA  _RCAP2L                            Lab5
     000000CA  _TR2                               Lab5
     000000CB  G$EXEN2$0$0                        Lab5
     000000CB  G$RCAP2H$0$0                       Lab5
     000000CB  _EXEN2                             Lab5
     000000CB  _RCAP2H                            Lab5
     000000CC  G$TCLK$0$0                         Lab5
     000000CC  G$TL2$0$0                          Lab5
     000000CC  _TCLK                              Lab5
     000000CC  _TL2                               Lab5
     000000CD  G$RCLK$0$0                         Lab5
ASxxxx Linker V03.00 + NoICE + sdld,  page 10.
Hexadecimal  [32-Bits]

Area                                    Addr        Size        Decimal Bytes (Attributes)
--------------------------------        ----        ----        ------- ----- ------------
.  .ABS.                            00000000    00000000 =           0. bytes (ABS,CON)

      Value  Global                              Global Defined In Module
      -----  --------------------------------   ------------------------
     000000CD  G$TH2$0$0                          Lab5
     000000CD  _RCLK                              Lab5
     000000CD  _TH2                               Lab5
     000000CE  G$EXF2$0$0                         Lab5
     000000CE  _EXF2                              Lab5
     000000CF  G$SMB0CR$0$0                       Lab5
     000000CF  G$TF2$0$0                          Lab5
     000000CF  _SMB0CR                            Lab5
     000000CF  _TF2                               Lab5
     000000D0  G$P$0$0                            Lab5
     000000D0  G$PSW$0$0                          Lab5
     000000D0  _P                                 Lab5
     000000D0  _PSW                               Lab5
     000000D1  G$F1$0$0                           Lab5
     000000D1  G$REF0CN$0$0                       Lab5
     000000D1  _F1                                Lab5
     000000D1  _REF0CN                            Lab5
     000000D2  G$DAC0L$0$0                        Lab5
     000000D2  G$OV$0$0                           Lab5
     000000D2  _DAC0L                             Lab5
     000000D2  _OV                                Lab5
     000000D3  G$DAC0H$0$0                        Lab5
     000000D3  G$RS0$0$0                          Lab5
     000000D3  _DAC0H                             Lab5
     000000D3  _RS0                               Lab5
     000000D4  G$DAC0CN$0$0                       Lab5
     000000D4  G$RS1$0$0                          Lab5
     000000D4  _DAC0CN                            Lab5
     000000D4  _RS1                               Lab5
     000000D5  G$DAC1L$0$0                        Lab5
     000000D5  G$F0$0$0                           Lab5
     000000D5  _DAC1L                             Lab5
     000000D5  _F0                                Lab5
     000000D6  G$AC$0$0                           Lab5
     000000D6  G$DAC1H$0$0                        Lab5
     000000D6  _AC                                Lab5
     000000D6  _DAC1H                             Lab5
     000000D7  G$CY$0$0                           Lab5
     000000D7  G$DAC1CN$0$0                       Lab5
     000000D7  _CY                                Lab5
     000000D7  _DAC1CN                            Lab5
     000000D8  G$CCF0$0$0                         Lab5
     000000D8  G$PCA0CN$0$0                       Lab5
     000000D8  _CCF0                              Lab5
     000000D8  _PCA0CN                            Lab5
     000000D9  G$CCF1$0$0                         Lab5
     000000D9  G$PCA0MD$0$0                       Lab5
     000000D9  _CCF1                              Lab5
     000000D9  _PCA0MD                            Lab5
     000000DA  G$CCF2$0$0                         Lab5
     000000DA  G$PCA0CPM0$0$0                     Lab5
ASxxxx Linker V03.00 + NoICE + sdld,  page 11.
Hexadecimal  [32-Bits]

Area                                    Addr        Size        Decimal Bytes (Attributes)
--------------------------------        ----        ----        ------- ----- ------------
.  .ABS.                            00000000    00000000 =           0. bytes (ABS,CON)

      Value  Global                              Global Defined In Module
      -----  --------------------------------   ------------------------
     000000DA  _CCF2                              Lab5
     000000DA  _PCA0CPM0                          Lab5
     000000DB  G$CCF3$0$0                         Lab5
     000000DB  G$PCA0CPM1$0$0                     Lab5
     000000DB  _CCF3                              Lab5
     000000DB  _PCA0CPM1                          Lab5
     000000DC  G$CCF4$0$0                         Lab5
     000000DC  G$PCA0CPM2$0$0                     Lab5
     000000DC  _CCF4                              Lab5
     000000DC  _PCA0CPM2                          Lab5
     000000DD  G$PCA0CPM3$0$0                     Lab5
     000000DD  _PCA0CPM3                          Lab5
     000000DE  G$CR$0$0                           Lab5
     000000DE  G$PCA0CPM4$0$0                     Lab5
     000000DE  _CR                                Lab5
     000000DE  _PCA0CPM4                          Lab5
     000000DF  G$CF$0$0                           Lab5
     000000DF  _CF                                Lab5
     000000E0  G$ACC$0$0                          Lab5
     000000E0  _ACC                               Lab5
     000000E1  G$XBR0$0$0                         Lab5
     000000E1  _XBR0                              Lab5
     000000E2  G$XBR1$0$0                         Lab5
     000000E2  _XBR1                              Lab5
     000000E3  G$XBR2$0$0                         Lab5
     000000E3  _XBR2                              Lab5
     000000E4  G$RCAP4L$0$0                       Lab5
     000000E4  _RCAP4L                            Lab5
     000000E5  G$RCAP4H$0$0                       Lab5
     000000E5  _RCAP4H                            Lab5
     000000E6  G$EIE1$0$0                         Lab5
     000000E6  _EIE1                              Lab5
     000000E7  G$EIE2$0$0                         Lab5
     000000E7  _EIE2                              Lab5
     000000E8  G$AD0LJST$0$0                      Lab5
     000000E8  G$ADC0CN$0$0                       Lab5
     000000E8  G$ADLJST$0$0                       Lab5
     000000E8  _AD0LJST                           Lab5
     000000E8  _ADC0CN                            Lab5
     000000E8  _ADLJST                            Lab5
     000000E9  G$AD0WINT$0$0                      Lab5
     000000E9  G$ADWINT$0$0                       Lab5
     000000E9  G$PCA0L$0$0                        Lab5
     000000E9  _AD0WINT                           Lab5
     000000E9  _ADWINT                            Lab5
     000000E9  _PCA0L                             Lab5
     000000EA  G$AD0CM0$0$0                       Lab5
     000000EA  G$ADSTM0$0$0                       Lab5
     000000EA  G$PCA0CPL0$0$0                     Lab5
     000000EA  _AD0CM0                            Lab5
     000000EA  _ADSTM0                            Lab5
ASxxxx Linker V03.00 + NoICE + sdld,  page 12.
Hexadecimal  [32-Bits]

Area                                    Addr        Size        Decimal Bytes (Attributes)
--------------------------------        ----        ----        ------- ----- ------------
.  .ABS.                            00000000    00000000 =           0. bytes (ABS,CON)

      Value  Global                              Global Defined In Module
      -----  --------------------------------   ------------------------
     000000EA  _PCA0CPL0                          Lab5
     000000EB  G$AD0CM1$0$0                       Lab5
     000000EB  G$ADSTM1$0$0                       Lab5
     000000EB  G$PCA0CPL1$0$0                     Lab5
     000000EB  _AD0CM1                            Lab5
     000000EB  _ADSTM1                            Lab5
     000000EB  _PCA0CPL1                          Lab5
     000000EC  G$AD0BUSY$0$0                      Lab5
     000000EC  G$ADBUSY$0$0                       Lab5
     000000EC  G$PCA0CPL2$0$0                     Lab5
     000000EC  _AD0BUSY                           Lab5
     000000EC  _ADBUSY                            Lab5
     000000EC  _PCA0CPL2                          Lab5
     000000ED  G$AD0INT$0$0                       Lab5
     000000ED  G$ADCINT$0$0                       Lab5
     000000ED  G$PCA0CPL3$0$0                     Lab5
     000000ED  _AD0INT                            Lab5
     000000ED  _ADCINT                            Lab5
     000000ED  _PCA0CPL3                          Lab5
     000000EE  G$AD0TM$0$0                        Lab5
     000000EE  G$ADCTM$0$0                        Lab5
     000000EE  G$PCA0CPL4$0$0                     Lab5
     000000EE  _AD0TM                             Lab5
     000000EE  _ADCTM                             Lab5
     000000EE  _PCA0CPL4                          Lab5
     000000EF  G$AD0EN$0$0                        Lab5
     000000EF  G$ADCEN$0$0                        Lab5
     000000EF  G$RSTSRC$0$0                       Lab5
     000000EF  _AD0EN                             Lab5
     000000EF  _ADCEN                             Lab5
     000000EF  _RSTSRC                            Lab5
     000000F0  G$B$0$0                            Lab5
     000000F0  _B                                 Lab5
     000000F1  G$SCON1$0$0                        Lab5
     000000F1  _SCON1                             Lab5
     000000F2  G$SBUF1$0$0                        Lab5
     000000F2  _SBUF1                             Lab5
     000000F3  G$SADDR1$0$0                       Lab5
     000000F3  _SADDR1                            Lab5
     000000F4  G$TL4$0$0                          Lab5
     000000F4  _TL4                               Lab5
     000000F5  G$TH4$0$0                          Lab5
     000000F5  _B_5                               _gptrget
     000000F5  _TH4                               Lab5
     000000F6  G$EIP1$0$0                         Lab5
     000000F6  _B_6                               _gptrget
     000000F6  _EIP1                              Lab5
     000000F7  G$EIP2$0$0                         Lab5
     000000F7  _B_7                               _gptrget
     000000F7  _EIP2                              Lab5
     000000F8  G$SPI0CN$0$0                       Lab5
ASxxxx Linker V03.00 + NoICE + sdld,  page 13.
Hexadecimal  [32-Bits]

Area                                    Addr        Size        Decimal Bytes (Attributes)
--------------------------------        ----        ----        ------- ----- ------------
.  .ABS.                            00000000    00000000 =           0. bytes (ABS,CON)

      Value  Global                              Global Defined In Module
      -----  --------------------------------   ------------------------
     000000F8  G$SPIEN$0$0                        Lab5
     000000F8  _SPI0CN                            Lab5
     000000F8  _SPIEN                             Lab5
     000000F9  G$MSTEN$0$0                        Lab5
     000000F9  G$PCA0H$0$0                        Lab5
     000000F9  _MSTEN                             Lab5
     000000F9  _PCA0H                             Lab5
     000000FA  G$PCA0CPH0$0$0                     Lab5
     000000FA  G$SLVSEL$0$0                       Lab5
     000000FA  _PCA0CPH0                          Lab5
     000000FA  _SLVSEL                            Lab5
     000000FB  G$PCA0CPH1$0$0                     Lab5
     000000FB  G$TXBSY$0$0                        Lab5
     000000FB  _PCA0CPH1                          Lab5
     000000FB  _TXBSY                             Lab5
     000000FC  G$PCA0CPH2$0$0                     Lab5
     000000FC  G$RXOVRN$0$0                       Lab5
     000000FC  _PCA0CPH2                          Lab5
     000000FC  _RXOVRN                            Lab5
     000000FD  G$MODF$0$0                         Lab5
     000000FD  G$PCA0CPH3$0$0                     Lab5
     000000FD  _MODF                              Lab5
     000000FD  _PCA0CPH3                          Lab5
     000000FE  G$PCA0CPH4$0$0                     Lab5
     000000FE  G$WCOL$0$0                         Lab5
     000000FE  _PCA0CPH4                          Lab5
     000000FE  _WCOL                              Lab5
     000000FF  G$SPIF$0$0                         Lab5
     000000FF  G$WDTCN$0$0                        Lab5
     000000FF  _SPIF                              Lab5
     000000FF  _WDTCN                             Lab5
     00008C8A  G$TMR0$0$0                         Lab5
     00008C8A  _TMR0                              Lab5
     00008D8B  G$TMR1$0$0                         Lab5
     00008D8B  _TMR1                              Lab5
     00009392  G$TMR3RL$0$0                       Lab5
     00009392  _TMR3RL                            Lab5
     00009594  G$TMR3$0$0                         Lab5
     00009594  _TMR3                              Lab5
     0000BFBE  G$ADC0$0$0                         Lab5
     0000BFBE  _ADC0                              Lab5
     0000C5C4  G$ADC0GT$0$0                       Lab5
     0000C5C4  _ADC0GT                            Lab5
     0000C7C6  G$ADC0LT$0$0                       Lab5
     0000C7C6  _ADC0LT                            Lab5
     0000CBCA  G$RCAP2$0$0                        Lab5
     0000CBCA  _RCAP2                             Lab5
     0000CDCC  G$TMR2$0$0                         Lab5
     0000CDCC  _TMR2                              Lab5
     0000D3D2  G$DAC0$0$0                         Lab5
     0000D3D2  _DAC0                              Lab5
ASxxxx Linker V03.00 + NoICE + sdld,  page 14.
Hexadecimal  [32-Bits]

Area                                    Addr        Size        Decimal Bytes (Attributes)
--------------------------------        ----        ----        ------- ----- ------------
.  .ABS.                            00000000    00000000 =           0. bytes (ABS,CON)

      Value  Global                              Global Defined In Module
      -----  --------------------------------   ------------------------
     0000D6D5  G$DAC1$0$0                         Lab5
     0000D6D5  _DAC1                              Lab5
     0000E5E4  G$RCAP4$0$0                        Lab5
     0000E5E4  _RCAP4                             Lab5
     0000F5F4  G$TMR4$0$0                         Lab5
     0000F5F4  _TMR4                              Lab5
     0000F9E9  G$PCA0$0$0                         Lab5
     0000F9E9  _PCA0                              Lab5
     0000FAEA  G$PCA0CP0$0$0                      Lab5
     0000FAEA  _PCA0CP0                           Lab5
     0000FBEB  G$PCA0CP1$0$0                      Lab5
     0000FBEB  _PCA0CP1                           Lab5
     0000FCEC  G$PCA0CP2$0$0                      Lab5
     0000FCEC  _PCA0CP2                           Lab5
     0000FDED  G$PCA0CP3$0$0                      Lab5
     0000FDED  _PCA0CP3                           Lab5
     0000FEEE  G$PCA0CP4$0$0                      Lab5
     0000FEEE  _PCA0CP4                           Lab5

ASxxxx Linker V03.00 + NoICE + sdld,  page 15.
Hexadecimal  [32-Bits]

Area                                    Addr        Size        Decimal Bytes (Attributes)
--------------------------------        ----        ----        ------- ----- ------------
BSEG_BYTES                          00000020    00000002 =           2. bytes (REL,CON)

      Value  Global                              Global Defined In Module
      -----  --------------------------------   ------------------------
ASxxxx Linker V03.00 + NoICE + sdld,  page 16.
Hexadecimal  [32-Bits]

Area                                    Addr        Size        Decimal Bytes (Attributes)
--------------------------------        ----        ----        ------- ----- ------------
REG_BANK_0                          00000000    00000008 =           8. bytes (REL,OVR)

      Value  Global                              Global Defined In Module
      -----  --------------------------------   ------------------------
ASxxxx Linker V03.00 + NoICE + sdld,  page 17.
Hexadecimal  [32-Bits]

Area                                    Addr        Size        Decimal Bytes (Attributes)
--------------------------------        ----        ----        ------- ----- ------------
DSEG                                00000000    0000007D =         125. bytes (REL,CON)

      Value  Global                              Global Defined In Module
      -----  --------------------------------   ------------------------
     00000008  _vsprintf_PARM_2                   sprintf
     0000000B  _vsprintf_PARM_3                   sprintf
     0000000F  _bp                                _bp
     00000010  _vprintf_PARM_2                    vprintf
     00000022  G$Data2$0$0                        Lab5
     00000022  _Data2                             Lab5
     00000025  LLab5.aligned_alloc$size$1$39      Lab5
     00000025  _aligned_alloc_PARM_2              Lab5
     00000027  LLab5.lcd_clear$NumBytes$1$85      Lab5
     00000028  LLab5.lcd_clear$Cmd$1$85           Lab5
     0000002A  LLab5.read_keypad$Data$1$86        Lab5
     0000002C  LLab5.i2c_write_data$start_reg$1   Lab5
     0000002C  _i2c_write_data_PARM_2             Lab5
     0000002D  LLab5.i2c_write_data$buffer$1$10   Lab5
     0000002D  _i2c_write_data_PARM_3             Lab5
     00000030  LLab5.i2c_write_data$num_bytes$1   Lab5
     00000030  _i2c_write_data_PARM_4             Lab5
     00000031  LLab5.i2c_read_data$start_reg$1$   Lab5
     00000031  _i2c_read_data_PARM_2              Lab5
     00000032  LLab5.i2c_read_data$buffer$1$107   Lab5
     00000032  _i2c_read_data_PARM_3              Lab5
     00000035  LLab5.i2c_read_data$num_bytes$1$   Lab5
     00000035  _i2c_read_data_PARM_4              Lab5
     00000036  G$acount$0$0                       Lab5
     00000036  _acount                            Lab5
     00000037  G$pcount$0$0                       Lab5
     00000037  _pcount                            Lab5
     00000038  G$bcount$0$0                       Lab5
     00000038  _bcount                            Lab5
     00000039  G$moving$0$0                       Lab5
     00000039  _moving                            Lab5
     0000003A  G$print_count$0$0                  Lab5
     0000003A  _print_count                       Lab5
     0000003C  G$input$0$0                        Lab5
     0000003C  _input                             Lab5
     0000003D  G$Data$0$0                         Lab5
     0000003D  _Data                              Lab5
     00000041  G$adc$0$0                          Lab5
     00000041  _adc                               Lab5
     00000042  G$SERVO_PW$0$0                     Lab5
     00000042  _SERVO_PW                          Lab5
     00000044  G$kx$0$0                           Lab5
     00000044  _kx                                Lab5
     00000045  G$ky$0$0                           Lab5
     00000045  _ky                                Lab5
     00000046  G$maxslope$0$0                     Lab5
     00000046  _maxslope                          Lab5
     00000048  G$gx$0$0                           Lab5
     00000048  _gx                                Lab5
     0000004A  G$gy$0$0                           Lab5
ASxxxx Linker V03.00 + NoICE + sdld,  page 18.
Hexadecimal  [32-Bits]

Area                                    Addr        Size        Decimal Bytes (Attributes)
--------------------------------        ----        ----        ------- ----- ------------
DSEG                                00000000    0000007D =         125. bytes (REL,CON)

      Value  Global                              Global Defined In Module
      -----  --------------------------------   ------------------------
     0000004A  _gy                                Lab5
     0000004C  G$offsetx$0$0                      Lab5
     0000004C  _offsetx                           Lab5
     0000004E  G$offsety$0$0                      Lab5
     0000004E  _offsety                           Lab5
     00000050  G$ksteering$0$0                    Lab5
     00000050  _ksteering                         Lab5
     00000054  G$newReading$0$0                   Lab5
     00000054  _newReading                        Lab5
     00000055  G$buzzOn$0$0                       Lab5
     00000055  _buzzOn                            Lab5
     00000056  G$DRIVE_PW$0$0                     Lab5
     00000056  _DRIVE_PW                          Lab5
     00000058  LLab5.calibrateAccel$avg_gy$1$15   Lab5
     0000005A  LLab5.read_accels$avg_gx$1$156     Lab5
     0000005C  LLab5.read_accels$avg_gy$1$156     Lab5
     0000005E  LLab5.read_accels$sloc0$1$0        Lab5
     0000006C  __print_format_PARM_2              printf_large
     0000006F  __print_format_PARM_3              printf_large
     00000072  __print_format_PARM_4              printf_large

ASxxxx Linker V03.00 + NoICE + sdld,  page 19.
Hexadecimal  [32-Bits]

Area                                    Addr        Size        Decimal Bytes (Attributes)
--------------------------------        ----        ----        ------- ----- ------------
OSEG                                00000011    00000006 =           6. bytes (REL,OVR)

      Value  Global                              Global Defined In Module
      -----  --------------------------------   ------------------------
     00000011  __divsint_PARM_2                   _divuint
     00000011  __divuint_PARM_2                   _divuint
     00000011  __gptrput_PARM_2                   _gptrput
     00000011  __mulint_PARM_2                    _mulint

ASxxxx Linker V03.00 + NoICE + sdld,  page 20.
Hexadecimal  [32-Bits]

Area                                    Addr        Size        Decimal Bytes (Attributes)
--------------------------------        ----        ----        ------- ----- ------------
ISEG                                00000017    00000006 =           6. bytes (REL,CON)

      Value  Global                              Global Defined In Module
      -----  --------------------------------   ------------------------
ASxxxx Linker V03.00 + NoICE + sdld,  page 21.
Hexadecimal  [32-Bits]

Area                                    Addr        Size        Decimal Bytes (Attributes)
--------------------------------        ----        ----        ------- ----- ------------
SSEG                                0000007A    00000086 =         134. bytes (REL,OVR)

      Value  Global                              Global Defined In Module
      -----  --------------------------------   ------------------------
     0000007A  __start__stack                     Lab5

ASxxxx Linker V03.00 + NoICE + sdld,  page 22.
Hexadecimal  [32-Bits]

Area                                    Addr        Size        Decimal Bytes (Attributes)
--------------------------------        ----        ----        ------- ----- ------------
XSEG                                00000001    00000050 =          80. bytes (REL,CON,XDATA)

      Value  Global                              Global Defined In Module
      -----  --------------------------------   ------------------------
D:   00000001  LLab5.lcd_print$text$1$81          Lab5

ASxxxx Linker V03.00 + NoICE + sdld,  page 23.
Hexadecimal  [32-Bits]

Area                                    Addr        Size        Decimal Bytes (Attributes)
--------------------------------        ----        ----        ------- ----- ------------
HOME                                00000000    00000051 =          81. bytes (REL,CON,CODE)

      Value  Global                              Global Defined In Module
      -----  --------------------------------   ------------------------
C:   00000000  A$Lab5$1125                        Lab5
C:   00000003  A$Lab5$1126                        Lab5
C:   0000000B  A$Lab5$1128                        Lab5
C:   00000013  A$Lab5$1130                        Lab5
C:   0000001B  A$Lab5$1132                        Lab5
C:   00000023  A$Lab5$1134                        Lab5
C:   0000002B  A$Lab5$1136                        Lab5
C:   00000033  A$Lab5$1138                        Lab5
C:   0000003B  A$Lab5$1140                        Lab5
C:   00000043  A$Lab5$1142                        Lab5
C:   0000004B  A$Lab5$1144                        Lab5
C:   0000004E  A$Lab5$1237                        Lab5
C:   0000004E  __sdcc_program_startup             Lab5

ASxxxx Linker V03.00 + NoICE + sdld,  page 24.
Hexadecimal  [32-Bits]

Area                                    Addr        Size        Decimal Bytes (Attributes)
--------------------------------        ----        ----        ------- ----- ------------
GSINIT0                             00000051    00000003 =           3. bytes (REL,CON,CODE)

      Value  Global                              Global Defined In Module
      -----  --------------------------------   ------------------------
C:   00000051  __sdcc_gsinit_startup              

ASxxxx Linker V03.00 + NoICE + sdld,  page 25.
Hexadecimal  [32-Bits]

Area                                    Addr        Size        Decimal Bytes (Attributes)
--------------------------------        ----        ----        ------- ----- ------------
GSINIT2                             00000054    0000000A =          10. bytes (REL,CON,CODE)

      Value  Global                              Global Defined In Module
      -----  --------------------------------   ------------------------
ASxxxx Linker V03.00 + NoICE + sdld,  page 26.
Hexadecimal  [32-Bits]

Area                                    Addr        Size        Decimal Bytes (Attributes)
--------------------------------        ----        ----        ------- ----- ------------
GSINIT3                             0000005E    00000022 =          34. bytes (REL,CON,CODE)

      Value  Global                              Global Defined In Module
      -----  --------------------------------   ------------------------
C:   0000005E  __mcs51_genXINIT                   

ASxxxx Linker V03.00 + NoICE + sdld,  page 27.
Hexadecimal  [32-Bits]

Area                                    Addr        Size        Decimal Bytes (Attributes)
--------------------------------        ----        ----        ------- ----- ------------
GSINIT4                             00000080    0000002A =          42. bytes (REL,CON,CODE)

      Value  Global                              Global Defined In Module
      -----  --------------------------------   ------------------------
C:   00000080  __mcs51_genRAMCLEAR                
C:   00000086  __mcs51_genXRAMCLEAR               

ASxxxx Linker V03.00 + NoICE + sdld,  page 28.
Hexadecimal  [32-Bits]

Area                                    Addr        Size        Decimal Bytes (Attributes)
--------------------------------        ----        ----        ------- ----- ------------
GSINIT                              000000AA    00000044 =          68. bytes (REL,CON,CODE)

      Value  Global                              Global Defined In Module
      -----  --------------------------------   ------------------------
C:   000000AA  A$Lab5$1160                        Lab5
C:   000000AA  C$Lab5.c$31$1$164                  Lab5
C:   000000AD  A$Lab5$1163                        Lab5
C:   000000AD  C$Lab5.c$32$1$164                  Lab5
C:   000000B0  A$Lab5$1166                        Lab5
C:   000000B0  C$Lab5.c$33$1$164                  Lab5
C:   000000B3  A$Lab5$1169                        Lab5
C:   000000B3  C$Lab5.c$34$1$164                  Lab5
C:   000000B6  A$Lab5$1172                        Lab5
C:   000000B6  C$Lab5.c$36$1$164                  Lab5
C:   000000B7  A$Lab5$1173                        Lab5
C:   000000B9  A$Lab5$1174                        Lab5
C:   000000BB  A$Lab5$1178                        Lab5
C:   000000BB  C$Lab5.c$39$1$164                  Lab5
C:   000000BD  A$Lab5$1181                        Lab5
C:   000000BD  C$Lab5.c$45$1$164                  Lab5
C:   000000C0  A$Lab5$1182                        Lab5
C:   000000C3  A$Lab5$1186                        Lab5
C:   000000C3  C$Lab5.c$46$1$164                  Lab5
C:   000000C5  A$Lab5$1190                        Lab5
C:   000000C5  C$Lab5.c$47$1$164                  Lab5
C:   000000C7  A$Lab5$1193                        Lab5
C:   000000C7  C$Lab5.c$48$1$164                  Lab5
C:   000000C9  A$Lab5$1194                        Lab5
C:   000000CB  A$Lab5$1197                        Lab5
C:   000000CB  C$Lab5.c$49$1$164                  Lab5
C:   000000CD  A$Lab5$1198                        Lab5
C:   000000CF  A$Lab5$1201                        Lab5
C:   000000CF  C$Lab5.c$50$1$164                  Lab5
C:   000000D1  A$Lab5$1202                        Lab5
C:   000000D3  A$Lab5$1205                        Lab5
C:   000000D3  C$Lab5.c$51$1$164                  Lab5
C:   000000D5  A$Lab5$1206                        Lab5
C:   000000D7  A$Lab5$1209                        Lab5
C:   000000D7  C$Lab5.c$52$1$164                  Lab5
C:   000000D9  A$Lab5$1210                        Lab5
C:   000000DB  A$Lab5$1213                        Lab5
C:   000000DB  C$Lab5.c$53$1$164                  Lab5
C:   000000DD  A$Lab5$1214                        Lab5
C:   000000DF  A$Lab5$1215                        Lab5
C:   000000E1  A$Lab5$1216                        Lab5
C:   000000E4  A$Lab5$1220                        Lab5
C:   000000E4  C$Lab5.c$54$1$164                  Lab5
C:   000000E6  A$Lab5$1224                        Lab5
C:   000000E6  C$Lab5.c$56$1$164                  Lab5
C:   000000E8  A$Lab5$1227                        Lab5
C:   000000E8  C$Lab5.c$62$1$164                  Lab5
C:   000000EB  A$Lab5$1228                        Lab5
ASxxxx Linker V03.00 + NoICE + sdld,  page 29.
Hexadecimal  [32-Bits]

Area                                    Addr        Size        Decimal Bytes (Attributes)
--------------------------------        ----        ----        ------- ----- ------------
GSFINAL                             000000EE    00000003 =           3. bytes (REL,CON,CODE)

      Value  Global                              Global Defined In Module
      -----  --------------------------------   ------------------------
C:   000000EE  A$Lab5$1230                        Lab5

ASxxxx Linker V03.00 + NoICE + sdld,  page 30.
Hexadecimal  [32-Bits]

Area                                    Addr        Size        Decimal Bytes (Attributes)
--------------------------------        ----        ----        ------- ----- ------------
CSEG                                000000F1    000018D4 =        6356. bytes (REL,CON,CODE)

      Value  Global                              Global Defined In Module
      -----  --------------------------------   ------------------------
C:   000000F1  A$Lab5$1265                        Lab5
C:   000000F1  C$c8051_SDCC.h$42$0$0              Lab5
C:   000000F1  C$c8051_SDCC.h$46$1$2              Lab5
C:   000000F1  G$SYSCLK_Init$0$0                  Lab5
C:   000000F1  _SYSCLK_Init                       Lab5
C:   000000F4  A$Lab5$1268                        Lab5
C:   000000F4  C$c8051_SDCC.h$49$1$2              Lab5
C:   000000F6  A$Lab5$1269                        Lab5
C:   000000F8  A$Lab5$1271                        Lab5
C:   000000F9  A$Lab5$1272                        Lab5
C:   000000FB  A$Lab5$1273                        Lab5
C:   000000FC  A$Lab5$1274                        Lab5
C:   000000FD  A$Lab5$1275                        Lab5
C:   000000FF  A$Lab5$1276                        Lab5
C:   00000100  A$Lab5$1277                        Lab5
C:   00000102  A$Lab5$1278                        Lab5
C:   00000104  A$Lab5$1279                        Lab5
C:   00000105  A$Lab5$1280                        Lab5
C:   00000106  A$Lab5$1281                        Lab5
C:   00000108  A$Lab5$1285                        Lab5
C:   00000108  C$c8051_SDCC.h$51$1$2              Lab5
C:   0000010A  A$Lab5$1286                        Lab5
C:   0000010D  A$Lab5$1289                        Lab5
C:   0000010D  C$c8051_SDCC.h$53$1$2              Lab5
C:   00000110  A$Lab5$1292                        Lab5
C:   00000110  C$c8051_SDCC.h$56$1$2              Lab5
C:   00000110  XG$SYSCLK_Init$0$0                 Lab5
C:   00000111  A$Lab5$1305                        Lab5
C:   00000111  C$c8051_SDCC.h$64$1$2              Lab5
C:   00000111  C$c8051_SDCC.h$66$1$4              Lab5
C:   00000111  G$UART0_Init$0$0                   Lab5
C:   00000111  _UART0_Init                        Lab5
C:   00000114  A$Lab5$1308                        Lab5
C:   00000114  C$c8051_SDCC.h$67$1$4              Lab5
C:   00000117  A$Lab5$1311                        Lab5
C:   00000117  C$c8051_SDCC.h$68$1$4              Lab5
C:   0000011A  A$Lab5$1314                        Lab5
C:   0000011A  C$c8051_SDCC.h$69$1$4              Lab5
C:   0000011C  A$Lab5$1317                        Lab5
C:   0000011C  C$c8051_SDCC.h$70$1$4              Lab5
C:   0000011F  A$Lab5$1320                        Lab5
C:   0000011F  C$c8051_SDCC.h$71$1$4              Lab5
C:   00000122  A$Lab5$1323                        Lab5
C:   00000122  C$c8051_SDCC.h$73$1$4              Lab5
C:   00000124  A$Lab5$1326                        Lab5
C:   00000124  C$c8051_SDCC.h$74$1$4              Lab5
C:   00000127  A$Lab5$1329                        Lab5
C:   00000127  C$c8051_SDCC.h$75$1$4              Lab5
C:   00000127  XG$UART0_Init$0$0                  Lab5
C:   00000128  A$Lab5$1342                        Lab5
ASxxxx Linker V03.00 + NoICE + sdld,  page 31.
Hexadecimal  [32-Bits]

Area                                    Addr        Size        Decimal Bytes (Attributes)
--------------------------------        ----        ----        ------- ----- ------------
CSEG                                000000F1    000018D4 =        6356. bytes (REL,CON,CODE)

      Value  Global                              Global Defined In Module
      -----  --------------------------------   ------------------------
C:   00000128  C$c8051_SDCC.h$83$1$4              Lab5
C:   00000128  C$c8051_SDCC.h$85$1$6              Lab5
C:   00000128  G$Sys_Init$0$0                     Lab5
C:   00000128  _Sys_Init                          Lab5
C:   0000012B  A$Lab5$1345                        Lab5
C:   0000012B  C$c8051_SDCC.h$86$1$6              Lab5
C:   0000012E  A$Lab5$1348                        Lab5
C:   0000012E  C$c8051_SDCC.h$88$1$6              Lab5
C:   00000131  A$Lab5$1351                        Lab5
C:   00000131  C$c8051_SDCC.h$89$1$6              Lab5
C:   00000134  A$Lab5$1354                        Lab5
C:   00000134  C$c8051_SDCC.h$91$1$6              Lab5
C:   00000137  A$Lab5$1357                        Lab5
C:   00000137  C$c8051_SDCC.h$92$1$6              Lab5
C:   0000013A  A$Lab5$1360                        Lab5
C:   0000013A  C$c8051_SDCC.h$93$1$6              Lab5
C:   0000013A  XG$Sys_Init$0$0                    Lab5
C:   0000013B  A$Lab5$1373                        Lab5
C:   0000013B  C$c8051_SDCC.h$98$1$6              Lab5
C:   0000013B  G$putchar$0$0                      Lab5
C:   0000013B  _putchar                           Lab5
C:   0000013D  A$Lab5$1379                        Lab5
C:   0000013D  C$c8051_SDCC.h$100$1$8             Lab5
C:   0000013D  C$c8051_SDCC.h$101$1$8             Lab5
C:   00000140  A$Lab5$1380                        Lab5
C:   00000142  A$Lab5$1384                        Lab5
C:   00000142  C$c8051_SDCC.h$102$1$8             Lab5
C:   00000144  A$Lab5$1387                        Lab5
C:   00000144  C$c8051_SDCC.h$103$1$8             Lab5
C:   00000144  XG$putchar$0$0                     Lab5
C:   00000145  A$Lab5$1405                        Lab5
C:   00000145  C$c8051_SDCC.h$108$1$8             Lab5
C:   00000145  C$c8051_SDCC.h$111$1$10            Lab5
C:   00000145  C$c8051_SDCC.h$112$1$10            Lab5
C:   00000145  G$getchar$0$0                      Lab5
C:   00000145  _getchar                           Lab5
C:   00000148  A$Lab5$1406                        Lab5
C:   0000014A  A$Lab5$1410                        Lab5
C:   0000014A  C$c8051_SDCC.h$113$1$10            Lab5
C:   0000014D  A$Lab5$1413                        Lab5
C:   0000014D  C$c8051_SDCC.h$114$1$10            Lab5
C:   00000150  A$Lab5$1416                        Lab5
C:   00000150  C$c8051_SDCC.h$115$1$10            Lab5
C:   00000153  A$Lab5$1419                        Lab5
C:   00000153  C$c8051_SDCC.h$116$1$10            Lab5
C:   00000153  XG$getchar$0$0                     Lab5
C:   00000154  A$Lab5$1434                        Lab5
C:   00000154  C$c8051_SDCC.h$121$1$10            Lab5
C:   00000154  C$c8051_SDCC.h$124$1$12            Lab5
C:   00000154  G$getchar_nw$0$0                   Lab5
C:   00000154  _getchar_nw                        Lab5
ASxxxx Linker V03.00 + NoICE + sdld,  page 32.
Hexadecimal  [32-Bits]

Area                                    Addr        Size        Decimal Bytes (Attributes)
--------------------------------        ----        ----        ------- ----- ------------
CSEG                                000000F1    000018D4 =        6356. bytes (REL,CON,CODE)

      Value  Global                              Global Defined In Module
      -----  --------------------------------   ------------------------
C:   00000157  A$Lab5$1435                        Lab5
C:   0000015A  A$Lab5$1436                        Lab5
C:   0000015C  A$Lab5$1440                        Lab5
C:   0000015C  C$c8051_SDCC.h$127$2$13            Lab5
C:   0000015E  A$Lab5$1443                        Lab5
C:   0000015E  C$c8051_SDCC.h$128$2$13            Lab5
C:   00000161  A$Lab5$1446                        Lab5
C:   00000161  C$c8051_SDCC.h$129$2$13            Lab5
C:   00000164  A$Lab5$1449                        Lab5
C:   00000164  C$c8051_SDCC.h$130$2$13            Lab5
C:   00000167  A$Lab5$1453                        Lab5
C:   00000167  C$c8051_SDCC.h$132$1$12            Lab5
C:   00000167  XG$getchar_nw$0$0                  Lab5
C:   00000168  A$Lab5$1470                        Lab5
C:   00000168  C$i2c.h$84$1$12                    Lab5
C:   00000168  G$lcd_print$0$0                    Lab5
C:   00000168  _lcd_print                         Lab5
C:   0000016A  A$Lab5$1471                        Lab5
C:   0000016D  A$Lab5$1474                        Lab5
C:   0000016D  C$i2c.h$90$1$81                    Lab5
C:   0000016F  A$Lab5$1475                        Lab5
C:   00000171  A$Lab5$1476                        Lab5
C:   00000172  A$Lab5$1477                        Lab5
C:   00000174  A$Lab5$1478                        Lab5
C:   00000175  A$Lab5$1479                        Lab5
C:   00000177  A$Lab5$1480                        Lab5
C:   00000178  A$Lab5$1481                        Lab5
C:   0000017A  A$Lab5$1482                        Lab5
C:   0000017D  A$Lab5$1483                        Lab5
C:   0000017F  A$Lab5$1484                        Lab5
C:   00000182  A$Lab5$1485                        Lab5
C:   00000184  A$Lab5$1486                        Lab5
C:   00000186  A$Lab5$1487                        Lab5
C:   00000188  A$Lab5$1491                        Lab5
C:   00000188  C$i2c.h$92$2$82                    Lab5
C:   0000018A  A$Lab5$1492                        Lab5
C:   0000018C  A$Lab5$1493                        Lab5
C:   0000018D  A$Lab5$1494                        Lab5
C:   0000018F  A$Lab5$1497                        Lab5
C:   0000018F  C$i2c.h$93$1$81                    Lab5
C:   00000191  A$Lab5$1498                        Lab5
C:   00000193  A$Lab5$1499                        Lab5
C:   00000194  A$Lab5$1500                        Lab5
C:   00000196  A$Lab5$1501                        Lab5
C:   00000197  A$Lab5$1502                        Lab5
C:   00000199  A$Lab5$1503                        Lab5
C:   0000019A  A$Lab5$1504                        Lab5
C:   0000019C  A$Lab5$1505                        Lab5
C:   0000019F  A$Lab5$1506                        Lab5
C:   000001A2  A$Lab5$1507                        Lab5
C:   000001A5  A$Lab5$1510                        Lab5
ASxxxx Linker V03.00 + NoICE + sdld,  page 33.
Hexadecimal  [32-Bits]

Area                                    Addr        Size        Decimal Bytes (Attributes)
--------------------------------        ----        ----        ------- ----- ------------
CSEG                                000000F1    000018D4 =        6356. bytes (REL,CON,CODE)

      Value  Global                              Global Defined In Module
      -----  --------------------------------   ------------------------
C:   000001A5  C$i2c.h$96$1$81                    Lab5
C:   000001A8  A$Lab5$1511                        Lab5
C:   000001AB  A$Lab5$1512                        Lab5
C:   000001AE  A$Lab5$1513                        Lab5
C:   000001B0  A$Lab5$1516                        Lab5
C:   000001B2  A$Lab5$1518                        Lab5
C:   000001B3  A$Lab5$1519                        Lab5
C:   000001B4  A$Lab5$1520                        Lab5
C:   000001B5  A$Lab5$1521                        Lab5
C:   000001B7  A$Lab5$1524                        Lab5
C:   000001B7  C$i2c.h$99$2$84                    Lab5
C:   000001B8  A$Lab5$1525                        Lab5
C:   000001BA  A$Lab5$1526                        Lab5
C:   000001BC  A$Lab5$1527                        Lab5
C:   000001BD  A$Lab5$1528                        Lab5
C:   000001BF  A$Lab5$1529                        Lab5
C:   000001C1  A$Lab5$1530                        Lab5
C:   000001C2  A$Lab5$1531                        Lab5
C:   000001C3  A$Lab5$1532                        Lab5
C:   000001C6  A$Lab5$1533                        Lab5
C:   000001C7  A$Lab5$1534                        Lab5
C:   000001C9  A$Lab5$1535                        Lab5
C:   000001CB  A$Lab5$1536                        Lab5
C:   000001CC  A$Lab5$1537                        Lab5
C:   000001CE  A$Lab5$1538                        Lab5
C:   000001D0  A$Lab5$1539                        Lab5
C:   000001D2  A$Lab5$1540                        Lab5
C:   000001D3  A$Lab5$1544                        Lab5
C:   000001D3  C$i2c.h$97$1$81                    Lab5
C:   000001D4  A$Lab5$1545                        Lab5
C:   000001D6  A$Lab5$1549                        Lab5
C:   000001D6  C$i2c.h$102$1$81                   Lab5
C:   000001D9  A$Lab5$1550                        Lab5
C:   000001DC  A$Lab5$1551                        Lab5
C:   000001DF  A$Lab5$1552                        Lab5
C:   000001E2  A$Lab5$1553                        Lab5
C:   000001E4  A$Lab5$1554                        Lab5
C:   000001E7  A$Lab5$1555                        Lab5
C:   000001EA  A$Lab5$1557                        Lab5
C:   000001EC  A$Lab5$1560                        Lab5
C:   000001EC  C$i2c.h$103$1$81                   Lab5
C:   000001EC  XG$lcd_print$0$0                   Lab5
C:   000001ED  A$Lab5$1576                        Lab5
C:   000001ED  C$i2c.h$106$1$81                   Lab5
C:   000001ED  C$i2c.h$108$1$81                   Lab5
C:   000001ED  G$lcd_clear$0$0                    Lab5
C:   000001ED  _lcd_clear                         Lab5
C:   000001F0  A$Lab5$1580                        Lab5
C:   000001F0  C$i2c.h$110$1$85                   Lab5
C:   000001F2  A$Lab5$1581                        Lab5
C:   000001F4  A$Lab5$1582                        Lab5
ASxxxx Linker V03.00 + NoICE + sdld,  page 34.
Hexadecimal  [32-Bits]

Area                                    Addr        Size        Decimal Bytes (Attributes)
--------------------------------        ----        ----        ------- ----- ------------
CSEG                                000000F1    000018D4 =        6356. bytes (REL,CON,CODE)

      Value  Global                              Global Defined In Module
      -----  --------------------------------   ------------------------
C:   000001F6  A$Lab5$1583                        Lab5
C:   000001F9  A$Lab5$1584                        Lab5
C:   000001FC  A$Lab5$1585                        Lab5
C:   000001FF  A$Lab5$1586                        Lab5
C:   00000202  A$Lab5$1587                        Lab5
C:   00000205  A$Lab5$1588                        Lab5
C:   00000208  A$Lab5$1589                        Lab5
C:   0000020B  A$Lab5$1590                        Lab5
C:   0000020D  A$Lab5$1594                        Lab5
C:   0000020D  C$i2c.h$112$1$85                   Lab5
C:   00000210  A$Lab5$1597                        Lab5
C:   00000210  C$i2c.h$113$1$85                   Lab5
C:   00000213  A$Lab5$1598                        Lab5
C:   00000216  A$Lab5$1599                        Lab5
C:   00000219  A$Lab5$1600                        Lab5
C:   0000021C  A$Lab5$1601                        Lab5
C:   0000021F  A$Lab5$1602                        Lab5
C:   00000222  A$Lab5$1603                        Lab5
C:   00000225  A$Lab5$1606                        Lab5
C:   00000225  C$i2c.h$114$1$85                   Lab5
C:   00000225  XG$lcd_clear$0$0                   Lab5
C:   00000226  A$Lab5$1622                        Lab5
C:   00000226  C$i2c.h$117$1$85                   Lab5
C:   00000226  C$i2c.h$121$1$86                   Lab5
C:   00000226  G$read_keypad$0$0                  Lab5
C:   00000226  _read_keypad                       Lab5
C:   00000229  A$Lab5$1623                        Lab5
C:   0000022C  A$Lab5$1624                        Lab5
C:   0000022F  A$Lab5$1625                        Lab5
C:   00000232  A$Lab5$1626                        Lab5
C:   00000235  A$Lab5$1627                        Lab5
C:   00000238  A$Lab5$1628                        Lab5
C:   0000023B  A$Lab5$1631                        Lab5
C:   0000023B  C$i2c.h$122$1$86                   Lab5
C:   0000023D  A$Lab5$1632                        Lab5
C:   00000240  A$Lab5$1633                        Lab5
C:   00000243  A$Lab5$1634                        Lab5
C:   00000245  A$Lab5$1638                        Lab5
C:   00000247  A$Lab5$1639                        Lab5
C:   00000249  A$Lab5$1643                        Lab5
C:   00000249  C$i2c.h$126$2$87                   Lab5
C:   0000024B  A$Lab5$1644                        Lab5
C:   0000024D  A$Lab5$1645                        Lab5
C:   0000024F  A$Lab5$1646                        Lab5
C:   00000251  A$Lab5$1647                        Lab5
C:   00000253  A$Lab5$1649                        Lab5
C:   00000254  A$Lab5$1650                        Lab5
C:   00000255  A$Lab5$1651                        Lab5
C:   00000256  A$Lab5$1652                        Lab5
C:   00000257  A$Lab5$1653                        Lab5
C:   00000258  A$Lab5$1654                        Lab5
ASxxxx Linker V03.00 + NoICE + sdld,  page 35.
Hexadecimal  [32-Bits]

Area                                    Addr        Size        Decimal Bytes (Attributes)
--------------------------------        ----        ----        ------- ----- ------------
CSEG                                000000F1    000018D4 =        6356. bytes (REL,CON,CODE)

      Value  Global                              Global Defined In Module
      -----  --------------------------------   ------------------------
C:   00000259  A$Lab5$1656                        Lab5
C:   0000025C  A$Lab5$1657                        Lab5
C:   0000025E  A$Lab5$1658                        Lab5
C:   00000260  A$Lab5$1659                        Lab5
C:   00000261  A$Lab5$1660                        Lab5
C:   00000263  A$Lab5$1661                        Lab5
C:   00000264  A$Lab5$1662                        Lab5
C:   00000266  A$Lab5$1663                        Lab5
C:   00000267  A$Lab5$1664                        Lab5
C:   00000268  A$Lab5$1665                        Lab5
C:   0000026A  A$Lab5$1668                        Lab5
C:   0000026A  C$i2c.h$127$2$87                   Lab5
C:   0000026C  A$Lab5$1669                        Lab5
C:   0000026D  A$Lab5$1670                        Lab5
C:   0000026F  A$Lab5$1671                        Lab5
C:   00000271  A$Lab5$1675                        Lab5
C:   00000271  C$i2c.h$124$1$86                   Lab5
C:   00000272  A$Lab5$1676                        Lab5
C:   00000274  A$Lab5$1677                        Lab5
C:   00000277  A$Lab5$1679                        Lab5
C:   00000279  A$Lab5$1682                        Lab5
C:   00000279  C$i2c.h$130$1$86                   Lab5
C:   0000027B  A$Lab5$1683                        Lab5
C:   0000027E  A$Lab5$1684                        Lab5
C:   00000281  A$Lab5$1685                        Lab5
C:   00000283  A$Lab5$1689                        Lab5
C:   00000283  C$i2c.h$132$1$86                   Lab5
C:   00000285  A$Lab5$1690                        Lab5
C:   00000288  A$Lab5$1691                        Lab5
C:   0000028B  A$Lab5$1692                        Lab5
C:   0000028D  A$Lab5$1696                        Lab5
C:   0000028D  C$i2c.h$134$1$86                   Lab5
C:   0000028F  A$Lab5$1697                        Lab5
C:   00000292  A$Lab5$1698                        Lab5
C:   00000295  A$Lab5$1699                        Lab5
C:   00000297  A$Lab5$1703                        Lab5
C:   00000297  C$i2c.h$136$1$86                   Lab5
C:   00000299  A$Lab5$1704                        Lab5
C:   0000029C  A$Lab5$1705                        Lab5
C:   0000029F  A$Lab5$1706                        Lab5
C:   000002A1  A$Lab5$1710                        Lab5
C:   000002A1  C$i2c.h$138$1$86                   Lab5
C:   000002A4  A$Lab5$1714                        Lab5
C:   000002A4  C$i2c.h$139$1$86                   Lab5
C:   000002A4  XG$read_keypad$0$0                 Lab5
C:   000002A5  A$Lab5$1730                        Lab5
C:   000002A5  C$i2c.h$151$1$86                   Lab5
C:   000002A5  G$kpd_input$0$0                    Lab5
C:   000002A5  _kpd_input                         Lab5
C:   000002A7  A$Lab5$1735                        Lab5
C:   000002A7  C$i2c.h$156$1$89                   Lab5
ASxxxx Linker V03.00 + NoICE + sdld,  page 36.
Hexadecimal  [32-Bits]

Area                                    Addr        Size        Decimal Bytes (Attributes)
--------------------------------        ----        ----        ------- ----- ------------
CSEG                                000000F1    000018D4 =        6356. bytes (REL,CON,CODE)

      Value  Global                              Global Defined In Module
      -----  --------------------------------   ------------------------
C:   000002A7  C$i2c.h$159$1$89                   Lab5
C:   000002A8  A$Lab5$1736                        Lab5
C:   000002A9  A$Lab5$1737                        Lab5
C:   000002AA  A$Lab5$1738                        Lab5
C:   000002AB  A$Lab5$1739                        Lab5
C:   000002AD  A$Lab5$1740                        Lab5
C:   000002AF  A$Lab5$1741                        Lab5
C:   000002B1  A$Lab5$1742                        Lab5
C:   000002B3  A$Lab5$1743                        Lab5
C:   000002B5  A$Lab5$1744                        Lab5
C:   000002B7  A$Lab5$1745                        Lab5
C:   000002B9  A$Lab5$1746                        Lab5
C:   000002BB  A$Lab5$1747                        Lab5
C:   000002BD  A$Lab5$1748                        Lab5
C:   000002C0  A$Lab5$1749                        Lab5
C:   000002C2  A$Lab5$1750                        Lab5
C:   000002C4  A$Lab5$1751                        Lab5
C:   000002C6  A$Lab5$1752                        Lab5
C:   000002C8  A$Lab5$1753                        Lab5
C:   000002CA  A$Lab5$1757                        Lab5
C:   000002CA  C$i2c.h$161$1$89                   Lab5
C:   000002CC  A$Lab5$1758                        Lab5
C:   000002CE  A$Lab5$1759                        Lab5
C:   000002D0  A$Lab5$1760                        Lab5
C:   000002D2  A$Lab5$1761                        Lab5
C:   000002D3  A$Lab5$1762                        Lab5
C:   000002D5  A$Lab5$1763                        Lab5
C:   000002D7  A$Lab5$1764                        Lab5
C:   000002D9  A$Lab5$1765                        Lab5
C:   000002DA  A$Lab5$1766                        Lab5
C:   000002DC  A$Lab5$1767                        Lab5
C:   000002DE  A$Lab5$1768                        Lab5
C:   000002E0  A$Lab5$1769                        Lab5
C:   000002E1  A$Lab5$1770                        Lab5
C:   000002E3  A$Lab5$1771                        Lab5
C:   000002E5  A$Lab5$1772                        Lab5
C:   000002E7  A$Lab5$1773                        Lab5
C:   000002E8  A$Lab5$1774                        Lab5
C:   000002EA  A$Lab5$1775                        Lab5
C:   000002EC  A$Lab5$1776                        Lab5
C:   000002EE  A$Lab5$1777                        Lab5
C:   000002EF  A$Lab5$1778                        Lab5
C:   000002F1  A$Lab5$1779                        Lab5
C:   000002F3  A$Lab5$1780                        Lab5
C:   000002F5  A$Lab5$1781                        Lab5
C:   000002F7  A$Lab5$1782                        Lab5
C:   000002F9  A$Lab5$1783                        Lab5
[...]
C:   00000C9D  A$Lab5$3786                        Lab5
C:   00000C9F  A$Lab5$3787                        Lab5
C:   00000CA1  A$Lab5$3788                        Lab5
C:   00000CA3  A$Lab5$3789                        Lab5
C:   00000CA5  A$Lab5$3790                        Lab5
C:   00000CA7  A$Lab5$3791                        Lab5
C:   00000CA9  A$Lab5$3792                        Lab5
C:   00000CAC  A$Lab5$3793                        Lab5
C:   00000CAF  A$Lab5$3794                        Lab5
C:   00000CB1  A$Lab5$3795                        Lab5
C:   00000CB4  A$Lab5$3796                        Lab5
C:   00000CB6  A$Lab5$3797                        Lab5
C:   00000CB8  A$Lab5$3798                        Lab5
C:   00000CBA  A$Lab5$3799                        Lab5
C:   00000CBB  A$Lab5$3800                        Lab5
C:   00000CBD  A$Lab5$3801                        Lab5
C:   00000CBF  A$Lab5$3802                        Lab5
C:   00000CC1  A$Lab5$3803                        Lab5
C:   00000CC3  A$Lab5$3804                        Lab5
C:   00000CC5  A$Lab5$3805                        Lab5
C:   00000CC7  A$Lab5$3806                        Lab5
C:   00000CC8  A$Lab5$3807                        Lab5
C:   00000CCB  A$Lab5$3808                        Lab5
C:   00000CCE  A$Lab5$3809                        Lab5
C:   00000CD1  A$Lab5$3812                        Lab5
ASxxxx Linker V03.00 + NoICE + sdld,  page 67.
Hexadecimal  [32-Bits]

Area                                    Addr        Size        Decimal Bytes (Attributes)
--------------------------------        ----        ----        ------- ----- ------------
CSEG                                000000F1    000018D4 =        6356. bytes (REL,CON,CODE)

      Value  Global                              Global Defined In Module
      -----  --------------------------------   ------------------------
C:   00000CD1  C$Lab5.c$337$1$162                 Lab5
C:   00000CD2  A$Lab5$3813                        Lab5
C:   00000CD4  A$Lab5$3814                        Lab5
C:   00000CD6  A$Lab5$3815                        Lab5
C:   00000CD8  A$Lab5$3816                        Lab5
C:   00000CDB  A$Lab5$3817                        Lab5
C:   00000CDE  A$Lab5$3818                        Lab5
C:   00000CE0  A$Lab5$3819                        Lab5
C:   00000CE2  A$Lab5$3822                        Lab5
C:   00000CE2  C$Lab5.c$338$1$162                 Lab5
C:   00000CE5  A$Lab5$3823                        Lab5
C:   00000CE8  A$Lab5$3824                        Lab5
C:   00000CEA  A$Lab5$3828                        Lab5
C:   00000CEA  C$Lab5.c$339$1$162                 Lab5
C:   00000CEB  A$Lab5$3829                        Lab5
C:   00000CED  A$Lab5$3830                        Lab5
C:   00000CEF  A$Lab5$3831                        Lab5
C:   00000CF1  A$Lab5$3832                        Lab5
C:   00000CF3  A$Lab5$3833                        Lab5
C:   00000CF5  A$Lab5$3834                        Lab5
C:   00000CF7  A$Lab5$3837                        Lab5
C:   00000CF7  C$Lab5.c$340$1$162                 Lab5
C:   00000CFA  A$Lab5$3838                        Lab5
C:   00000CFD  A$Lab5$3842                        Lab5
C:   00000CFD  C$Lab5.c$342$1$162                 Lab5
C:   00000CFF  A$Lab5$3843                        Lab5
C:   00000D01  A$Lab5$3844                        Lab5
C:   00000D03  A$Lab5$3845                        Lab5
C:   00000D04  A$Lab5$3846                        Lab5
C:   00000D05  A$Lab5$3847                        Lab5
C:   00000D07  A$Lab5$3848                        Lab5
C:   00000D09  A$Lab5$3849                        Lab5
C:   00000D0A  A$Lab5$3850                        Lab5
C:   00000D0C  A$Lab5$3853                        Lab5
C:   00000D0C  C$Lab5.c$343$1$162                 Lab5
C:   00000D0C  XG$set_servo_PWM$0$0               Lab5
C:   00000D0D  A$Lab5$3866                        Lab5
C:   00000D0D  C$Lab5.c$345$1$162                 Lab5
C:   00000D0D  C$Lab5.c$347$1$164                 Lab5
C:   00000D0D  G$set_drive_PWM$0$0                Lab5
C:   00000D0D  _set_drive_PWM                     Lab5
C:   00000D0F  A$Lab5$3867                        Lab5
C:   00000D10  A$Lab5$3868                        Lab5
C:   00000D12  A$Lab5$3869                        Lab5
C:   00000D14  A$Lab5$3870                        Lab5
C:   00000D16  A$Lab5$3871                        Lab5
C:   00000D18  A$Lab5$3872                        Lab5
C:   00000D1A  A$Lab5$3873                        Lab5
C:   00000D1C  A$Lab5$3874                        Lab5
C:   00000D1E  A$Lab5$3875                        Lab5
C:   00000D20  A$Lab5$3876                        Lab5
ASxxxx Linker V03.00 + NoICE + sdld,  page 68.
Hexadecimal  [32-Bits]

Area                                    Addr        Size        Decimal Bytes (Attributes)
--------------------------------        ----        ----        ------- ----- ------------
CSEG                                000000F1    000018D4 =        6356. bytes (REL,CON,CODE)

      Value  Global                              Global Defined In Module
      -----  --------------------------------   ------------------------
C:   00000D22  A$Lab5$3877                        Lab5
C:   00000D25  A$Lab5$3878                        Lab5
C:   00000D27  A$Lab5$3879                        Lab5
C:   00000D2A  A$Lab5$3880                        Lab5
C:   00000D2C  A$Lab5$3881                        Lab5
C:   00000D2E  A$Lab5$3882                        Lab5
C:   00000D30  A$Lab5$3883                        Lab5
C:   00000D32  A$Lab5$3884                        Lab5
C:   00000D34  A$Lab5$3887                        Lab5
C:   00000D34  C$Lab5.c$348$1$164                 Lab5
C:   00000D36  A$Lab5$3888                        Lab5
C:   00000D37  A$Lab5$3889                        Lab5
C:   00000D39  A$Lab5$3890                        Lab5
C:   00000D3B  A$Lab5$3891                        Lab5
C:   00000D3D  A$Lab5$3892                        Lab5
C:   00000D3F  A$Lab5$3893                        Lab5
C:   00000D41  A$Lab5$3894                        Lab5
C:   00000D44  A$Lab5$3895                        Lab5
C:   00000D47  A$Lab5$3896                        Lab5
C:   00000D4A  A$Lab5$3897                        Lab5
C:   00000D4C  A$Lab5$3898                        Lab5
C:   00000D4E  A$Lab5$3899                        Lab5
C:   00000D50  A$Lab5$3900                        Lab5
C:   00000D52  A$Lab5$3901                        Lab5
C:   00000D55  A$Lab5$3902                        Lab5
C:   00000D57  A$Lab5$3903                        Lab5
C:   00000D59  A$Lab5$3904                        Lab5
C:   00000D5B  A$Lab5$3905                        Lab5
C:   00000D5C  A$Lab5$3906                        Lab5
C:   00000D5D  A$Lab5$3907                        Lab5
C:   00000D5F  A$Lab5$3908                        Lab5
C:   00000D61  A$Lab5$3909                        Lab5
C:   00000D62  A$Lab5$3910                        Lab5
C:   00000D64  A$Lab5$3913                        Lab5
C:   00000D64  C$Lab5.c$350$1$164                 Lab5
C:   00000D65  A$Lab5$3914                        Lab5
C:   00000D67  A$Lab5$3915                        Lab5
C:   00000D69  A$Lab5$3916                        Lab5
C:   00000D6B  A$Lab5$3917                        Lab5
C:   00000D6E  A$Lab5$3918                        Lab5
C:   00000D71  A$Lab5$3919                        Lab5
C:   00000D73  A$Lab5$3920                        Lab5
C:   00000D75  A$Lab5$3923                        Lab5
C:   00000D75  C$Lab5.c$351$1$164                 Lab5
C:   00000D78  A$Lab5$3924                        Lab5
C:   00000D7B  A$Lab5$3928                        Lab5
C:   00000D7B  C$Lab5.c$352$1$164                 Lab5
C:   00000D7C  A$Lab5$3929                        Lab5
C:   00000D7E  A$Lab5$3930                        Lab5
C:   00000D80  A$Lab5$3931                        Lab5
C:   00000D82  A$Lab5$3932                        Lab5
ASxxxx Linker V03.00 + NoICE + sdld,  page 69.
Hexadecimal  [32-Bits]

Area                                    Addr        Size        Decimal Bytes (Attributes)
--------------------------------        ----        ----        ------- ----- ------------
CSEG                                000000F1    000018D4 =        6356. bytes (REL,CON,CODE)

      Value  Global                              Global Defined In Module
      -----  --------------------------------   ------------------------
C:   00000D85  A$Lab5$3933                        Lab5
C:   00000D88  A$Lab5$3934                        Lab5
C:   00000D8A  A$Lab5$3935                        Lab5
C:   00000D8C  A$Lab5$3938                        Lab5
C:   00000D8C  C$Lab5.c$353$1$164                 Lab5
C:   00000D8F  A$Lab5$3939                        Lab5
C:   00000D92  A$Lab5$3940                        Lab5
C:   00000D94  A$Lab5$3944                        Lab5
C:   00000D94  C$Lab5.c$354$1$164                 Lab5
C:   00000D95  A$Lab5$3945                        Lab5
C:   00000D97  A$Lab5$3946                        Lab5
C:   00000D99  A$Lab5$3947                        Lab5
C:   00000D9B  A$Lab5$3948                        Lab5
C:   00000D9D  A$Lab5$3949                        Lab5
C:   00000D9F  A$Lab5$3950                        Lab5
C:   00000DA1  A$Lab5$3953                        Lab5
C:   00000DA1  C$Lab5.c$355$1$164                 Lab5
C:   00000DA4  A$Lab5$3954                        Lab5
C:   00000DA7  A$Lab5$3958                        Lab5
C:   00000DA7  C$Lab5.c$357$1$164                 Lab5
C:   00000DA8  A$Lab5$3959                        Lab5
C:   00000DAA  A$Lab5$3960                        Lab5
C:   00000DAC  A$Lab5$3961                        Lab5
C:   00000DAE  A$Lab5$3962                        Lab5
C:   00000DB0  A$Lab5$3963                        Lab5
C:   00000DB2  A$Lab5$3964                        Lab5
C:   00000DB4  A$Lab5$3967                        Lab5
C:   00000DB4  C$Lab5.c$358$1$164                 Lab5
C:   00000DB7  A$Lab5$3968                        Lab5
C:   00000DB9  A$Lab5$3972                        Lab5
C:   00000DB9  C$Lab5.c$360$1$164                 Lab5
C:   00000DBC  A$Lab5$3976                        Lab5
C:   00000DBC  C$Lab5.c$362$1$164                 Lab5
C:   00000DBF  A$Lab5$3979                        Lab5
C:   00000DBF  C$Lab5.c$363$1$164                 Lab5
C:   00000DC1  A$Lab5$3980                        Lab5
C:   00000DC3  A$Lab5$3981                        Lab5
C:   00000DC5  A$Lab5$3982                        Lab5
C:   00000DC6  A$Lab5$3983                        Lab5
C:   00000DC7  A$Lab5$3984                        Lab5
C:   00000DC9  A$Lab5$3985                        Lab5
C:   00000DCB  A$Lab5$3986                        Lab5
C:   00000DCC  A$Lab5$3987                        Lab5
C:   00000DCE  A$Lab5$3991                        Lab5
C:   00000DCE  C$Lab5.c$364$1$164                 Lab5
C:   00000DD1  A$Lab5$3994                        Lab5
C:   00000DD1  C$Lab5.c$365$2$165                 Lab5
C:   00000DD4  A$Lab5$3997                        Lab5
C:   00000DD4  C$Lab5.c$366$2$165                 Lab5
C:   00000DD7  A$Lab5$3998                        Lab5
C:   00000DDA  A$Lab5$4002                        Lab5
ASxxxx Linker V03.00 + NoICE + sdld,  page 70.
Hexadecimal  [32-Bits]

Area                                    Addr        Size        Decimal Bytes (Attributes)
--------------------------------        ----        ----        ------- ----- ------------
CSEG                                000000F1    000018D4 =        6356. bytes (REL,CON,CODE)

      Value  Global                              Global Defined In Module
      -----  --------------------------------   ------------------------
C:   00000DDA  C$Lab5.c$368$1$164                 Lab5
C:   00000DDA  XG$set_drive_PWM$0$0               Lab5
C:   00000DDB  ___fssub                           _fssub
C:   00000DE6  ___fsmul                           _fsmul
C:   00000E89  fsgetargs                          _fsget2args
C:   00000EB7  fs_normalize_a                     _fsnormalize
C:   00000EEA  __gptrput                          _gptrput
C:   00000F05  _abs                               abs
C:   00000F12  __mulint                           _mulint
C:   00000F12  __mulint_dummy                     _mulint
C:   00000F9F  _vsprintf                          sprintf
C:   00000FDC  _sprintf                           sprintf
C:   0000102A  ___fsadd                           _fsadd
C:   0000102D  fsadd_direct_entry                 _fsadd
C:   00001083  __divuint                          _divuint
C:   000010AC  ___sint2fs                         _sint2fs
C:   000010B9  ___fs2sint                         _fs2sint
C:   000010ED  ___fs2uint                         _fs2uint
C:   000010F8  fs_round_and_return                _fsreturnval
C:   00001110  fs_zerocheck_return                _fsreturnval
C:   00001119  fs_return_zero                     _fsreturnval
C:   00001121  fs_direct_return                   _fsreturnval
C:   0000112F  fs_return_inf                      _fsreturnval
C:   0000113C  fs_return_nan                      _fsreturnval
C:   00001152  _vprintf                           vprintf
C:   0000116B  _printf                            vprintf
C:   00001242  __print_format                     printf_large
C:   0000174E  fs_swap_a_b                        _fsswapargs
C:   00001768  _strlen                            _strlen
C:   00001780  ___fsdiv                           _fsdiv
C:   00001843  __gptrget                          _gptrget
C:   0000185F  ___uchar2fs                        _uchar2fs
C:   0000186A  ___fs2uchar                        _fs2uchar
C:   00001872  ___slong2fs                        _slong2fs
C:   0000187B  slong2fs_doit                      _slong2fs
C:   0000189F  ___ulong2fs                        _ulong2fs
C:   000018A8  ulong2fs_doit                      _ulong2fs
C:   000018B2  __divsint                          _divsint
C:   000018EA  fs_rshift_a                        _fsrshift
C:   0000192D  ___fs2slong                        _fs2slong
C:   00001988  __sdcc_external_startup            _startup
C:   0000198C  fsgetarg                           _fsget1arg
C:   0000199E  ___fs2ulong                        _fs2ulong
C:   000019A0  fs2ulong_begin                     _fs2ulong

ASxxxx Linker V03.00 + NoICE + sdld,  page 71.
Hexadecimal  [32-Bits]

Area                                    Addr        Size        Decimal Bytes (Attributes)
--------------------------------        ----        ----        ------- ----- ------------
CONST                               000019C5    000001DB =         475. bytes (REL,CON,CODE)

      Value  Global                              Global Defined In Module
      -----  --------------------------------   ------------------------
C:   000019C5  FLab5$__str_0$0$0                  Lab5
C:   000019DB  FLab5$__str_1$0$0                  Lab5
C:   000019EB  FLab5$__str_2$0$0                  Lab5
C:   000019EE  FLab5$__str_3$0$0                  Lab5
C:   00001A0E  FLab5$__str_4$0$0                  Lab5
C:   00001A2B  FLab5$__str_5$0$0                  Lab5
C:   00001A45  FLab5$__str_6$0$0                  Lab5
C:   00001A63  FLab5$__str_7$0$0                  Lab5
C:   00001A83  FLab5$__str_8$0$0                  Lab5
C:   00001AAA  FLab5$__str_9$0$0                  Lab5
C:   00001AE6  FLab5$__str_10$0$0                 Lab5
C:   00001AF1  FLab5$__str_11$0$0                 Lab5
C:   00001B35  FLab5$__str_12$0$0                 Lab5
C:   00001B4C  FLab5$__str_13$0$0                 Lab5
C:   00001B70  FLab5$__str_14$0$0                 Lab5
C:   00001B84  FLab5$__str_15$0$0                 Lab5

ASxxxx Linker V03.00 + NoICE + sdld,  page 72.

Files Linked                              [ module(s) ]

C:\SiLabs\LITEC\Lab5\Lab5.rel             [  ]


Libraries Linked                          [ object file ]

C:\Program Files\SDCC\bin\..\lib\small/libfloat.lib
                                          [ _fssub.rel ]
C:\Program Files\SDCC\bin\..\lib\small/libfloat.lib
                                          [ _fsmul.rel ]
C:\Program Files\SDCC\bin\..\lib\small/libfloat.lib
                                          [ _fsget2args.rel ]
C:\Program Files\SDCC\bin\..\lib\small/mcs51.lib
                                          [ crtclear.rel ]
C:\Program Files\SDCC\bin\..\lib\small/libfloat.lib
                                          [ _fsnormalize.rel ]
C:\Program Files\SDCC\bin\..\lib\small/mcs51.lib
                                          [ crtxinit.rel ]
C:\Program Files\SDCC\bin\..\lib\small/libsdcc.lib
                                          [ _gptrput.rel ]
C:\Program Files\SDCC\bin\..\lib\small/libsdcc.lib
                                          [ abs.rel ]
C:\Program Files\SDCC\bin\..\lib\small/libint.lib
                                          [ _mulint.rel ]
C:\Program Files\SDCC\bin\..\lib\small/libsdcc.lib
                                          [ sprintf.rel ]
C:\Program Files\SDCC\bin\..\lib\small/mcs51.lib
                                          [ crtxclear.rel ]
C:\Program Files\SDCC\bin\..\lib\small/libfloat.lib
                                          [ _fsadd.rel ]
C:\Program Files\SDCC\bin\..\lib\small/libint.lib
                                          [ _divuint.rel ]
C:\Program Files\SDCC\bin\..\lib\small/libfloat.lib
                                          [ _sint2fs.rel ]
C:\Program Files\SDCC\bin\..\lib\small/libfloat.lib
                                          [ _fs2sint.rel ]
C:\Program Files\SDCC\bin\..\lib\small/libfloat.lib
                                          [ _fs2uint.rel ]
C:\Program Files\SDCC\bin\..\lib\small/libfloat.lib
                                          [ _fsreturnval.rel ]
C:\Program Files\SDCC\bin\..\lib\small/libsdcc.lib
                                          [ _bp.rel ]
C:\Program Files\SDCC\bin\..\lib\small/libsdcc.lib
                                          [ vprintf.rel ]
C:\Program Files\SDCC\bin\..\lib\small/libsdcc.lib
                                          [ printf_large.rel ]
C:\Program Files\SDCC\bin\..\lib\small/libfloat.lib
                                          [ _fsswapargs.rel ]
C:\Program Files\SDCC\bin\..\lib\small/libsdcc.lib
                                          [ _strlen.rel ]
C:\Program Files\SDCC\bin\..\lib\small/libfloat.lib
                                          [ _fsdiv.rel ]
C:\Program Files\SDCC\bin\..\lib\small/mcs51.lib
                                          [ crtstart.rel ]
C:\Program Files\SDCC\bin\..\lib\small/libsdcc.lib
                                          [ _gptrget.rel ]
C:\Program Files\SDCC\bin\..\lib\small/libfloat.lib
                                          [ _uchar2fs.rel ]
C:\Program Files\SDCC\bin\..\lib\small/libfloat.lib
                                          [ _fs2uchar.rel ]
C:\Program Files\SDCC\bin\..\lib\small/libfloat.lib
                                          [ _slong2fs.rel ]
C:\Program Files\SDCC\bin\..\lib\small/libfloat.lib
                                          [ _ulong2fs.rel ]
C:\Program Files\SDCC\bin\..\lib\small/libint.lib
                                          [ _divsint.rel ]
C:\Program Files\SDCC\bin\..\lib\small/libfloat.lib
                                          [ _fsrshift.rel ]
C:\Program Files\SDCC\bin\..\lib\small/libfloat.lib
                                          [ _fs2slong.rel ]
C:\Program Files\SDCC\bin\..\lib\small/libsdcc.lib
                                          [ _startup.rel ]
C:\Program Files\SDCC\bin\..\lib\small/libfloat.lib
                                          [ _fsget1arg.rel ]
C:\Program Files\SDCC\bin\..\lib\small/libfloat.lib
                                          [ _fs2ulong.rel ]

ASxxxx Linker V03.00 + NoICE + sdld,  page 73.

User Base Address Definitions

HOME = 0x0000
XSEG = 0x0001
PSEG = 0x0001
ISEG = 0x0000
BSEG = 0x0000

