ASxxxx Linker V03.00 + NoICE + sdld,  page 1.
Hexadecimal  [32-Bits]

Area                                    Addr        Size        Decimal Bytes (Attributes)
--------------------------------        ----        ----        ------- ----- ------------
CABS                                00000000    00000000 =           0. bytes (ABS,CON,CODE)

      Value  Global                              Global Defined In Module
      -----  --------------------------------   ------------------------
C:   00000000  l_BIT_BANK                      
C:   00000000  l_CABS                          
C:   00000000  l_GSINIT1                       
C:   00000000  l_GSINIT5                       
C:   00000000  l_IABS                          
C:   00000000  l_PSEG                          
C:   00000000  l_REG_BANK_1                    
C:   00000000  l_REG_BANK_2                    
C:   00000000  l_REG_BANK_3                    
C:   00000000  l_RSEG                          
C:   00000000  l_RSEG0                         
C:   00000000  l_RSEG1                         
C:   00000000  l_XABS                          
C:   00000000  l_XINIT                         
C:   00000000  l_XISEG                         
C:   00000000  l_XSEG                          
C:   00000000  l__CODE                         
C:   00000000  s_BSEG                          
C:   00000000  s_CABS                          
C:   00000000  s_DSEG                          
C:   00000000  s_HOME                          
C:   00000000  s_IABS                          
C:   00000000  s_REG_BANK_0                    
C:   00000000  s_RSEG                          
C:   00000000  s_RSEG0                         
C:   00000000  s_RSEG1                         
C:   00000000  s_XABS                          
C:   00000001  s_PSEG                          
C:   00000001  s_XISEG                         
C:   00000001  s_XSEG                          
C:   00000002  l_BSEG_BYTES                    
C:   00000003  l_GSFINAL                       
C:   00000003  l_GSINIT0                       
C:   00000005  l_GSINIT                        
C:   00000006  l_ISEG                          
C:   00000006  l_OSEG                          
C:   00000008  l_REG_BANK_0                    
C:   00000008  s_REG_BANK_1                    
C:   0000000A  l_BSEG                          
C:   0000000A  l_GSINIT2                       
C:   0000000C  s_OSEG                          
C:   00000010  s_REG_BANK_2                    
C:   00000011  l_HOME                          
C:   00000011  s_GSINIT0                       
C:   00000012  s_ISEG                          
C:   00000014  s_GSINIT1                       
C:   00000014  s_GSINIT2                       
C:   00000018  s_BIT_BANK                      
C:   00000018  s_REG_BANK_3                    
C:   0000001E  s_GSINIT3                       
ASxxxx Linker V03.00 + NoICE + sdld,  page 2.
Hexadecimal  [32-Bits]

Area                                    Addr        Size        Decimal Bytes (Attributes)
--------------------------------        ----        ----        ------- ----- ------------
CABS                                00000000    00000000 =           0. bytes (ABS,CON,CODE)

      Value  Global                              Global Defined In Module
      -----  --------------------------------   ------------------------
C:   00000020  s_BSEG_BYTES                    
C:   00000020  s__CODE                         
C:   00000022  l_GSINIT3                       
C:   0000002A  l_GSINIT4                       
C:   0000003C  s_SSEG                          
C:   0000003E  l_CONST                         
C:   00000040  s_GSINIT4                       
C:   0000006A  s_GSINIT                        
C:   0000006A  s_GSINIT5                       
C:   0000006F  s_GSFINAL                       
C:   00000072  s_CSEG                          
C:   00000078  l_DSEG                          
C:   000000C4  l_SSEG                          
C:   00000100  l_IRAM                          
C:   00000796  l_CSEG                          
C:   00000808  s_CONST                         
C:   00000846  s_XINIT                         

ASxxxx Linker V03.00 + NoICE + sdld,  page 3.
Hexadecimal  [32-Bits]

Area                                    Addr        Size        Decimal Bytes (Attributes)
--------------------------------        ----        ----        ------- ----- ------------
.  .ABS.                            00000000    00000000 =           0. bytes (ABS,CON)

      Value  Global                              Global Defined In Module
      -----  --------------------------------   ------------------------
     00000000  .__.ABS.                           _bp
     00000080  G$P0$0$0                           worksheet_05
     00000080  G$P0_0$0$0                         worksheet_05
     00000080  _P0                                worksheet_05
     00000080  _P0_0                              worksheet_05
     00000081  G$P0_1$0$0                         worksheet_05
     00000081  G$SP$0$0                           worksheet_05
     00000081  _P0_1                              worksheet_05
     00000081  _SP                                worksheet_05
     00000082  G$DPL$0$0                          worksheet_05
     00000082  G$P0_2$0$0                         worksheet_05
     00000082  _DPL                               worksheet_05
     00000082  _P0_2                              worksheet_05
     00000083  G$DPH$0$0                          worksheet_05
     00000083  G$P0_3$0$0                         worksheet_05
     00000083  _DPH                               worksheet_05
     00000083  _P0_3                              worksheet_05
     00000084  G$P0_4$0$0                         worksheet_05
     00000084  G$P4$0$0                           worksheet_05
     00000084  _P0_4                              worksheet_05
     00000084  _P4                                worksheet_05
     00000085  G$P0_5$0$0                         worksheet_05
     00000085  G$P5$0$0                           worksheet_05
     00000085  _P0_5                              worksheet_05
     00000085  _P5                                worksheet_05
     00000086  G$P0_6$0$0                         worksheet_05
     00000086  G$P6$0$0                           worksheet_05
     00000086  _P0_6                              worksheet_05
     00000086  _P6                                worksheet_05
     00000087  G$P0_7$0$0                         worksheet_05
     00000087  G$PCON$0$0                         worksheet_05
     00000087  _P0_7                              worksheet_05
     00000087  _PCON                              worksheet_05
     00000088  G$IT0$0$0                          worksheet_05
     00000088  G$TCON$0$0                         worksheet_05
     00000088  _IT0                               worksheet_05
     00000088  _TCON                              worksheet_05
     00000089  G$IE0$0$0                          worksheet_05
     00000089  G$TMOD$0$0                         worksheet_05
     00000089  _IE0                               worksheet_05
     00000089  _TMOD                              worksheet_05
     0000008A  G$IT1$0$0                          worksheet_05
     0000008A  G$TL0$0$0                          worksheet_05
     0000008A  _IT1                               worksheet_05
     0000008A  _TL0                               worksheet_05
     0000008B  G$IE1$0$0                          worksheet_05
     0000008B  G$TL1$0$0                          worksheet_05
     0000008B  _IE1                               worksheet_05
     0000008B  _TL1                               worksheet_05
     0000008C  G$TH0$0$0                          worksheet_05
ASxxxx Linker V03.00 + NoICE + sdld,  page 4.
Hexadecimal  [32-Bits]

Area                                    Addr        Size        Decimal Bytes (Attributes)
--------------------------------        ----        ----        ------- ----- ------------
.  .ABS.                            00000000    00000000 =           0. bytes (ABS,CON)

      Value  Global                              Global Defined In Module
      -----  --------------------------------   ------------------------
     0000008C  G$TR0$0$0                          worksheet_05
     0000008C  _TH0                               worksheet_05
     0000008C  _TR0                               worksheet_05
     0000008D  G$TF0$0$0                          worksheet_05
     0000008D  G$TH1$0$0                          worksheet_05
     0000008D  _TF0                               worksheet_05
     0000008D  _TH1                               worksheet_05
     0000008E  G$CKCON$0$0                        worksheet_05
     0000008E  G$TR1$0$0                          worksheet_05
     0000008E  _CKCON                             worksheet_05
     0000008E  _TR1                               worksheet_05
     0000008F  G$PSCTL$0$0                        worksheet_05
     0000008F  G$TF1$0$0                          worksheet_05
     0000008F  _PSCTL                             worksheet_05
     0000008F  _TF1                               worksheet_05
     00000090  G$P1$0$0                           worksheet_05
     00000090  G$P1_0$0$0                         worksheet_05
     00000090  _P1                                worksheet_05
     00000090  _P1_0                              worksheet_05
     00000091  G$P1_1$0$0                         worksheet_05
     00000091  G$TMR3CN$0$0                       worksheet_05
     00000091  _P1_1                              worksheet_05
     00000091  _TMR3CN                            worksheet_05
     00000092  G$P1_2$0$0                         worksheet_05
     00000092  G$TMR3RLL$0$0                      worksheet_05
     00000092  _P1_2                              worksheet_05
     00000092  _TMR3RLL                           worksheet_05
     00000093  G$P1_3$0$0                         worksheet_05
     00000093  G$TMR3RLH$0$0                      worksheet_05
     00000093  _P1_3                              worksheet_05
     00000093  _TMR3RLH                           worksheet_05
     00000094  G$P1_4$0$0                         worksheet_05
     00000094  G$TMR3L$0$0                        worksheet_05
     00000094  _P1_4                              worksheet_05
     00000094  _TMR3L                             worksheet_05
     00000095  G$P1_5$0$0                         worksheet_05
     00000095  G$TMR3H$0$0                        worksheet_05
     00000095  _P1_5                              worksheet_05
     00000095  _TMR3H                             worksheet_05
     00000096  G$P1_6$0$0                         worksheet_05
     00000096  G$P7$0$0                           worksheet_05
     00000096  _P1_6                              worksheet_05
     00000096  _P7                                worksheet_05
     00000097  G$P1_7$0$0                         worksheet_05
     00000097  _P1_7                              worksheet_05
     00000098  G$RI$0$0                           worksheet_05
     00000098  G$RI0$0$0                          worksheet_05
     00000098  G$SCON$0$0                         worksheet_05
     00000098  G$SCON0$0$0                        worksheet_05
     00000098  _RI                                worksheet_05
     00000098  _RI0                               worksheet_05
ASxxxx Linker V03.00 + NoICE + sdld,  page 5.
Hexadecimal  [32-Bits]

Area                                    Addr        Size        Decimal Bytes (Attributes)
--------------------------------        ----        ----        ------- ----- ------------
.  .ABS.                            00000000    00000000 =           0. bytes (ABS,CON)

      Value  Global                              Global Defined In Module
      -----  --------------------------------   ------------------------
     00000098  _SCON                              worksheet_05
     00000098  _SCON0                             worksheet_05
     00000099  G$SBUF$0$0                         worksheet_05
     00000099  G$SBUF0$0$0                        worksheet_05
     00000099  G$TI$0$0                           worksheet_05
     00000099  G$TI0$0$0                          worksheet_05
     00000099  _SBUF                              worksheet_05
     00000099  _SBUF0                             worksheet_05
     00000099  _TI                                worksheet_05
     00000099  _TI0                               worksheet_05
     0000009A  G$RB8$0$0                          worksheet_05
     0000009A  G$RB80$0$0                         worksheet_05
     0000009A  G$SPI0CFG$0$0                      worksheet_05
     0000009A  _RB8                               worksheet_05
     0000009A  _RB80                              worksheet_05
     0000009A  _SPI0CFG                           worksheet_05
     0000009B  G$SPI0DAT$0$0                      worksheet_05
     0000009B  G$TB8$0$0                          worksheet_05
     0000009B  G$TB80$0$0                         worksheet_05
     0000009B  _SPI0DAT                           worksheet_05
     0000009B  _TB8                               worksheet_05
     0000009B  _TB80                              worksheet_05
     0000009C  G$ADC1$0$0                         worksheet_05
     0000009C  G$REN$0$0                          worksheet_05
     0000009C  G$REN0$0$0                         worksheet_05
     0000009C  _ADC1                              worksheet_05
     0000009C  _REN                               worksheet_05
     0000009C  _REN0                              worksheet_05
     0000009D  G$MCE0$0$0                         worksheet_05
     0000009D  G$SM2$0$0                          worksheet_05
     0000009D  G$SM20$0$0                         worksheet_05
     0000009D  G$SPI0CKR$0$0                      worksheet_05
     0000009D  _MCE0                              worksheet_05
     0000009D  _SM2                               worksheet_05
     0000009D  _SM20                              worksheet_05
     0000009D  _SPI0CKR                           worksheet_05
     0000009E  G$CPT0CN$0$0                       worksheet_05
     0000009E  G$SM1$0$0                          worksheet_05
     0000009E  G$SM10$0$0                         worksheet_05
     0000009E  _CPT0CN                            worksheet_05
     0000009E  _SM1                               worksheet_05
     0000009E  _SM10                              worksheet_05
     0000009F  G$CPT1CN$0$0                       worksheet_05
     0000009F  G$S0MODE$0$0                       worksheet_05
     0000009F  G$SM0$0$0                          worksheet_05
     0000009F  G$SM00$0$0                         worksheet_05
     0000009F  _CPT1CN                            worksheet_05
     0000009F  _S0MODE                            worksheet_05
     0000009F  _SM0                               worksheet_05
     0000009F  _SM00                              worksheet_05
     000000A0  G$P2$0$0                           worksheet_05
ASxxxx Linker V03.00 + NoICE + sdld,  page 6.
Hexadecimal  [32-Bits]

Area                                    Addr        Size        Decimal Bytes (Attributes)
--------------------------------        ----        ----        ------- ----- ------------
.  .ABS.                            00000000    00000000 =           0. bytes (ABS,CON)

      Value  Global                              Global Defined In Module
      -----  --------------------------------   ------------------------
     000000A0  G$P2_0$0$0                         worksheet_05
     000000A0  G$SW$0$0                           worksheet_05
     000000A0  _P2                                worksheet_05
     000000A0  _P2_0                              worksheet_05
     000000A0  _SW                                worksheet_05
     000000A1  G$EMI0TC$0$0                       worksheet_05
     000000A1  G$P2_1$0$0                         worksheet_05
     000000A1  _EMI0TC                            worksheet_05
     000000A1  _P2_1                              worksheet_05
     000000A2  G$P2_2$0$0                         worksheet_05
     000000A2  _P2_2                              worksheet_05
     000000A3  G$EMI0CF$0$0                       worksheet_05
     000000A3  G$P2_3$0$0                         worksheet_05
     000000A3  _EMI0CF                            worksheet_05
     000000A3  _P2_3                              worksheet_05
     000000A4  G$P0MDOUT$0$0                      worksheet_05
     000000A4  G$P2_4$0$0                         worksheet_05
     000000A4  G$PRT0CF$0$0                       worksheet_05
     000000A4  _P0MDOUT                           worksheet_05
     000000A4  _P2_4                              worksheet_05
     000000A4  _PRT0CF                            worksheet_05
     000000A5  G$P1MDOUT$0$0                      worksheet_05
     000000A5  G$P2_5$0$0                         worksheet_05
     000000A5  G$PRT1CF$0$0                       worksheet_05
     000000A5  _P1MDOUT                           worksheet_05
     000000A5  _P2_5                              worksheet_05
     000000A5  _PRT1CF                            worksheet_05
     000000A6  G$P2MDOUT$0$0                      worksheet_05
     000000A6  G$P2_6$0$0                         worksheet_05
     000000A6  G$PRT2CF$0$0                       worksheet_05
     000000A6  _P2MDOUT                           worksheet_05
     000000A6  _P2_6                              worksheet_05
     000000A6  _PRT2CF                            worksheet_05
     000000A7  G$P2_7$0$0                         worksheet_05
     000000A7  G$P3MDOUT$0$0                      worksheet_05
     000000A7  G$PRT3CF$0$0                       worksheet_05
     000000A7  _P2_7                              worksheet_05
     000000A7  _P3MDOUT                           worksheet_05
     000000A7  _PRT3CF                            worksheet_05
     000000A8  G$EX0$0$0                          worksheet_05
     000000A8  G$IE$0$0                           worksheet_05
     000000A8  _EX0                               worksheet_05
     000000A8  _IE                                worksheet_05
     000000A9  G$ET0$0$0                          worksheet_05
     000000A9  G$SADDR0$0$0                       worksheet_05
     000000A9  _ET0                               worksheet_05
     000000A9  _SADDR0                            worksheet_05
     000000AA  G$ADC1CN$0$0                       worksheet_05
     000000AA  G$EX1$0$0                          worksheet_05
     000000AA  _ADC1CN                            worksheet_05
     000000AA  _EX1                               worksheet_05
ASxxxx Linker V03.00 + NoICE + sdld,  page 7.
Hexadecimal  [32-Bits]

Area                                    Addr        Size        Decimal Bytes (Attributes)
--------------------------------        ----        ----        ------- ----- ------------
.  .ABS.                            00000000    00000000 =           0. bytes (ABS,CON)

      Value  Global                              Global Defined In Module
      -----  --------------------------------   ------------------------
     000000AB  G$ADC1CF$0$0                       worksheet_05
     000000AB  G$ET1$0$0                          worksheet_05
     000000AB  _ADC1CF                            worksheet_05
     000000AB  _ET1                               worksheet_05
     000000AC  G$AMX1SL$0$0                       worksheet_05
     000000AC  G$ES$0$0                           worksheet_05
     000000AC  G$ES0$0$0                          worksheet_05
     000000AC  _AMX1SL                            worksheet_05
     000000AC  _ES                                worksheet_05
     000000AC  _ES0                               worksheet_05
     000000AD  G$ET2$0$0                          worksheet_05
     000000AD  G$P3IF$0$0                         worksheet_05
     000000AD  _ET2                               worksheet_05
     000000AD  _P3IF                              worksheet_05
     000000AE  G$SADEN1$0$0                       worksheet_05
     000000AE  _SADEN1                            worksheet_05
     000000AF  G$EA$0$0                           worksheet_05
     000000AF  G$EMI0CN$0$0                       worksheet_05
     000000AF  G$_XPAGE$0$0                       worksheet_05
     000000AF  _EA                                worksheet_05
     000000AF  _EMI0CN                            worksheet_05
     000000AF  __XPAGE                            worksheet_05
     000000B0  G$P3$0$0                           worksheet_05
     000000B0  G$P3_0$0$0                         worksheet_05
     000000B0  _P3                                worksheet_05
     000000B0  _P3_0                              worksheet_05
     000000B1  G$OSCXCN$0$0                       worksheet_05
     000000B1  G$P3_1$0$0                         worksheet_05
     000000B1  _OSCXCN                            worksheet_05
     000000B1  _P3_1                              worksheet_05
     000000B2  G$OSCICN$0$0                       worksheet_05
     000000B2  G$P3_2$0$0                         worksheet_05
     000000B2  _OSCICN                            worksheet_05
     000000B2  _P3_2                              worksheet_05
     000000B3  G$Biled1$0$0                       worksheet_05
     000000B3  G$P3_3$0$0                         worksheet_05
     000000B3  _Biled1                            worksheet_05
     000000B3  _P3_3                              worksheet_05
     000000B4  G$Biled2$0$0                       worksheet_05
     000000B4  G$P3_4$0$0                         worksheet_05
     000000B4  _Biled2                            worksheet_05
     000000B4  _P3_4                              worksheet_05
     000000B5  G$P3_5$0$0                         worksheet_05
     000000B5  G$P74OUT$0$0                       worksheet_05
     000000B5  _P3_5                              worksheet_05
     000000B5  _P74OUT                            worksheet_05
     000000B6  G$FLSCL$0$0                        worksheet_05
     000000B6  G$P3_6$0$0                         worksheet_05
     000000B6  _FLSCL                             worksheet_05
     000000B6  _P3_6                              worksheet_05
     000000B7  G$FLACL$0$0                        worksheet_05
ASxxxx Linker V03.00 + NoICE + sdld,  page 8.
Hexadecimal  [32-Bits]

Area                                    Addr        Size        Decimal Bytes (Attributes)
--------------------------------        ----        ----        ------- ----- ------------
.  .ABS.                            00000000    00000000 =           0. bytes (ABS,CON)

      Value  Global                              Global Defined In Module
      -----  --------------------------------   ------------------------
     000000B7  G$P3_7$0$0                         worksheet_05
     000000B7  _FLACL                             worksheet_05
     000000B7  _P3_7                              worksheet_05
     000000B8  G$IP$0$0                           worksheet_05
     000000B8  G$PX0$0$0                          worksheet_05
     000000B8  _IP                                worksheet_05
     000000B8  _PX0                               worksheet_05
     000000B9  G$PT0$0$0                          worksheet_05
     000000B9  G$SADEN0$0$0                       worksheet_05
     000000B9  _PT0                               worksheet_05
     000000B9  _SADEN0                            worksheet_05
     000000BA  G$AMX0CF$0$0                       worksheet_05
     000000BA  G$PX1$0$0                          worksheet_05
     000000BA  _AMX0CF                            worksheet_05
     000000BA  _PX1                               worksheet_05
     000000BB  G$AMX0SL$0$0                       worksheet_05
     000000BB  G$PT1$0$0                          worksheet_05
     000000BB  _AMX0SL                            worksheet_05
     000000BB  _PT1                               worksheet_05
     000000BC  G$ADC0CF$0$0                       worksheet_05
     000000BC  G$PS$0$0                           worksheet_05
     000000BC  G$PS0$0$0                          worksheet_05
     000000BC  _ADC0CF                            worksheet_05
     000000BC  _PS                                worksheet_05
     000000BC  _PS0                               worksheet_05
     000000BD  G$P1MDIN$0$0                       worksheet_05
     000000BD  G$PT2$0$0                          worksheet_05
     000000BD  _P1MDIN                            worksheet_05
     000000BD  _PT2                               worksheet_05
     000000BE  G$ADC0L$0$0                        worksheet_05
     000000BE  _ADC0L                             worksheet_05
     000000BF  G$ADC0H$0$0                        worksheet_05
     000000BF  _ADC0H                             worksheet_05
     000000C0  G$SMB0CN$0$0                       worksheet_05
     000000C0  G$SMBTOE$0$0                       worksheet_05
     000000C0  _SMB0CN                            worksheet_05
     000000C0  _SMBTOE                            worksheet_05
     000000C1  G$SMB0STA$0$0                      worksheet_05
     000000C1  G$SMBFTE$0$0                       worksheet_05
     000000C1  _SMB0STA                           worksheet_05
     000000C1  _SMBFTE                            worksheet_05
     000000C2  G$AA$0$0                           worksheet_05
     000000C2  G$SMB0DAT$0$0                      worksheet_05
     000000C2  _AA                                worksheet_05
     000000C2  _SMB0DAT                           worksheet_05
     000000C3  G$SI$0$0                           worksheet_05
     000000C3  G$SMB0ADR$0$0                      worksheet_05
     000000C3  _SI                                worksheet_05
     000000C3  _SMB0ADR                           worksheet_05
     000000C4  G$ADC0GTL$0$0                      worksheet_05
     000000C4  G$STO$0$0                          worksheet_05
ASxxxx Linker V03.00 + NoICE + sdld,  page 9.
Hexadecimal  [32-Bits]

Area                                    Addr        Size        Decimal Bytes (Attributes)
--------------------------------        ----        ----        ------- ----- ------------
.  .ABS.                            00000000    00000000 =           0. bytes (ABS,CON)

      Value  Global                              Global Defined In Module
      -----  --------------------------------   ------------------------
     000000C4  _ADC0GTL                           worksheet_05
     000000C4  _STO                               worksheet_05
     000000C5  G$ADC0GTH$0$0                      worksheet_05
     000000C5  G$STA$0$0                          worksheet_05
     000000C5  _ADC0GTH                           worksheet_05
     000000C5  _STA                               worksheet_05
     000000C6  G$ADC0LTL$0$0                      worksheet_05
     000000C6  G$ENSMB$0$0                        worksheet_05
     000000C6  _ADC0LTL                           worksheet_05
     000000C6  _ENSMB                             worksheet_05
     000000C7  G$ADC0LTH$0$0                      worksheet_05
     000000C7  G$BUSY$0$0                         worksheet_05
     000000C7  _ADC0LTH                           worksheet_05
     000000C7  _BUSY                              worksheet_05
     000000C8  G$CPRL2$0$0                        worksheet_05
     000000C8  G$T2CON$0$0                        worksheet_05
     000000C8  _CPRL2                             worksheet_05
     000000C8  _T2CON                             worksheet_05
     000000C9  G$CT2$0$0                          worksheet_05
     000000C9  G$T4CON$0$0                        worksheet_05
     000000C9  _CT2                               worksheet_05
     000000C9  _T4CON                             worksheet_05
     000000CA  G$RCAP2L$0$0                       worksheet_05
     000000CA  G$TR2$0$0                          worksheet_05
     000000CA  _RCAP2L                            worksheet_05
     000000CA  _TR2                               worksheet_05
     000000CB  G$EXEN2$0$0                        worksheet_05
     000000CB  G$RCAP2H$0$0                       worksheet_05
     000000CB  _EXEN2                             worksheet_05
     000000CB  _RCAP2H                            worksheet_05
     000000CC  G$TCLK$0$0                         worksheet_05
     000000CC  G$TL2$0$0                          worksheet_05
     000000CC  _TCLK                              worksheet_05
     000000CC  _TL2                               worksheet_05
     000000CD  G$RCLK$0$0                         worksheet_05
     000000CD  G$TH2$0$0                          worksheet_05
     000000CD  _RCLK                              worksheet_05
     000000CD  _TH2                               worksheet_05
     000000CE  G$EXF2$0$0                         worksheet_05
     000000CE  _EXF2                              worksheet_05
     000000CF  G$SMB0CR$0$0                       worksheet_05
     000000CF  G$TF2$0$0                          worksheet_05
     000000CF  _SMB0CR                            worksheet_05
     000000CF  _TF2                               worksheet_05
     000000D0  G$P$0$0                            worksheet_05
     000000D0  G$PSW$0$0                          worksheet_05
     000000D0  _P                                 worksheet_05
     000000D0  _PSW                               worksheet_05
     000000D1  G$F1$0$0                           worksheet_05
     000000D1  G$REF0CN$0$0                       worksheet_05
     000000D1  _F1                                worksheet_05
ASxxxx Linker V03.00 + NoICE + sdld,  page 10.
Hexadecimal  [32-Bits]

Area                                    Addr        Size        Decimal Bytes (Attributes)
--------------------------------        ----        ----        ------- ----- ------------
.  .ABS.                            00000000    00000000 =           0. bytes (ABS,CON)

      Value  Global                              Global Defined In Module
      -----  --------------------------------   ------------------------
     000000D1  _REF0CN                            worksheet_05
     000000D2  G$DAC0L$0$0                        worksheet_05
     000000D2  G$OV$0$0                           worksheet_05
     000000D2  _DAC0L                             worksheet_05
     000000D2  _OV                                worksheet_05
     000000D3  G$DAC0H$0$0                        worksheet_05
     000000D3  G$RS0$0$0                          worksheet_05
     000000D3  _DAC0H                             worksheet_05
     000000D3  _RS0                               worksheet_05
     000000D4  G$DAC0CN$0$0                       worksheet_05
     000000D4  G$RS1$0$0                          worksheet_05
     000000D4  _DAC0CN                            worksheet_05
     000000D4  _RS1                               worksheet_05
     000000D5  G$DAC1L$0$0                        worksheet_05
     000000D5  G$F0$0$0                           worksheet_05
     000000D5  _DAC1L                             worksheet_05
     000000D5  _F0                                worksheet_05
     000000D6  G$AC$0$0                           worksheet_05
     000000D6  G$DAC1H$0$0                        worksheet_05
     000000D6  _AC                                worksheet_05
     000000D6  _DAC1H                             worksheet_05
     000000D7  G$CY$0$0                           worksheet_05
     000000D7  G$DAC1CN$0$0                       worksheet_05
     000000D7  _CY                                worksheet_05
     000000D7  _DAC1CN                            worksheet_05
     000000D8  G$CCF0$0$0                         worksheet_05
     000000D8  G$PCA0CN$0$0                       worksheet_05
     000000D8  _CCF0                              worksheet_05
     000000D8  _PCA0CN                            worksheet_05
     000000D9  G$CCF1$0$0                         worksheet_05
     000000D9  G$PCA0MD$0$0                       worksheet_05
     000000D9  _CCF1                              worksheet_05
     000000D9  _PCA0MD                            worksheet_05
     000000DA  G$CCF2$0$0                         worksheet_05
     000000DA  G$PCA0CPM0$0$0                     worksheet_05
     000000DA  _CCF2                              worksheet_05
     000000DA  _PCA0CPM0                          worksheet_05
     000000DB  G$CCF3$0$0                         worksheet_05
     000000DB  G$PCA0CPM1$0$0                     worksheet_05
     000000DB  _CCF3                              worksheet_05
     000000DB  _PCA0CPM1                          worksheet_05
     000000DC  G$CCF4$0$0                         worksheet_05
     000000DC  G$PCA0CPM2$0$0                     worksheet_05
     000000DC  _CCF4                              worksheet_05
     000000DC  _PCA0CPM2                          worksheet_05
     000000DD  G$PCA0CPM3$0$0                     worksheet_05
     000000DD  _PCA0CPM3                          worksheet_05
     000000DE  G$CR$0$0                           worksheet_05
     000000DE  G$PCA0CPM4$0$0                     worksheet_05
     000000DE  _CR                                worksheet_05
     000000DE  _PCA0CPM4                          worksheet_05
ASxxxx Linker V03.00 + NoICE + sdld,  page 11.
Hexadecimal  [32-Bits]

Area                                    Addr        Size        Decimal Bytes (Attributes)
--------------------------------        ----        ----        ------- ----- ------------
.  .ABS.                            00000000    00000000 =           0. bytes (ABS,CON)

      Value  Global                              Global Defined In Module
      -----  --------------------------------   ------------------------
     000000DF  G$CF$0$0                           worksheet_05
     000000DF  _CF                                worksheet_05
     000000E0  G$ACC$0$0                          worksheet_05
     000000E0  _ACC                               worksheet_05
     000000E1  G$XBR0$0$0                         worksheet_05
     000000E1  _XBR0                              worksheet_05
     000000E2  G$XBR1$0$0                         worksheet_05
     000000E2  _XBR1                              worksheet_05
     000000E3  G$XBR2$0$0                         worksheet_05
     000000E3  _XBR2                              worksheet_05
     000000E4  G$RCAP4L$0$0                       worksheet_05
     000000E4  _RCAP4L                            worksheet_05
     000000E5  G$RCAP4H$0$0                       worksheet_05
     000000E5  _RCAP4H                            worksheet_05
     000000E6  G$EIE1$0$0                         worksheet_05
     000000E6  _EIE1                              worksheet_05
     000000E7  G$EIE2$0$0                         worksheet_05
     000000E7  _EIE2                              worksheet_05
     000000E8  G$AD0LJST$0$0                      worksheet_05
     000000E8  G$ADC0CN$0$0                       worksheet_05
     000000E8  G$ADLJST$0$0                       worksheet_05
     000000E8  _AD0LJST                           worksheet_05
     000000E8  _ADC0CN                            worksheet_05
     000000E8  _ADLJST                            worksheet_05
     000000E9  G$AD0WINT$0$0                      worksheet_05
     000000E9  G$ADWINT$0$0                       worksheet_05
     000000E9  G$PCA0L$0$0                        worksheet_05
     000000E9  _AD0WINT                           worksheet_05
     000000E9  _ADWINT                            worksheet_05
     000000E9  _PCA0L                             worksheet_05
     000000EA  G$AD0CM0$0$0                       worksheet_05
     000000EA  G$ADSTM0$0$0                       worksheet_05
     000000EA  G$PCA0CPL0$0$0                     worksheet_05
     000000EA  _AD0CM0                            worksheet_05
     000000EA  _ADSTM0                            worksheet_05
     000000EA  _PCA0CPL0                          worksheet_05
     000000EB  G$AD0CM1$0$0                       worksheet_05
     000000EB  G$ADSTM1$0$0                       worksheet_05
     000000EB  G$PCA0CPL1$0$0                     worksheet_05
     000000EB  _AD0CM1                            worksheet_05
     000000EB  _ADSTM1                            worksheet_05
     000000EB  _PCA0CPL1                          worksheet_05
     000000EC  G$AD0BUSY$0$0                      worksheet_05
     000000EC  G$ADBUSY$0$0                       worksheet_05
     000000EC  G$PCA0CPL2$0$0                     worksheet_05
     000000EC  _AD0BUSY                           worksheet_05
     000000EC  _ADBUSY                            worksheet_05
     000000EC  _PCA0CPL2                          worksheet_05
     000000ED  G$AD0INT$0$0                       worksheet_05
     000000ED  G$ADCINT$0$0                       worksheet_05
     000000ED  G$PCA0CPL3$0$0                     worksheet_05
ASxxxx Linker V03.00 + NoICE + sdld,  page 12.
Hexadecimal  [32-Bits]

Area                                    Addr        Size        Decimal Bytes (Attributes)
--------------------------------        ----        ----        ------- ----- ------------
.  .ABS.                            00000000    00000000 =           0. bytes (ABS,CON)

      Value  Global                              Global Defined In Module
      -----  --------------------------------   ------------------------
     000000ED  _AD0INT                            worksheet_05
     000000ED  _ADCINT                            worksheet_05
     000000ED  _PCA0CPL3                          worksheet_05
     000000EE  G$AD0TM$0$0                        worksheet_05
     000000EE  G$ADCTM$0$0                        worksheet_05
     000000EE  G$PCA0CPL4$0$0                     worksheet_05
     000000EE  _AD0TM                             worksheet_05
     000000EE  _ADCTM                             worksheet_05
     000000EE  _PCA0CPL4                          worksheet_05
     000000EF  G$AD0EN$0$0                        worksheet_05
     000000EF  G$ADCEN$0$0                        worksheet_05
     000000EF  G$RSTSRC$0$0                       worksheet_05
     000000EF  _AD0EN                             worksheet_05
     000000EF  _ADCEN                             worksheet_05
     000000EF  _RSTSRC                            worksheet_05
     000000F0  G$B$0$0                            worksheet_05
     000000F0  _B                                 worksheet_05
     000000F1  G$SCON1$0$0                        worksheet_05
     000000F1  _SCON1                             worksheet_05
     000000F2  G$SBUF1$0$0                        worksheet_05
     000000F2  _SBUF1                             worksheet_05
     000000F3  G$SADDR1$0$0                       worksheet_05
     000000F3  _SADDR1                            worksheet_05
     000000F4  G$TL4$0$0                          worksheet_05
     000000F4  _TL4                               worksheet_05
     000000F5  G$TH4$0$0                          worksheet_05
     000000F5  _B_5                               _gptrget
     000000F5  _TH4                               worksheet_05
     000000F6  G$EIP1$0$0                         worksheet_05
     000000F6  _B_6                               _gptrget
     000000F6  _EIP1                              worksheet_05
     000000F7  G$EIP2$0$0                         worksheet_05
     000000F7  _B_7                               _gptrget
     000000F7  _EIP2                              worksheet_05
     000000F8  G$SPI0CN$0$0                       worksheet_05
     000000F8  G$SPIEN$0$0                        worksheet_05
     000000F8  _SPI0CN                            worksheet_05
     000000F8  _SPIEN                             worksheet_05
     000000F9  G$MSTEN$0$0                        worksheet_05
     000000F9  G$PCA0H$0$0                        worksheet_05
     000000F9  _MSTEN                             worksheet_05
     000000F9  _PCA0H                             worksheet_05
     000000FA  G$PCA0CPH0$0$0                     worksheet_05
     000000FA  G$SLVSEL$0$0                       worksheet_05
     000000FA  _PCA0CPH0                          worksheet_05
     000000FA  _SLVSEL                            worksheet_05
     000000FB  G$PCA0CPH1$0$0                     worksheet_05
     000000FB  G$TXBSY$0$0                        worksheet_05
     000000FB  _PCA0CPH1                          worksheet_05
     000000FB  _TXBSY                             worksheet_05
     000000FC  G$PCA0CPH2$0$0                     worksheet_05
ASxxxx Linker V03.00 + NoICE + sdld,  page 13.
Hexadecimal  [32-Bits]

Area                                    Addr        Size        Decimal Bytes (Attributes)
--------------------------------        ----        ----        ------- ----- ------------
.  .ABS.                            00000000    00000000 =           0. bytes (ABS,CON)

      Value  Global                              Global Defined In Module
      -----  --------------------------------   ------------------------
     000000FC  G$RXOVRN$0$0                       worksheet_05
     000000FC  _PCA0CPH2                          worksheet_05
     000000FC  _RXOVRN                            worksheet_05
     000000FD  G$MODF$0$0                         worksheet_05
     000000FD  G$PCA0CPH3$0$0                     worksheet_05
     000000FD  _MODF                              worksheet_05
     000000FD  _PCA0CPH3                          worksheet_05
     000000FE  G$PCA0CPH4$0$0                     worksheet_05
     000000FE  G$WCOL$0$0                         worksheet_05
     000000FE  _PCA0CPH4                          worksheet_05
     000000FE  _WCOL                              worksheet_05
     000000FF  G$SPIF$0$0                         worksheet_05
     000000FF  G$WDTCN$0$0                        worksheet_05
     000000FF  _SPIF                              worksheet_05
     000000FF  _WDTCN                             worksheet_05
     00008C8A  G$TMR0$0$0                         worksheet_05
     00008C8A  _TMR0                              worksheet_05
     00008D8B  G$TMR1$0$0                         worksheet_05
     00008D8B  _TMR1                              worksheet_05
     00009392  G$TMR3RL$0$0                       worksheet_05
     00009392  _TMR3RL                            worksheet_05
     00009594  G$TMR3$0$0                         worksheet_05
     00009594  _TMR3                              worksheet_05
     0000BFBE  G$ADC0$0$0                         worksheet_05
     0000BFBE  _ADC0                              worksheet_05
     0000C5C4  G$ADC0GT$0$0                       worksheet_05
     0000C5C4  _ADC0GT                            worksheet_05
     0000C7C6  G$ADC0LT$0$0                       worksheet_05
     0000C7C6  _ADC0LT                            worksheet_05
     0000CBCA  G$RCAP2$0$0                        worksheet_05
     0000CBCA  _RCAP2                             worksheet_05
     0000CDCC  G$TMR2$0$0                         worksheet_05
     0000CDCC  _TMR2                              worksheet_05
     0000D3D2  G$DAC0$0$0                         worksheet_05
     0000D3D2  _DAC0                              worksheet_05
     0000D6D5  G$DAC1$0$0                         worksheet_05
     0000D6D5  _DAC1                              worksheet_05
     0000E5E4  G$RCAP4$0$0                        worksheet_05
     0000E5E4  _RCAP4                             worksheet_05
     0000F5F4  G$TMR4$0$0                         worksheet_05
     0000F5F4  _TMR4                              worksheet_05
     0000F9E9  G$PCA0$0$0                         worksheet_05
     0000F9E9  _PCA0                              worksheet_05
     0000FAEA  G$PCA0CP0$0$0                      worksheet_05
     0000FAEA  _PCA0CP0                           worksheet_05
     0000FBEB  G$PCA0CP1$0$0                      worksheet_05
     0000FBEB  _PCA0CP1                           worksheet_05
     0000FCEC  G$PCA0CP2$0$0                      worksheet_05
     0000FCEC  _PCA0CP2                           worksheet_05
     0000FDED  G$PCA0CP3$0$0                      worksheet_05
     0000FDED  _PCA0CP3                           worksheet_05
ASxxxx Linker V03.00 + NoICE + sdld,  page 14.
Hexadecimal  [32-Bits]

Area                                    Addr        Size        Decimal Bytes (Attributes)
--------------------------------        ----        ----        ------- ----- ------------
.  .ABS.                            00000000    00000000 =           0. bytes (ABS,CON)

      Value  Global                              Global Defined In Module
      -----  --------------------------------   ------------------------
     0000FEEE  G$PCA0CP4$0$0                      worksheet_05
     0000FEEE  _PCA0CP4                           worksheet_05

ASxxxx Linker V03.00 + NoICE + sdld,  page 15.
Hexadecimal  [32-Bits]

Area                                    Addr        Size        Decimal Bytes (Attributes)
--------------------------------        ----        ----        ------- ----- ------------
BSEG_BYTES                          00000020    00000002 =           2. bytes (REL,CON)

      Value  Global                              Global Defined In Module
      -----  --------------------------------   ------------------------
ASxxxx Linker V03.00 + NoICE + sdld,  page 16.
Hexadecimal  [32-Bits]

Area                                    Addr        Size        Decimal Bytes (Attributes)
--------------------------------        ----        ----        ------- ----- ------------
REG_BANK_0                          00000000    00000008 =           8. bytes (REL,OVR)

      Value  Global                              Global Defined In Module
      -----  --------------------------------   ------------------------
ASxxxx Linker V03.00 + NoICE + sdld,  page 17.
Hexadecimal  [32-Bits]

Area                                    Addr        Size        Decimal Bytes (Attributes)
--------------------------------        ----        ----        ------- ----- ------------
DSEG                                00000000    00000078 =         120. bytes (REL,CON)

      Value  Global                              Global Defined In Module
      -----  --------------------------------   ------------------------
     00000008  G$Counts$0$0                       worksheet_05
     00000008  _Counts                            worksheet_05
     0000000A  _vprintf_PARM_2                    vprintf
     0000000B  _bp                                _bp
     0000002E  __print_format_PARM_2              printf_large
     00000031  __print_format_PARM_3              printf_large
     00000034  __print_format_PARM_4              printf_large

ASxxxx Linker V03.00 + NoICE + sdld,  page 18.
Hexadecimal  [32-Bits]

Area                                    Addr        Size        Decimal Bytes (Attributes)
--------------------------------        ----        ----        ------- ----- ------------
OSEG                                0000000C    00000006 =           6. bytes (REL,OVR)

      Value  Global                              Global Defined In Module
      -----  --------------------------------   ------------------------
     0000000C  __divsint_PARM_2                   _divuint
     0000000C  __divuint_PARM_2                   _divuint

ASxxxx Linker V03.00 + NoICE + sdld,  page 19.
Hexadecimal  [32-Bits]

Area                                    Addr        Size        Decimal Bytes (Attributes)
--------------------------------        ----        ----        ------- ----- ------------
ISEG                                00000012    00000006 =           6. bytes (REL,CON)

      Value  Global                              Global Defined In Module
      -----  --------------------------------   ------------------------
ASxxxx Linker V03.00 + NoICE + sdld,  page 20.
Hexadecimal  [32-Bits]

Area                                    Addr        Size        Decimal Bytes (Attributes)
--------------------------------        ----        ----        ------- ----- ------------
SSEG                                0000003C    000000C4 =         196. bytes (REL,OVR)

      Value  Global                              Global Defined In Module
      -----  --------------------------------   ------------------------
     0000003C  __start__stack                     worksheet_05

ASxxxx Linker V03.00 + NoICE + sdld,  page 21.
Hexadecimal  [32-Bits]

Area                                    Addr        Size        Decimal Bytes (Attributes)
--------------------------------        ----        ----        ------- ----- ------------
HOME                                00000000    00000011 =          17. bytes (REL,CON,CODE)

      Value  Global                              Global Defined In Module
      -----  --------------------------------   ------------------------
C:   00000000  A$worksheet_05$940                 worksheet_05
C:   00000003  A$worksheet_05$941                 worksheet_05
C:   0000000B  A$worksheet_05$943                 worksheet_05
C:   0000000E  A$worksheet_05$970                 worksheet_05
C:   0000000E  __sdcc_program_startup             worksheet_05

ASxxxx Linker V03.00 + NoICE + sdld,  page 22.
Hexadecimal  [32-Bits]

Area                                    Addr        Size        Decimal Bytes (Attributes)
--------------------------------        ----        ----        ------- ----- ------------
GSINIT0                             00000011    00000003 =           3. bytes (REL,CON,CODE)

      Value  Global                              Global Defined In Module
      -----  --------------------------------   ------------------------
C:   00000011  __sdcc_gsinit_startup              

ASxxxx Linker V03.00 + NoICE + sdld,  page 23.
Hexadecimal  [32-Bits]

Area                                    Addr        Size        Decimal Bytes (Attributes)
--------------------------------        ----        ----        ------- ----- ------------
GSINIT2                             00000014    0000000A =          10. bytes (REL,CON,CODE)

      Value  Global                              Global Defined In Module
      -----  --------------------------------   ------------------------
ASxxxx Linker V03.00 + NoICE + sdld,  page 24.
Hexadecimal  [32-Bits]

Area                                    Addr        Size        Decimal Bytes (Attributes)
--------------------------------        ----        ----        ------- ----- ------------
GSINIT3                             0000001E    00000022 =          34. bytes (REL,CON,CODE)

      Value  Global                              Global Defined In Module
      -----  --------------------------------   ------------------------
C:   0000001E  __mcs51_genXINIT                   

ASxxxx Linker V03.00 + NoICE + sdld,  page 25.
Hexadecimal  [32-Bits]

Area                                    Addr        Size        Decimal Bytes (Attributes)
--------------------------------        ----        ----        ------- ----- ------------
GSINIT4                             00000040    0000002A =          42. bytes (REL,CON,CODE)

      Value  Global                              Global Defined In Module
      -----  --------------------------------   ------------------------
C:   00000040  __mcs51_genRAMCLEAR                
C:   00000046  __mcs51_genXRAMCLEAR               

ASxxxx Linker V03.00 + NoICE + sdld,  page 26.
Hexadecimal  [32-Bits]

Area                                    Addr        Size        Decimal Bytes (Attributes)
--------------------------------        ----        ----        ------- ----- ------------
GSINIT                              0000006A    00000005 =           5. bytes (REL,CON,CODE)

      Value  Global                              Global Defined In Module
      -----  --------------------------------   ------------------------
C:   0000006A  A$worksheet_05$959                 worksheet_05
C:   0000006A  C$worksheet_05.c$29$1$47           worksheet_05
C:   0000006B  A$worksheet_05$960                 worksheet_05
C:   0000006D  A$worksheet_05$961                 worksheet_05

ASxxxx Linker V03.00 + NoICE + sdld,  page 27.
Hexadecimal  [32-Bits]

Area                                    Addr        Size        Decimal Bytes (Attributes)
--------------------------------        ----        ----        ------- ----- ------------
GSFINAL                             0000006F    00000003 =           3. bytes (REL,CON,CODE)

      Value  Global                              Global Defined In Module
      -----  --------------------------------   ------------------------
C:   0000006F  A$worksheet_05$963                 worksheet_05

ASxxxx Linker V03.00 + NoICE + sdld,  page 28.
Hexadecimal  [32-Bits]

Area                                    Addr        Size        Decimal Bytes (Attributes)
--------------------------------        ----        ----        ------- ----- ------------
CSEG                                00000072    00000796 =        1942. bytes (REL,CON,CODE)

      Value  Global                              Global Defined In Module
      -----  --------------------------------   ------------------------
C:   00000072  A$worksheet_05$998                 worksheet_05
C:   00000072  C$c8051_SDCC.h$42$0$0              worksheet_05
C:   00000072  C$c8051_SDCC.h$46$1$2              worksheet_05
C:   00000072  G$SYSCLK_Init$0$0                  worksheet_05
C:   00000072  _SYSCLK_Init                       worksheet_05
C:   00000075  A$worksheet_05$1001                worksheet_05
C:   00000075  C$c8051_SDCC.h$49$1$2              worksheet_05
C:   00000077  A$worksheet_05$1002                worksheet_05
C:   00000079  A$worksheet_05$1004                worksheet_05
C:   0000007A  A$worksheet_05$1005                worksheet_05
C:   0000007C  A$worksheet_05$1006                worksheet_05
C:   0000007D  A$worksheet_05$1007                worksheet_05
C:   0000007E  A$worksheet_05$1008                worksheet_05
C:   00000080  A$worksheet_05$1009                worksheet_05
C:   00000081  A$worksheet_05$1010                worksheet_05
C:   00000083  A$worksheet_05$1011                worksheet_05
C:   00000085  A$worksheet_05$1012                worksheet_05
C:   00000086  A$worksheet_05$1013                worksheet_05
C:   00000087  A$worksheet_05$1014                worksheet_05
C:   00000089  A$worksheet_05$1018                worksheet_05
C:   00000089  C$c8051_SDCC.h$51$1$2              worksheet_05
C:   0000008B  A$worksheet_05$1019                worksheet_05
C:   0000008E  A$worksheet_05$1022                worksheet_05
C:   0000008E  C$c8051_SDCC.h$53$1$2              worksheet_05
C:   00000091  A$worksheet_05$1025                worksheet_05
C:   00000091  C$c8051_SDCC.h$56$1$2              worksheet_05
C:   00000091  XG$SYSCLK_Init$0$0                 worksheet_05
C:   00000092  A$worksheet_05$1038                worksheet_05
C:   00000092  C$c8051_SDCC.h$64$1$2              worksheet_05
C:   00000092  C$c8051_SDCC.h$66$1$4              worksheet_05
C:   00000092  G$UART0_Init$0$0                   worksheet_05
C:   00000092  _UART0_Init                        worksheet_05
C:   00000095  A$worksheet_05$1041                worksheet_05
C:   00000095  C$c8051_SDCC.h$67$1$4              worksheet_05
C:   00000098  A$worksheet_05$1044                worksheet_05
C:   00000098  C$c8051_SDCC.h$68$1$4              worksheet_05
C:   0000009B  A$worksheet_05$1047                worksheet_05
C:   0000009B  C$c8051_SDCC.h$69$1$4              worksheet_05
C:   0000009D  A$worksheet_05$1050                worksheet_05
C:   0000009D  C$c8051_SDCC.h$70$1$4              worksheet_05
C:   000000A0  A$worksheet_05$1053                worksheet_05
C:   000000A0  C$c8051_SDCC.h$71$1$4              worksheet_05
C:   000000A3  A$worksheet_05$1056                worksheet_05
C:   000000A3  C$c8051_SDCC.h$73$1$4              worksheet_05
C:   000000A5  A$worksheet_05$1059                worksheet_05
C:   000000A5  C$c8051_SDCC.h$74$1$4              worksheet_05
C:   000000A8  A$worksheet_05$1062                worksheet_05
C:   000000A8  C$c8051_SDCC.h$75$1$4              worksheet_05
C:   000000A8  XG$UART0_Init$0$0                  worksheet_05
C:   000000A9  A$worksheet_05$1075                worksheet_05
ASxxxx Linker V03.00 + NoICE + sdld,  page 29.
Hexadecimal  [32-Bits]

Area                                    Addr        Size        Decimal Bytes (Attributes)
--------------------------------        ----        ----        ------- ----- ------------
CSEG                                00000072    00000796 =        1942. bytes (REL,CON,CODE)

      Value  Global                              Global Defined In Module
      -----  --------------------------------   ------------------------
C:   000000A9  C$c8051_SDCC.h$83$1$4              worksheet_05
C:   000000A9  C$c8051_SDCC.h$85$1$6              worksheet_05
C:   000000A9  G$Sys_Init$0$0                     worksheet_05
C:   000000A9  _Sys_Init                          worksheet_05
C:   000000AC  A$worksheet_05$1078                worksheet_05
C:   000000AC  C$c8051_SDCC.h$86$1$6              worksheet_05
C:   000000AF  A$worksheet_05$1081                worksheet_05
C:   000000AF  C$c8051_SDCC.h$88$1$6              worksheet_05
C:   000000B2  A$worksheet_05$1084                worksheet_05
C:   000000B2  C$c8051_SDCC.h$89$1$6              worksheet_05
C:   000000B5  A$worksheet_05$1087                worksheet_05
C:   000000B5  C$c8051_SDCC.h$91$1$6              worksheet_05
C:   000000B8  A$worksheet_05$1090                worksheet_05
C:   000000B8  C$c8051_SDCC.h$92$1$6              worksheet_05
C:   000000BB  A$worksheet_05$1093                worksheet_05
C:   000000BB  C$c8051_SDCC.h$93$1$6              worksheet_05
C:   000000BB  XG$Sys_Init$0$0                    worksheet_05
C:   000000BC  A$worksheet_05$1106                worksheet_05
C:   000000BC  C$c8051_SDCC.h$98$1$6              worksheet_05
C:   000000BC  G$putchar$0$0                      worksheet_05
C:   000000BC  _putchar                           worksheet_05
C:   000000BE  A$worksheet_05$1112                worksheet_05
C:   000000BE  C$c8051_SDCC.h$100$1$8             worksheet_05
C:   000000BE  C$c8051_SDCC.h$101$1$8             worksheet_05
C:   000000C1  A$worksheet_05$1113                worksheet_05
C:   000000C3  A$worksheet_05$1117                worksheet_05
C:   000000C3  C$c8051_SDCC.h$102$1$8             worksheet_05
C:   000000C5  A$worksheet_05$1120                worksheet_05
C:   000000C5  C$c8051_SDCC.h$103$1$8             worksheet_05
C:   000000C5  XG$putchar$0$0                     worksheet_05
C:   000000C6  A$worksheet_05$1138                worksheet_05
C:   000000C6  C$c8051_SDCC.h$108$1$8             worksheet_05
C:   000000C6  C$c8051_SDCC.h$111$1$10            worksheet_05
C:   000000C6  C$c8051_SDCC.h$112$1$10            worksheet_05
C:   000000C6  G$getchar$0$0                      worksheet_05
C:   000000C9  A$worksheet_05$1139                worksheet_05
C:   000000CB  A$worksheet_05$1143                worksheet_05
C:   000000CB  C$c8051_SDCC.h$113$1$10            worksheet_05
C:   000000CE  A$worksheet_05$1146                worksheet_05
C:   000000CE  C$c8051_SDCC.h$114$1$10            worksheet_05
C:   000000D1  A$worksheet_05$1149                worksheet_05
C:   000000D1  C$c8051_SDCC.h$115$1$10            worksheet_05
C:   000000D4  A$worksheet_05$1152                worksheet_05
C:   000000D4  C$c8051_SDCC.h$116$1$10            worksheet_05
C:   000000D4  XG$getchar$0$0                     worksheet_05
C:   000000D5  A$worksheet_05$1167                worksheet_05
C:   000000D5  C$c8051_SDCC.h$121$1$10            worksheet_05
C:   000000D5  C$c8051_SDCC.h$124$1$12            worksheet_05
C:   000000D5  G$getchar_nw$0$0                   worksheet_05
C:   000000D5  _getchar_nw                        worksheet_05
C:   000000D8  A$worksheet_05$1168                worksheet_05
ASxxxx Linker V03.00 + NoICE + sdld,  page 30.
Hexadecimal  [32-Bits]

Area                                    Addr        Size        Decimal Bytes (Attributes)
--------------------------------        ----        ----        ------- ----- ------------
CSEG                                00000072    00000796 =        1942. bytes (REL,CON,CODE)

      Value  Global                              Global Defined In Module
      -----  --------------------------------   ------------------------
C:   000000DB  A$worksheet_05$1169                worksheet_05
C:   000000DD  A$worksheet_05$1173                worksheet_05
C:   000000DD  C$c8051_SDCC.h$127$2$13            worksheet_05
C:   000000DF  A$worksheet_05$1176                worksheet_05
C:   000000DF  C$c8051_SDCC.h$128$2$13            worksheet_05
C:   000000E2  A$worksheet_05$1179                worksheet_05
C:   000000E2  C$c8051_SDCC.h$129$2$13            worksheet_05
C:   000000E5  A$worksheet_05$1182                worksheet_05
C:   000000E5  C$c8051_SDCC.h$130$2$13            worksheet_05
C:   000000E8  A$worksheet_05$1186                worksheet_05
C:   000000E8  C$c8051_SDCC.h$132$1$12            worksheet_05
C:   000000E8  XG$getchar_nw$0$0                  worksheet_05
C:   000000E9  A$worksheet_05$1199                worksheet_05
C:   000000E9  C$worksheet_05.c$32$1$12           worksheet_05
C:   000000E9  C$worksheet_05.c$34$1$34           worksheet_05
C:   000000E9  G$main$0$0                         worksheet_05
C:   000000E9  _main                              worksheet_05
C:   000000EC  A$worksheet_05$1202                worksheet_05
C:   000000EC  C$worksheet_05.c$35$1$34           worksheet_05
C:   000000EF  A$worksheet_05$1203                worksheet_05
C:   000000F2  A$worksheet_05$1206                worksheet_05
C:   000000F2  C$worksheet_05.c$36$1$34           worksheet_05
C:   000000F5  A$worksheet_05$1209                worksheet_05
C:   000000F5  C$worksheet_05.c$37$1$34           worksheet_05
C:   000000F8  A$worksheet_05$1212                worksheet_05
C:   000000F8  C$worksheet_05.c$38$1$34           worksheet_05
C:   000000FB  A$worksheet_05$1215                worksheet_05
C:   000000FB  C$worksheet_05.c$40$1$34           worksheet_05
C:   000000FD  A$worksheet_05$1216                worksheet_05
C:   000000FF  A$worksheet_05$1217                worksheet_05
C:   00000101  A$worksheet_05$1218                worksheet_05
C:   00000103  A$worksheet_05$1219                worksheet_05
C:   00000105  A$worksheet_05$1220                worksheet_05
C:   00000107  A$worksheet_05$1221                worksheet_05
C:   0000010A  A$worksheet_05$1222                worksheet_05
C:   0000010C  A$worksheet_05$1223                worksheet_05
C:   0000010E  A$worksheet_05$1224                worksheet_05
C:   00000110  A$worksheet_05$1230                worksheet_05
C:   00000110  C$worksheet_05.c$41$1$34           worksheet_05
C:   00000110  C$worksheet_05.c$43$2$35           worksheet_05
C:   00000113  A$worksheet_05$1233                worksheet_05
C:   00000113  C$worksheet_05.c$44$2$35           worksheet_05
C:   00000116  A$worksheet_05$1234                worksheet_05
C:   00000118  A$worksheet_05$1237                worksheet_05
C:   00000118  C$worksheet_05.c$46$1$34           worksheet_05
C:   00000118  XG$main$0$0                        worksheet_05
C:   00000119  A$worksheet_05$1250                worksheet_05
C:   00000119  C$worksheet_05.c$49$1$34           worksheet_05
C:   00000119  C$worksheet_05.c$53$1$37           worksheet_05
C:   00000119  G$Port_Init$0$0                    worksheet_05
C:   00000119  _Port_Init                         worksheet_05
ASxxxx Linker V03.00 + NoICE + sdld,  page 31.
Hexadecimal  [32-Bits]

Area                                    Addr        Size        Decimal Bytes (Attributes)
--------------------------------        ----        ----        ------- ----- ------------
CSEG                                00000072    00000796 =        1942. bytes (REL,CON,CODE)

      Value  Global                              Global Defined In Module
      -----  --------------------------------   ------------------------
C:   0000011C  A$worksheet_05$1253                worksheet_05
C:   0000011C  C$worksheet_05.c$56$1$37           worksheet_05
C:   0000011F  A$worksheet_05$1256                worksheet_05
C:   0000011F  C$worksheet_05.c$57$1$37           worksheet_05
C:   00000122  A$worksheet_05$1259                worksheet_05
C:   00000122  C$worksheet_05.c$58$1$37           worksheet_05
C:   00000122  XG$Port_Init$0$0                   worksheet_05
C:   00000123  A$worksheet_05$1272                worksheet_05
C:   00000123  C$worksheet_05.c$61$1$37           worksheet_05
C:   00000123  C$worksheet_05.c$63$1$39           worksheet_05
C:   00000123  G$Interrupt_Init$0$0               worksheet_05
C:   00000123  _Interrupt_Init                    worksheet_05
C:   00000126  A$worksheet_05$1275                worksheet_05
C:   00000126  C$worksheet_05.c$64$1$39           worksheet_05
C:   00000128  A$worksheet_05$1278                worksheet_05
C:   00000128  C$worksheet_05.c$65$1$39           worksheet_05
C:   00000128  XG$Interrupt_Init$0$0              worksheet_05
C:   00000129  A$worksheet_05$1291                worksheet_05
C:   00000129  C$worksheet_05.c$68$1$39           worksheet_05
C:   00000129  C$worksheet_05.c$70$1$41           worksheet_05
C:   00000129  G$Timer_Init$0$0                   worksheet_05
C:   00000129  _Timer_Init                        worksheet_05
C:   0000012C  A$worksheet_05$1294                worksheet_05
C:   0000012C  C$worksheet_05.c$71$1$41           worksheet_05
C:   0000012F  A$worksheet_05$1297                worksheet_05
C:   0000012F  C$worksheet_05.c$72$1$41           worksheet_05
C:   00000132  A$worksheet_05$1300                worksheet_05
C:   00000132  C$worksheet_05.c$73$1$41           worksheet_05
C:   00000134  A$worksheet_05$1303                worksheet_05
C:   00000134  C$worksheet_05.c$75$1$41           worksheet_05
C:   00000135  A$worksheet_05$1304                worksheet_05
C:   00000137  A$worksheet_05$1305                worksheet_05
C:   00000139  A$worksheet_05$1309                worksheet_05
C:   00000139  C$worksheet_05.c$77$1$41           worksheet_05
C:   0000013B  A$worksheet_05$1313                worksheet_05
C:   0000013B  C$worksheet_05.c$78$1$41           worksheet_05
C:   0000013D  A$worksheet_05$1316                worksheet_05
C:   0000013D  C$worksheet_05.c$79$1$41           worksheet_05
C:   0000013D  XG$Timer_Init$0$0                  worksheet_05
C:   0000013E  A$worksheet_05$1327                worksheet_05
C:   0000013E  C$worksheet_05.c$81$1$41           worksheet_05
C:   0000013E  G$T0_ISR$0$0                       worksheet_05
C:   0000013E  _T0_ISR                            worksheet_05
C:   00000140  A$worksheet_05$1328                worksheet_05
C:   00000142  A$worksheet_05$1331                worksheet_05
C:   00000142  C$worksheet_05.c$83$1$43           worksheet_05
C:   00000144  A$worksheet_05$1334                worksheet_05
C:   00000144  C$worksheet_05.c$84$1$43           worksheet_05
C:   00000146  A$worksheet_05$1335                worksheet_05
C:   00000147  A$worksheet_05$1336                worksheet_05
C:   0000014A  A$worksheet_05$1337                worksheet_05
ASxxxx Linker V03.00 + NoICE + sdld,  page 32.
Hexadecimal  [32-Bits]

Area                                    Addr        Size        Decimal Bytes (Attributes)
--------------------------------        ----        ----        ------- ----- ------------
CSEG                                00000072    00000796 =        1942. bytes (REL,CON,CODE)

      Value  Global                              Global Defined In Module
      -----  --------------------------------   ------------------------
C:   0000014C  A$worksheet_05$1339                worksheet_05
C:   0000014E  A$worksheet_05$1340                worksheet_05
C:   00000150  A$worksheet_05$1343                worksheet_05
C:   00000150  C$worksheet_05.c$85$1$43           worksheet_05
C:   00000150  XG$T0_ISR$0$0                      worksheet_05
C:   00000151  A$worksheet_05$1360                worksheet_05
C:   00000151  C$worksheet_05.c$87$1$43           worksheet_05
C:   00000151  C$worksheet_05.c$89$1$45           worksheet_05
C:   00000151  G$Counter_off$0$0                  worksheet_05
C:   00000151  _Counter_off                       worksheet_05
C:   00000153  A$worksheet_05$1363                worksheet_05
C:   00000153  C$worksheet_05.c$90$1$45           worksheet_05
C:   00000154  A$worksheet_05$1364                worksheet_05
C:   00000156  A$worksheet_05$1365                worksheet_05
C:   00000158  A$worksheet_05$1368                worksheet_05
C:   00000158  C$worksheet_05.c$91$1$45           worksheet_05
C:   0000015A  A$worksheet_05$1371                worksheet_05
C:   0000015A  C$worksheet_05.c$92$1$45           worksheet_05
C:   0000015C  A$worksheet_05$1374                worksheet_05
C:   0000015C  C$worksheet_05.c$93$1$45           worksheet_05
C:   0000015F  A$worksheet_05$1377                worksheet_05
C:   0000015F  C$worksheet_05.c$94$1$45           worksheet_05
C:   00000162  A$worksheet_05$1381                worksheet_05
C:   00000162  C$worksheet_05.c$95$1$45           worksheet_05
C:   00000165  A$worksheet_05$1384                worksheet_05
C:   00000165  C$worksheet_05.c$96$1$45           worksheet_05
C:   00000165  XG$Counter_off$0$0                 worksheet_05
C:   00000166  A$worksheet_05$1397                worksheet_05
C:   00000166  C$worksheet_05.c$100$1$47          worksheet_05
C:   00000166  C$worksheet_05.c$98$1$45           worksheet_05
C:   00000166  G$Counter_on$0$0                   worksheet_05
C:   00000166  _Counter_on                        worksheet_05
C:   00000168  A$worksheet_05$1400                worksheet_05
C:   00000168  C$worksheet_05.c$101$1$47          worksheet_05
C:   0000016A  A$worksheet_05$1403                worksheet_05
C:   0000016A  C$worksheet_05.c$102$1$47          worksheet_05
C:   0000016C  A$worksheet_05$1407                worksheet_05
C:   0000016C  C$worksheet_05.c$103$1$47          worksheet_05
C:   0000016F  A$worksheet_05$1410                worksheet_05
C:   0000016F  C$worksheet_05.c$104$1$47          worksheet_05
C:   00000172  A$worksheet_05$1411                worksheet_05
C:   00000175  A$worksheet_05$1412                worksheet_05
C:   00000178  A$worksheet_05$1413                worksheet_05
C:   0000017B  A$worksheet_05$1414                worksheet_05
C:   0000017E  A$worksheet_05$1415                worksheet_05
C:   00000180  A$worksheet_05$1416                worksheet_05
C:   00000182  A$worksheet_05$1417                worksheet_05
C:   00000184  A$worksheet_05$1418                worksheet_05
C:   00000186  A$worksheet_05$1419                worksheet_05
C:   00000188  A$worksheet_05$1420                worksheet_05
C:   0000018A  A$worksheet_05$1421                worksheet_05
ASxxxx Linker V03.00 + NoICE + sdld,  page 33.
Hexadecimal  [32-Bits]

Area                                    Addr        Size        Decimal Bytes (Attributes)
--------------------------------        ----        ----        ------- ----- ------------
CSEG                                00000072    00000796 =        1942. bytes (REL,CON,CODE)

      Value  Global                              Global Defined In Module
      -----  --------------------------------   ------------------------
C:   0000018C  A$worksheet_05$1422                worksheet_05
C:   0000018E  A$worksheet_05$1423                worksheet_05
C:   00000190  A$worksheet_05$1424                worksheet_05
C:   00000192  A$worksheet_05$1425                worksheet_05
C:   00000194  A$worksheet_05$1426                worksheet_05
C:   00000196  A$worksheet_05$1427                worksheet_05
C:   00000199  A$worksheet_05$1428                worksheet_05
C:   0000019B  A$worksheet_05$1429                worksheet_05
C:   0000019D  A$worksheet_05$1430                worksheet_05
C:   0000019F  A$worksheet_05$1433                worksheet_05
C:   0000019F  C$worksheet_05.c$105$1$47          worksheet_05
C:   0000019F  XG$Counter_on$0$0                  worksheet_05
C:   000001A0  __divuint                          _divuint
C:   000001D4  _vprintf                           vprintf
C:   000001ED  _printf                            vprintf
C:   000002C4  __print_format                     printf_large
C:   000007D0  _strlen                            _strlen
C:   000007E8  __gptrget                          _gptrget
C:   00000804  __sdcc_external_startup            _startup
ASxxxx Linker V03.00 + NoICE + sdld,  page 34.
Hexadecimal  [32-Bits]

Area                                    Addr        Size        Decimal Bytes (Attributes)
--------------------------------        ----        ----        ------- ----- ------------
CONST                               00000808    0000003E =          62. bytes (REL,CON,CODE)

      Value  Global                              Global Defined In Module
      -----  --------------------------------   ------------------------
C:   00000808  Fworksheet_05$__str_0$0$0          worksheet_05
C:   00000810  Fworksheet_05$__str_1$0$0          worksheet_05

ASxxxx Linker V03.00 + NoICE + sdld,  page 35.

Files Linked                              [ module(s) ]

C:\SiLabs\LITEC\Lab1-2\worksheet_05.rel   [  ]


Libraries Linked                          [ object file ]

C:\Program Files\SDCC\bin\..\lib\small/libint.lib
                                          [ _divuint.rel ]
C:\Program Files\SDCC\bin\..\lib\small/mcs51.lib
                                          [ crtclear.rel ]
C:\Program Files\SDCC\bin\..\lib\small/mcs51.lib
                                          [ crtxinit.rel ]
C:\Program Files\SDCC\bin\..\lib\small/mcs51.lib
                                          [ crtxclear.rel ]
C:\Program Files\SDCC\bin\..\lib\small/libsdcc.lib
                                          [ vprintf.rel ]
C:\Program Files\SDCC\bin\..\lib\small/libsdcc.lib
                                          [ printf_large.rel ]
C:\Program Files\SDCC\bin\..\lib\small/libsdcc.lib
                                          [ _strlen.rel ]
C:\Program Files\SDCC\bin\..\lib\small/mcs51.lib
                                          [ crtstart.rel ]
C:\Program Files\SDCC\bin\..\lib\small/libsdcc.lib
                                          [ _gptrget.rel ]
C:\Program Files\SDCC\bin\..\lib\small/libsdcc.lib
                                          [ _startup.rel ]
C:\Program Files\SDCC\bin\..\lib\small/libsdcc.lib
                                          [ _bp.rel ]

ASxxxx Linker V03.00 + NoICE + sdld,  page 36.

User Base Address Definitions

HOME = 0x0000
XSEG = 0x0001
PSEG = 0x0001
ISEG = 0x0000
BSEG = 0x0000

