ASxxxx Linker V03.00 + NoICE + sdld,  page 1.
Hexadecimal  [32-Bits]

Area                                    Addr        Size        Decimal Bytes (Attributes)
--------------------------------        ----        ----        ------- ----- ------------
CABS                                00000000    00000000 =           0. bytes (ABS,CON,CODE)

      Value  Global                              Global Defined In Module
      -----  --------------------------------   ------------------------
C:   00000000  l_BIT_BANK                      
C:   00000000  l_CABS                          
C:   00000000  l_GSINIT1                       
C:   00000000  l_GSINIT5                       
C:   00000000  l_IABS                          
C:   00000000  l_PSEG                          
C:   00000000  l_REG_BANK_1                    
C:   00000000  l_REG_BANK_2                    
C:   00000000  l_REG_BANK_3                    
C:   00000000  l_RSEG                          
C:   00000000  l_RSEG0                         
C:   00000000  l_RSEG1                         
C:   00000000  l_XABS                          
C:   00000000  l_XINIT                         
C:   00000000  l_XISEG                         
C:   00000000  l__CODE                         
C:   00000000  s_BSEG                          
C:   00000000  s_CABS                          
C:   00000000  s_DSEG                          
C:   00000000  s_HOME                          
C:   00000000  s_IABS                          
C:   00000000  s_REG_BANK_0                    
C:   00000000  s_RSEG                          
C:   00000000  s_RSEG0                         
C:   00000000  s_RSEG1                         
C:   00000000  s_XABS                          
C:   00000001  s_PSEG                          
C:   00000001  s_XSEG                          
C:   00000002  l_BSEG_BYTES                    
C:   00000003  l_GSFINAL                       
C:   00000003  l_GSINIT0                       
C:   00000006  l_ISEG                          
C:   00000006  l_OSEG                          
C:   00000008  l_REG_BANK_0                    
C:   00000008  s_REG_BANK_1                    
C:   0000000A  l_BSEG                          
C:   0000000A  l_GSINIT2                       
C:   00000010  s_REG_BANK_2                    
C:   00000011  s_OSEG                          
C:   00000017  s_ISEG                          
C:   00000018  s_BIT_BANK                      
C:   00000018  s_REG_BANK_3                    
C:   00000020  s_BSEG_BYTES                    
C:   00000020  s__CODE                         
C:   00000022  l_GSINIT3                       
C:   0000002A  l_GSINIT4                       
C:   00000050  l_XSEG                          
C:   00000051  l_HOME                          
C:   00000051  s_GSINIT0                       
C:   00000051  s_XISEG                         
ASxxxx Linker V03.00 + NoICE + sdld,  page 2.
Hexadecimal  [32-Bits]

Area                                    Addr        Size        Decimal Bytes (Attributes)
--------------------------------        ----        ----        ------- ----- ------------
CABS                                00000000    00000000 =           0. bytes (ABS,CON,CODE)

      Value  Global                              Global Defined In Module
      -----  --------------------------------   ------------------------
C:   00000054  s_GSINIT1                       
C:   00000054  s_GSINIT2                       
C:   0000005E  s_GSINIT3                       
C:   00000064  l_GSINIT                        
C:   00000077  s_SSEG                          
C:   0000007D  l_DSEG                          
C:   00000080  s_GSINIT4                       
C:   00000089  l_SSEG                          
C:   000000AA  s_GSINIT                        
C:   000000AA  s_GSINIT5                       
C:   00000100  l_IRAM                          
C:   0000010E  s_GSFINAL                       
C:   00000111  s_CSEG                          
C:   00000116  l_CONST                         
C:   00001630  l_CSEG                          
C:   00001741  s_CONST                         
C:   00001857  s_XINIT                         

ASxxxx Linker V03.00 + NoICE + sdld,  page 3.
Hexadecimal  [32-Bits]

Area                                    Addr        Size        Decimal Bytes (Attributes)
--------------------------------        ----        ----        ------- ----- ------------
.  .ABS.                            00000000    00000000 =           0. bytes (ABS,CON)

      Value  Global                              Global Defined In Module
      -----  --------------------------------   ------------------------
     00000000  .__.ABS.                           _fs2ulong
     00000080  G$P0$0$0                           lab6
     00000080  G$P0_0$0$0                         lab6
     00000080  _P0                                lab6
     00000080  _P0_0                              lab6
     00000081  G$P0_1$0$0                         lab6
     00000081  G$SP$0$0                           lab6
     00000081  _P0_1                              lab6
     00000081  _SP                                lab6
     00000082  G$DPL$0$0                          lab6
     00000082  G$P0_2$0$0                         lab6
     00000082  _DPL                               lab6
     00000082  _P0_2                              lab6
     00000083  G$BUS_SCL$0$0                      lab6
     00000083  G$DPH$0$0                          lab6
     00000083  G$P0_3$0$0                         lab6
     00000083  _BUS_SCL                           lab6
     00000083  _DPH                               lab6
     00000083  _P0_3                              lab6
     00000084  G$P0_4$0$0                         lab6
     00000084  G$P4$0$0                           lab6
     00000084  _P0_4                              lab6
     00000084  _P4                                lab6
     00000085  G$P0_5$0$0                         lab6
     00000085  G$P5$0$0                           lab6
     00000085  _P0_5                              lab6
     00000085  _P5                                lab6
     00000086  G$P0_6$0$0                         lab6
     00000086  G$P6$0$0                           lab6
     00000086  _P0_6                              lab6
     00000086  _P6                                lab6
     00000087  G$P0_7$0$0                         lab6
     00000087  G$PCON$0$0                         lab6
     00000087  _P0_7                              lab6
     00000087  _PCON                              lab6
     00000088  G$IT0$0$0                          lab6
     00000088  G$TCON$0$0                         lab6
     00000088  _IT0                               lab6
     00000088  _TCON                              lab6
     00000089  G$IE0$0$0                          lab6
     00000089  G$TMOD$0$0                         lab6
     00000089  _IE0                               lab6
     00000089  _TMOD                              lab6
     0000008A  G$IT1$0$0                          lab6
     0000008A  G$TL0$0$0                          lab6
     0000008A  _IT1                               lab6
     0000008A  _TL0                               lab6
     0000008B  G$IE1$0$0                          lab6
     0000008B  G$TL1$0$0                          lab6
     0000008B  _IE1                               lab6
ASxxxx Linker V03.00 + NoICE + sdld,  page 4.
Hexadecimal  [32-Bits]

Area                                    Addr        Size        Decimal Bytes (Attributes)
--------------------------------        ----        ----        ------- ----- ------------
.  .ABS.                            00000000    00000000 =           0. bytes (ABS,CON)

      Value  Global                              Global Defined In Module
      -----  --------------------------------   ------------------------
     0000008B  _TL1                               lab6
     0000008C  G$TH0$0$0                          lab6
     0000008C  G$TR0$0$0                          lab6
     0000008C  _TH0                               lab6
     0000008C  _TR0                               lab6
     0000008D  G$TF0$0$0                          lab6
     0000008D  G$TH1$0$0                          lab6
     0000008D  _TF0                               lab6
     0000008D  _TH1                               lab6
     0000008E  G$CKCON$0$0                        lab6
     0000008E  G$TR1$0$0                          lab6
     0000008E  _CKCON                             lab6
     0000008E  _TR1                               lab6
     0000008F  G$PSCTL$0$0                        lab6
     0000008F  G$TF1$0$0                          lab6
     0000008F  _PSCTL                             lab6
     0000008F  _TF1                               lab6
     00000090  G$P1$0$0                           lab6
     00000090  G$P1_0$0$0                         lab6
     00000090  _P1                                lab6
     00000090  _P1_0                              lab6
     00000091  G$P1_1$0$0                         lab6
     00000091  G$TMR3CN$0$0                       lab6
     00000091  _P1_1                              lab6
     00000091  _TMR3CN                            lab6
     00000092  G$P1_2$0$0                         lab6
     00000092  G$TMR3RLL$0$0                      lab6
     00000092  _P1_2                              lab6
     00000092  _TMR3RLL                           lab6
     00000093  G$P1_3$0$0                         lab6
     00000093  G$TMR3RLH$0$0                      lab6
     00000093  _P1_3                              lab6
     00000093  _TMR3RLH                           lab6
     00000094  G$P1_4$0$0                         lab6
     00000094  G$TMR3L$0$0                        lab6
     00000094  _P1_4                              lab6
     00000094  _TMR3L                             lab6
     00000095  G$P1_5$0$0                         lab6
     00000095  G$TMR3H$0$0                        lab6
     00000095  _P1_5                              lab6
     00000095  _TMR3H                             lab6
     00000096  G$P1_6$0$0                         lab6
     00000096  G$P7$0$0                           lab6
     00000096  _P1_6                              lab6
     00000096  _P7                                lab6
     00000097  G$P1_7$0$0                         lab6
     00000097  _P1_7                              lab6
     00000098  G$RI$0$0                           lab6
     00000098  G$RI0$0$0                          lab6
     00000098  G$SCON$0$0                         lab6
     00000098  G$SCON0$0$0                        lab6
ASxxxx Linker V03.00 + NoICE + sdld,  page 5.
Hexadecimal  [32-Bits]

Area                                    Addr        Size        Decimal Bytes (Attributes)
--------------------------------        ----        ----        ------- ----- ------------
.  .ABS.                            00000000    00000000 =           0. bytes (ABS,CON)

      Value  Global                              Global Defined In Module
      -----  --------------------------------   ------------------------
     00000098  _RI                                lab6
     00000098  _RI0                               lab6
     00000098  _SCON                              lab6
     00000098  _SCON0                             lab6
     00000099  G$SBUF$0$0                         lab6
     00000099  G$SBUF0$0$0                        lab6
     00000099  G$TI$0$0                           lab6
     00000099  G$TI0$0$0                          lab6
     00000099  _SBUF                              lab6
     00000099  _SBUF0                             lab6
     00000099  _TI                                lab6
     00000099  _TI0                               lab6
     0000009A  G$RB8$0$0                          lab6
     0000009A  G$RB80$0$0                         lab6
     0000009A  G$SPI0CFG$0$0                      lab6
     0000009A  _RB8                               lab6
     0000009A  _RB80                              lab6
     0000009A  _SPI0CFG                           lab6
     0000009B  G$SPI0DAT$0$0                      lab6
     0000009B  G$TB8$0$0                          lab6
     0000009B  G$TB80$0$0                         lab6
     0000009B  _SPI0DAT                           lab6
     0000009B  _TB8                               lab6
     0000009B  _TB80                              lab6
     0000009C  G$ADC1$0$0                         lab6
     0000009C  G$REN$0$0                          lab6
     0000009C  G$REN0$0$0                         lab6
     0000009C  _ADC1                              lab6
     0000009C  _REN                               lab6
     0000009C  _REN0                              lab6
     0000009D  G$MCE0$0$0                         lab6
     0000009D  G$SM2$0$0                          lab6
     0000009D  G$SM20$0$0                         lab6
     0000009D  G$SPI0CKR$0$0                      lab6
     0000009D  _MCE0                              lab6
     0000009D  _SM2                               lab6
     0000009D  _SM20                              lab6
     0000009D  _SPI0CKR                           lab6
     0000009E  G$CPT0CN$0$0                       lab6
     0000009E  G$SM1$0$0                          lab6
     0000009E  G$SM10$0$0                         lab6
     0000009E  _CPT0CN                            lab6
     0000009E  _SM1                               lab6
     0000009E  _SM10                              lab6
     0000009F  G$CPT1CN$0$0                       lab6
     0000009F  G$S0MODE$0$0                       lab6
     0000009F  G$SM0$0$0                          lab6
     0000009F  G$SM00$0$0                         lab6
     0000009F  _CPT1CN                            lab6
     0000009F  _S0MODE                            lab6
     0000009F  _SM0                               lab6
ASxxxx Linker V03.00 + NoICE + sdld,  page 6.
Hexadecimal  [32-Bits]

Area                                    Addr        Size        Decimal Bytes (Attributes)
--------------------------------        ----        ----        ------- ----- ------------
.  .ABS.                            00000000    00000000 =           0. bytes (ABS,CON)

      Value  Global                              Global Defined In Module
      -----  --------------------------------   ------------------------
     0000009F  _SM00                              lab6
     000000A0  G$P2$0$0                           lab6
     000000A0  G$P2_0$0$0                         lab6
     000000A0  _P2                                lab6
     000000A0  _P2_0                              lab6
     000000A1  G$EMI0TC$0$0                       lab6
     000000A1  G$P2_1$0$0                         lab6
     000000A1  _EMI0TC                            lab6
     000000A1  _P2_1                              lab6
     000000A2  G$P2_2$0$0                         lab6
     000000A2  _P2_2                              lab6
     000000A3  G$EMI0CF$0$0                       lab6
     000000A3  G$P2_3$0$0                         lab6
     000000A3  _EMI0CF                            lab6
     000000A3  _P2_3                              lab6
     000000A4  G$P0MDOUT$0$0                      lab6
     000000A4  G$P2_4$0$0                         lab6
     000000A4  G$PRT0CF$0$0                       lab6
     000000A4  _P0MDOUT                           lab6
     000000A4  _P2_4                              lab6
     000000A4  _PRT0CF                            lab6
     000000A5  G$P1MDOUT$0$0                      lab6
     000000A5  G$P2_5$0$0                         lab6
     000000A5  G$PRT1CF$0$0                       lab6
     000000A5  _P1MDOUT                           lab6
     000000A5  _P2_5                              lab6
     000000A5  _PRT1CF                            lab6
     000000A6  G$P2MDOUT$0$0                      lab6
     000000A6  G$P2_6$0$0                         lab6
     000000A6  G$PRT2CF$0$0                       lab6
     000000A6  _P2MDOUT                           lab6
     000000A6  _P2_6                              lab6
     000000A6  _PRT2CF                            lab6
     000000A7  G$P2_7$0$0                         lab6
     000000A7  G$P3MDOUT$0$0                      lab6
     000000A7  G$PRT3CF$0$0                       lab6
     000000A7  _P2_7                              lab6
     000000A7  _P3MDOUT                           lab6
     000000A7  _PRT3CF                            lab6
     000000A8  G$EX0$0$0                          lab6
     000000A8  G$IE$0$0                           lab6
     000000A8  _EX0                               lab6
     000000A8  _IE                                lab6
     000000A9  G$ET0$0$0                          lab6
     000000A9  G$SADDR0$0$0                       lab6
     000000A9  _ET0                               lab6
     000000A9  _SADDR0                            lab6
     000000AA  G$ADC1CN$0$0                       lab6
     000000AA  G$EX1$0$0                          lab6
     000000AA  _ADC1CN                            lab6
     000000AA  _EX1                               lab6
ASxxxx Linker V03.00 + NoICE + sdld,  page 7.
Hexadecimal  [32-Bits]

Area                                    Addr        Size        Decimal Bytes (Attributes)
--------------------------------        ----        ----        ------- ----- ------------
.  .ABS.                            00000000    00000000 =           0. bytes (ABS,CON)

      Value  Global                              Global Defined In Module
      -----  --------------------------------   ------------------------
     000000AB  G$ADC1CF$0$0                       lab6
     000000AB  G$ET1$0$0                          lab6
     000000AB  _ADC1CF                            lab6
     000000AB  _ET1                               lab6
     000000AC  G$AMX1SL$0$0                       lab6
     000000AC  G$ES$0$0                           lab6
     000000AC  G$ES0$0$0                          lab6
     000000AC  _AMX1SL                            lab6
     000000AC  _ES                                lab6
     000000AC  _ES0                               lab6
     000000AD  G$ET2$0$0                          lab6
     000000AD  G$P3IF$0$0                         lab6
     000000AD  _ET2                               lab6
     000000AD  _P3IF                              lab6
     000000AE  G$SADEN1$0$0                       lab6
     000000AE  _SADEN1                            lab6
     000000AF  G$EA$0$0                           lab6
     000000AF  G$EMI0CN$0$0                       lab6
     000000AF  G$_XPAGE$0$0                       lab6
     000000AF  _EA                                lab6
     000000AF  _EMI0CN                            lab6
     000000AF  __XPAGE                            lab6
     000000B0  G$P3$0$0                           lab6
     000000B0  G$P3_0$0$0                         lab6
     000000B0  _P3                                lab6
     000000B0  _P3_0                              lab6
     000000B1  G$OSCXCN$0$0                       lab6
     000000B1  G$P3_1$0$0                         lab6
     000000B1  _OSCXCN                            lab6
     000000B1  _P3_1                              lab6
     000000B2  G$OSCICN$0$0                       lab6
     000000B2  G$P3_2$0$0                         lab6
     000000B2  _OSCICN                            lab6
     000000B2  _P3_2                              lab6
     000000B3  G$P3_3$0$0                         lab6
     000000B3  _P3_3                              lab6
     000000B4  G$P3_4$0$0                         lab6
     000000B4  _P3_4                              lab6
     000000B5  G$P3_5$0$0                         lab6
     000000B5  G$P74OUT$0$0                       lab6
     000000B5  _P3_5                              lab6
     000000B5  _P74OUT                            lab6
     000000B6  G$FLSCL$0$0                        lab6
     000000B6  G$P3_6$0$0                         lab6
     000000B6  _FLSCL                             lab6
     000000B6  _P3_6                              lab6
     000000B7  G$FLACL$0$0                        lab6
     000000B7  G$P3_7$0$0                         lab6
     000000B7  _FLACL                             lab6
     000000B7  _P3_7                              lab6
     000000B8  G$IP$0$0                           lab6
ASxxxx Linker V03.00 + NoICE + sdld,  page 8.
Hexadecimal  [32-Bits]

Area                                    Addr        Size        Decimal Bytes (Attributes)
--------------------------------        ----        ----        ------- ----- ------------
.  .ABS.                            00000000    00000000 =           0. bytes (ABS,CON)

      Value  Global                              Global Defined In Module
      -----  --------------------------------   ------------------------
     000000B8  G$PX0$0$0                          lab6
     000000B8  _IP                                lab6
     000000B8  _PX0                               lab6
     000000B9  G$PT0$0$0                          lab6
     000000B9  G$SADEN0$0$0                       lab6
     000000B9  _PT0                               lab6
     000000B9  _SADEN0                            lab6
     000000BA  G$AMX0CF$0$0                       lab6
     000000BA  G$PX1$0$0                          lab6
     000000BA  _AMX0CF                            lab6
     000000BA  _PX1                               lab6
     000000BB  G$AMX0SL$0$0                       lab6
     000000BB  G$PT1$0$0                          lab6
     000000BB  _AMX0SL                            lab6
     000000BB  _PT1                               lab6
     000000BC  G$ADC0CF$0$0                       lab6
     000000BC  G$PS$0$0                           lab6
     000000BC  G$PS0$0$0                          lab6
     000000BC  _ADC0CF                            lab6
     000000BC  _PS                                lab6
     000000BC  _PS0                               lab6
     000000BD  G$P1MDIN$0$0                       lab6
     000000BD  G$PT2$0$0                          lab6
     000000BD  _P1MDIN                            lab6
     000000BD  _PT2                               lab6
     000000BE  G$ADC0L$0$0                        lab6
     000000BE  _ADC0L                             lab6
     000000BF  G$ADC0H$0$0                        lab6
     000000BF  _ADC0H                             lab6
     000000C0  G$BUS_TOE$0$0                      lab6
     000000C0  G$SMB0CN$0$0                       lab6
     000000C0  G$SMBTOE$0$0                       lab6
     000000C0  _BUS_TOE                           lab6
     000000C0  _SMB0CN                            lab6
     000000C0  _SMBTOE                            lab6
     000000C1  G$BUS_FTE$0$0                      lab6
     000000C1  G$SMB0STA$0$0                      lab6
     000000C1  G$SMBFTE$0$0                       lab6
     000000C1  _BUS_FTE                           lab6
     000000C1  _SMB0STA                           lab6
     000000C1  _SMBFTE                            lab6
     000000C2  G$AA$0$0                           lab6
     000000C2  G$BUS_AA$0$0                       lab6
     000000C2  G$SMB0DAT$0$0                      lab6
     000000C2  _AA                                lab6
     000000C2  _BUS_AA                            lab6
     000000C2  _SMB0DAT                           lab6
     000000C3  G$BUS_INT$0$0                      lab6
     000000C3  G$SI$0$0                           lab6
     000000C3  G$SMB0ADR$0$0                      lab6
     000000C3  _BUS_INT                           lab6
ASxxxx Linker V03.00 + NoICE + sdld,  page 9.
Hexadecimal  [32-Bits]

Area                                    Addr        Size        Decimal Bytes (Attributes)
--------------------------------        ----        ----        ------- ----- ------------
.  .ABS.                            00000000    00000000 =           0. bytes (ABS,CON)

      Value  Global                              Global Defined In Module
      -----  --------------------------------   ------------------------
     000000C3  _SI                                lab6
     000000C3  _SMB0ADR                           lab6
     000000C4  G$ADC0GTL$0$0                      lab6
     000000C4  G$BUS_STOP$0$0                     lab6
     000000C4  G$STO$0$0                          lab6
     000000C4  _ADC0GTL                           lab6
     000000C4  _BUS_STOP                          lab6
     000000C4  _STO                               lab6
     000000C5  G$ADC0GTH$0$0                      lab6
     000000C5  G$BUS_START$0$0                    lab6
     000000C5  G$STA$0$0                          lab6
     000000C5  _ADC0GTH                           lab6
     000000C5  _BUS_START                         lab6
     000000C5  _STA                               lab6
     000000C6  G$ADC0LTL$0$0                      lab6
     000000C6  G$BUS_EN$0$0                       lab6
     000000C6  G$ENSMB$0$0                        lab6
     000000C6  _ADC0LTL                           lab6
     000000C6  _BUS_EN                            lab6
     000000C6  _ENSMB                             lab6
     000000C7  G$ADC0LTH$0$0                      lab6
     000000C7  G$BUSY$0$0                         lab6
     000000C7  G$BUS_BUSY$0$0                     lab6
     000000C7  _ADC0LTH                           lab6
     000000C7  _BUSY                              lab6
     000000C7  _BUS_BUSY                          lab6
     000000C8  G$CPRL2$0$0                        lab6
     000000C8  G$T2CON$0$0                        lab6
     000000C8  _CPRL2                             lab6
     000000C8  _T2CON                             lab6
     000000C9  G$CT2$0$0                          lab6
     000000C9  G$T4CON$0$0                        lab6
     000000C9  _CT2                               lab6
     000000C9  _T4CON                             lab6
     000000CA  G$RCAP2L$0$0                       lab6
     000000CA  G$TR2$0$0                          lab6
     000000CA  _RCAP2L                            lab6
     000000CA  _TR2                               lab6
     000000CB  G$EXEN2$0$0                        lab6
     000000CB  G$RCAP2H$0$0                       lab6
     000000CB  _EXEN2                             lab6
     000000CB  _RCAP2H                            lab6
     000000CC  G$TCLK$0$0                         lab6
     000000CC  G$TL2$0$0                          lab6
     000000CC  _TCLK                              lab6
     000000CC  _TL2                               lab6
     000000CD  G$RCLK$0$0                         lab6
     000000CD  G$TH2$0$0                          lab6
     000000CD  _RCLK                              lab6
     000000CD  _TH2                               lab6
     000000CE  G$EXF2$0$0                         lab6
ASxxxx Linker V03.00 + NoICE + sdld,  page 10.
Hexadecimal  [32-Bits]

Area                                    Addr        Size        Decimal Bytes (Attributes)
--------------------------------        ----        ----        ------- ----- ------------
.  .ABS.                            00000000    00000000 =           0. bytes (ABS,CON)

      Value  Global                              Global Defined In Module
      -----  --------------------------------   ------------------------
     000000CE  _EXF2                              lab6
     000000CF  G$SMB0CR$0$0                       lab6
     000000CF  G$TF2$0$0                          lab6
     000000CF  _SMB0CR                            lab6
     000000CF  _TF2                               lab6
     000000D0  G$P$0$0                            lab6
     000000D0  G$PSW$0$0                          lab6
     000000D0  _P                                 lab6
     000000D0  _PSW                               lab6
     000000D1  G$F1$0$0                           lab6
     000000D1  G$REF0CN$0$0                       lab6
     000000D1  _F1                                lab6
     000000D1  _REF0CN                            lab6
     000000D2  G$DAC0L$0$0                        lab6
     000000D2  G$OV$0$0                           lab6
     000000D2  _DAC0L                             lab6
     000000D2  _OV                                lab6
     000000D3  G$DAC0H$0$0                        lab6
     000000D3  G$RS0$0$0                          lab6
     000000D3  _DAC0H                             lab6
     000000D3  _RS0                               lab6
     000000D4  G$DAC0CN$0$0                       lab6
     000000D4  G$RS1$0$0                          lab6
     000000D4  _DAC0CN                            lab6
     000000D4  _RS1                               lab6
     000000D5  G$DAC1L$0$0                        lab6
     000000D5  G$F0$0$0                           lab6
     000000D5  _DAC1L                             lab6
     000000D5  _F0                                lab6
     000000D6  G$AC$0$0                           lab6
     000000D6  G$DAC1H$0$0                        lab6
     000000D6  _AC                                lab6
     000000D6  _DAC1H                             lab6
     000000D7  G$CY$0$0                           lab6
     000000D7  G$DAC1CN$0$0                       lab6
     000000D7  _CY                                lab6
     000000D7  _DAC1CN                            lab6
     000000D8  G$CCF0$0$0                         lab6
     000000D8  G$PCA0CN$0$0                       lab6
     000000D8  _CCF0                              lab6
     000000D8  _PCA0CN                            lab6
     000000D9  G$CCF1$0$0                         lab6
     000000D9  G$PCA0MD$0$0                       lab6
     000000D9  _CCF1                              lab6
     000000D9  _PCA0MD                            lab6
     000000DA  G$CCF2$0$0                         lab6
     000000DA  G$PCA0CPM0$0$0                     lab6
     000000DA  _CCF2                              lab6
     000000DA  _PCA0CPM0                          lab6
     000000DB  G$CCF3$0$0                         lab6
     000000DB  G$PCA0CPM1$0$0                     lab6
ASxxxx Linker V03.00 + NoICE + sdld,  page 11.
Hexadecimal  [32-Bits]

Area                                    Addr        Size        Decimal Bytes (Attributes)
--------------------------------        ----        ----        ------- ----- ------------
.  .ABS.                            00000000    00000000 =           0. bytes (ABS,CON)

      Value  Global                              Global Defined In Module
      -----  --------------------------------   ------------------------
     000000DB  _CCF3                              lab6
     000000DB  _PCA0CPM1                          lab6
     000000DC  G$CCF4$0$0                         lab6
     000000DC  G$PCA0CPM2$0$0                     lab6
     000000DC  _CCF4                              lab6
     000000DC  _PCA0CPM2                          lab6
     000000DD  G$PCA0CPM3$0$0                     lab6
     000000DD  _PCA0CPM3                          lab6
     000000DE  G$CR$0$0                           lab6
     000000DE  G$PCA0CPM4$0$0                     lab6
     000000DE  _CR                                lab6
     000000DE  _PCA0CPM4                          lab6
     000000DF  G$CF$0$0                           lab6
     000000DF  _CF                                lab6
     000000E0  G$ACC$0$0                          lab6
     000000E0  _ACC                               lab6
     000000E1  G$XBR0$0$0                         lab6
     000000E1  _XBR0                              lab6
     000000E2  G$XBR1$0$0                         lab6
     000000E2  _XBR1                              lab6
     000000E3  G$XBR2$0$0                         lab6
     000000E3  _XBR2                              lab6
     000000E4  G$RCAP4L$0$0                       lab6
     000000E4  _RCAP4L                            lab6
     000000E5  G$RCAP4H$0$0                       lab6
     000000E5  _RCAP4H                            lab6
     000000E6  G$EIE1$0$0                         lab6
     000000E6  _EIE1                              lab6
     000000E7  G$EIE2$0$0                         lab6
     000000E7  _EIE2                              lab6
     000000E8  G$AD0LJST$0$0                      lab6
     000000E8  G$ADC0CN$0$0                       lab6
     000000E8  G$ADLJST$0$0                       lab6
     000000E8  _AD0LJST                           lab6
     000000E8  _ADC0CN                            lab6
     000000E8  _ADLJST                            lab6
     000000E9  G$AD0WINT$0$0                      lab6
     000000E9  G$ADWINT$0$0                       lab6
     000000E9  G$PCA0L$0$0                        lab6
     000000E9  _AD0WINT                           lab6
     000000E9  _ADWINT                            lab6
     000000E9  _PCA0L                             lab6
     000000EA  G$AD0CM0$0$0                       lab6
     000000EA  G$ADSTM0$0$0                       lab6
     000000EA  G$PCA0CPL0$0$0                     lab6
     000000EA  _AD0CM0                            lab6
     000000EA  _ADSTM0                            lab6
     000000EA  _PCA0CPL0                          lab6
     000000EB  G$AD0CM1$0$0                       lab6
     000000EB  G$ADSTM1$0$0                       lab6
     000000EB  G$PCA0CPL1$0$0                     lab6
ASxxxx Linker V03.00 + NoICE + sdld,  page 12.
Hexadecimal  [32-Bits]

Area                                    Addr        Size        Decimal Bytes (Attributes)
--------------------------------        ----        ----        ------- ----- ------------
.  .ABS.                            00000000    00000000 =           0. bytes (ABS,CON)

      Value  Global                              Global Defined In Module
      -----  --------------------------------   ------------------------
     000000EB  _AD0CM1                            lab6
     000000EB  _ADSTM1                            lab6
     000000EB  _PCA0CPL1                          lab6
     000000EC  G$AD0BUSY$0$0                      lab6
     000000EC  G$ADBUSY$0$0                       lab6
     000000EC  G$PCA0CPL2$0$0                     lab6
     000000EC  _AD0BUSY                           lab6
     000000EC  _ADBUSY                            lab6
     000000EC  _PCA0CPL2                          lab6
     000000ED  G$AD0INT$0$0                       lab6
     000000ED  G$ADCINT$0$0                       lab6
     000000ED  G$PCA0CPL3$0$0                     lab6
     000000ED  _AD0INT                            lab6
     000000ED  _ADCINT                            lab6
     000000ED  _PCA0CPL3                          lab6
     000000EE  G$AD0TM$0$0                        lab6
     000000EE  G$ADCTM$0$0                        lab6
     000000EE  G$PCA0CPL4$0$0                     lab6
     000000EE  _AD0TM                             lab6
     000000EE  _ADCTM                             lab6
     000000EE  _PCA0CPL4                          lab6
     000000EF  G$AD0EN$0$0                        lab6
     000000EF  G$ADCEN$0$0                        lab6
     000000EF  G$RSTSRC$0$0                       lab6
     000000EF  _AD0EN                             lab6
     000000EF  _ADCEN                             lab6
     000000EF  _RSTSRC                            lab6
     000000F0  G$B$0$0                            lab6
     000000F0  _B                                 lab6
     000000F1  G$SCON1$0$0                        lab6
     000000F1  _SCON1                             lab6
     000000F2  G$SBUF1$0$0                        lab6
     000000F2  _SBUF1                             lab6
     000000F3  G$SADDR1$0$0                       lab6
     000000F3  _SADDR1                            lab6
     000000F4  G$TL4$0$0                          lab6
     000000F4  _TL4                               lab6
     000000F5  G$TH4$0$0                          lab6
     000000F5  _B_5                               _gptrget
     000000F5  _TH4                               lab6
     000000F6  G$EIP1$0$0                         lab6
     000000F6  _B_6                               _gptrget
     000000F6  _EIP1                              lab6
     000000F7  G$EIP2$0$0                         lab6
     000000F7  _B_7                               _gptrget
     000000F7  _EIP2                              lab6
     000000F8  G$SPI0CN$0$0                       lab6
     000000F8  G$SPIEN$0$0                        lab6
     000000F8  _SPI0CN                            lab6
     000000F8  _SPIEN                             lab6
     000000F9  G$MSTEN$0$0                        lab6
ASxxxx Linker V03.00 + NoICE + sdld,  page 13.
Hexadecimal  [32-Bits]

Area                                    Addr        Size        Decimal Bytes (Attributes)
--------------------------------        ----        ----        ------- ----- ------------
.  .ABS.                            00000000    00000000 =           0. bytes (ABS,CON)

      Value  Global                              Global Defined In Module
      -----  --------------------------------   ------------------------
     000000F9  G$PCA0H$0$0                        lab6
     000000F9  _MSTEN                             lab6
     000000F9  _PCA0H                             lab6
     000000FA  G$PCA0CPH0$0$0                     lab6
     000000FA  G$SLVSEL$0$0                       lab6
     000000FA  _PCA0CPH0                          lab6
     000000FA  _SLVSEL                            lab6
     000000FB  G$PCA0CPH1$0$0                     lab6
     000000FB  G$TXBSY$0$0                        lab6
     000000FB  _PCA0CPH1                          lab6
     000000FB  _TXBSY                             lab6
     000000FC  G$PCA0CPH2$0$0                     lab6
     000000FC  G$RXOVRN$0$0                       lab6
     000000FC  _PCA0CPH2                          lab6
     000000FC  _RXOVRN                            lab6
     000000FD  G$MODF$0$0                         lab6
     000000FD  G$PCA0CPH3$0$0                     lab6
     000000FD  _MODF                              lab6
     000000FD  _PCA0CPH3                          lab6
     000000FE  G$PCA0CPH4$0$0                     lab6
     000000FE  G$WCOL$0$0                         lab6
     000000FE  _PCA0CPH4                          lab6
     000000FE  _WCOL                              lab6
     000000FF  G$SPIF$0$0                         lab6
     000000FF  G$WDTCN$0$0                        lab6
     000000FF  _SPIF                              lab6
     000000FF  _WDTCN                             lab6
     00008C8A  G$TMR0$0$0                         lab6
     00008C8A  _TMR0                              lab6
     00008D8B  G$TMR1$0$0                         lab6
     00008D8B  _TMR1                              lab6
     00009392  G$TMR3RL$0$0                       lab6
     00009392  _TMR3RL                            lab6
     00009594  G$TMR3$0$0                         lab6
     00009594  _TMR3                              lab6
     0000BFBE  G$ADC0$0$0                         lab6
     0000BFBE  _ADC0                              lab6
     0000C5C4  G$ADC0GT$0$0                       lab6
     0000C5C4  _ADC0GT                            lab6
     0000C7C6  G$ADC0LT$0$0                       lab6
     0000C7C6  _ADC0LT                            lab6
     0000CBCA  G$RCAP2$0$0                        lab6
     0000CBCA  _RCAP2                             lab6
     0000CDCC  G$TMR2$0$0                         lab6
     0000CDCC  _TMR2                              lab6
     0000D3D2  G$DAC0$0$0                         lab6
     0000D3D2  _DAC0                              lab6
     0000D6D5  G$DAC1$0$0                         lab6
     0000D6D5  _DAC1                              lab6
     0000E5E4  G$RCAP4$0$0                        lab6
     0000E5E4  _RCAP4                             lab6
ASxxxx Linker V03.00 + NoICE + sdld,  page 14.
Hexadecimal  [32-Bits]

Area                                    Addr        Size        Decimal Bytes (Attributes)
--------------------------------        ----        ----        ------- ----- ------------
.  .ABS.                            00000000    00000000 =           0. bytes (ABS,CON)

      Value  Global                              Global Defined In Module
      -----  --------------------------------   ------------------------
     0000F5F4  G$TMR4$0$0                         lab6
     0000F5F4  _TMR4                              lab6
     0000F9E9  G$PCA0$0$0                         lab6
     0000F9E9  _PCA0                              lab6
     0000FAEA  G$PCA0CP0$0$0                      lab6
     0000FAEA  _PCA0CP0                           lab6
     0000FBEB  G$PCA0CP1$0$0                      lab6
     0000FBEB  _PCA0CP1                           lab6
     0000FCEC  G$PCA0CP2$0$0                      lab6
     0000FCEC  _PCA0CP2                           lab6
     0000FDED  G$PCA0CP3$0$0                      lab6
     0000FDED  _PCA0CP3                           lab6
     0000FEEE  G$PCA0CP4$0$0                      lab6
     0000FEEE  _PCA0CP4                           lab6

ASxxxx Linker V03.00 + NoICE + sdld,  page 15.
Hexadecimal  [32-Bits]

Area                                    Addr        Size        Decimal Bytes (Attributes)
--------------------------------        ----        ----        ------- ----- ------------
BSEG_BYTES                          00000020    00000002 =           2. bytes (REL,CON)

      Value  Global                              Global Defined In Module
      -----  --------------------------------   ------------------------
ASxxxx Linker V03.00 + NoICE + sdld,  page 16.
Hexadecimal  [32-Bits]

Area                                    Addr        Size        Decimal Bytes (Attributes)
--------------------------------        ----        ----        ------- ----- ------------
REG_BANK_0                          00000000    00000008 =           8. bytes (REL,OVR)

      Value  Global                              Global Defined In Module
      -----  --------------------------------   ------------------------
ASxxxx Linker V03.00 + NoICE + sdld,  page 17.
Hexadecimal  [32-Bits]

Area                                    Addr        Size        Decimal Bytes (Attributes)
--------------------------------        ----        ----        ------- ----- ------------
DSEG                                00000000    0000007D =         125. bytes (REL,CON)

      Value  Global                              Global Defined In Module
      -----  --------------------------------   ------------------------
     00000008  _vsprintf_PARM_2                   sprintf
     0000000B  _vsprintf_PARM_3                   sprintf
     0000000F  _bp                                _bp
     00000010  _vprintf_PARM_2                    vprintf
     00000022  G$Data2$0$0                        lab6
     00000022  _Data2                             lab6
     00000025  Llab6.aligned_alloc$size$1$39      lab6
     00000025  _aligned_alloc_PARM_2              lab6
     00000027  Llab6.lcd_clear$NumBytes$1$85      lab6
     00000028  Llab6.lcd_clear$Cmd$1$85           lab6
     0000002A  Llab6.read_keypad$Data$1$86        lab6
     0000002C  Llab6.i2c_write_data$start_reg$1   lab6
     0000002C  _i2c_write_data_PARM_2             lab6
     0000002D  Llab6.i2c_write_data$buffer$1$10   lab6
     0000002D  _i2c_write_data_PARM_3             lab6
     00000030  Llab6.i2c_write_data$num_bytes$1   lab6
     00000030  _i2c_write_data_PARM_4             lab6
     00000031  Llab6.i2c_read_data$start_reg$1$   lab6
     00000031  _i2c_read_data_PARM_2              lab6
     00000032  Llab6.i2c_read_data$buffer$1$107   lab6
     00000032  _i2c_read_data_PARM_3              lab6
     00000035  Llab6.i2c_read_data$num_bytes$1$   lab6
     00000035  _i2c_read_data_PARM_4              lab6
     00000036  G$ccount$0$0                       lab6
     00000036  _ccount                            lab6
     00000037  G$rcount$0$0                       lab6
     00000037  _rcount                            lab6
     00000038  G$count$0$0                        lab6
     00000038  _count                             lab6
     00000039  G$heading$0$0                      lab6
     00000039  _heading                           lab6
     0000003B  G$desired$0$0                      lab6
     0000003B  _desired                           lab6
     0000003D  G$desired_original$0$0             lab6
     0000003D  _desired_original                  lab6
     0000003F  G$print_count$0$0                  lab6
     0000003F  _print_count                       lab6
     00000040  G$input$0$0                        lab6
     00000040  _input                             lab6
     00000041  G$Data$0$0                         lab6
     00000041  _Data                              lab6
     00000043  G$battery$0$0                      lab6
     00000043  _battery                           lab6
     00000045  G$rangervalue$0$0                  lab6
     00000045  _rangervalue                       lab6
     00000047  G$left_PW$0$0                      lab6
     00000047  _left_PW                           lab6
     0000004B  G$right_PW$0$0                     lab6
     0000004B  _right_PW                          lab6
     0000004F  G$error$0$0                        lab6
ASxxxx Linker V03.00 + NoICE + sdld,  page 18.
Hexadecimal  [32-Bits]

Area                                    Addr        Size        Decimal Bytes (Attributes)
--------------------------------        ----        ----        ------- ----- ------------
DSEG                                00000000    0000007D =         125. bytes (REL,CON)

      Value  Global                              Global Defined In Module
      -----  --------------------------------   ------------------------
     0000004F  _error                             lab6
     00000051  G$prev_error$0$0                   lab6
     00000051  _prev_error                        lab6
     00000053  G$kp$0$0                           lab6
     00000053  _kp                                lab6
     00000057  G$kd$0$0                           lab6
     00000057  _kd                                lab6
     00000059  G$PW_vert$0$0                      lab6
     00000059  _PW_vert                           lab6
     0000005B  G$angle_PW$0$0                     lab6
     0000005B  _angle_PW                          lab6
     00000069  __print_format_PARM_2              printf_large
     0000006C  __print_format_PARM_3              printf_large
     0000006F  __print_format_PARM_4              printf_large

ASxxxx Linker V03.00 + NoICE + sdld,  page 19.
Hexadecimal  [32-Bits]

Area                                    Addr        Size        Decimal Bytes (Attributes)
--------------------------------        ----        ----        ------- ----- ------------
OSEG                                00000011    00000006 =           6. bytes (REL,OVR)

      Value  Global                              Global Defined In Module
      -----  --------------------------------   ------------------------
     00000011  __gptrput_PARM_2                   _gptrput
     00000011  __mulint_PARM_2                    _mulint
     00000011  __mullong_PARM_2                   _mullong
ASxxxx Linker V03.00 + NoICE + sdld,  page 20.
Hexadecimal  [32-Bits]

Area                                    Addr        Size        Decimal Bytes (Attributes)
--------------------------------        ----        ----        ------- ----- ------------
ISEG                                00000017    00000006 =           6. bytes (REL,CON)

      Value  Global                              Global Defined In Module
      -----  --------------------------------   ------------------------
ASxxxx Linker V03.00 + NoICE + sdld,  page 21.
Hexadecimal  [32-Bits]

Area                                    Addr        Size        Decimal Bytes (Attributes)
--------------------------------        ----        ----        ------- ----- ------------
SSEG                                00000077    00000089 =         137. bytes (REL,OVR)

      Value  Global                              Global Defined In Module
      -----  --------------------------------   ------------------------
     00000077  __start__stack                     lab6

ASxxxx Linker V03.00 + NoICE + sdld,  page 22.
Hexadecimal  [32-Bits]

Area                                    Addr        Size        Decimal Bytes (Attributes)
--------------------------------        ----        ----        ------- ----- ------------
XSEG                                00000001    00000050 =          80. bytes (REL,CON,XDATA)

      Value  Global                              Global Defined In Module
      -----  --------------------------------   ------------------------
D:   00000001  Llab6.lcd_print$text$1$81          lab6

ASxxxx Linker V03.00 + NoICE + sdld,  page 23.
Hexadecimal  [32-Bits]

Area                                    Addr        Size        Decimal Bytes (Attributes)
--------------------------------        ----        ----        ------- ----- ------------
HOME                                00000000    00000051 =          81. bytes (REL,CON,CODE)

      Value  Global                              Global Defined In Module
      -----  --------------------------------   ------------------------
C:   00000000  A$lab6$1102                        lab6
C:   00000003  A$lab6$1103                        lab6
C:   0000000B  A$lab6$1105                        lab6
C:   00000013  A$lab6$1107                        lab6
C:   0000001B  A$lab6$1109                        lab6
C:   00000023  A$lab6$1111                        lab6
C:   0000002B  A$lab6$1113                        lab6
C:   00000033  A$lab6$1115                        lab6
C:   0000003B  A$lab6$1117                        lab6
C:   00000043  A$lab6$1119                        lab6
C:   0000004B  A$lab6$1121                        lab6
C:   0000004E  A$lab6$1219                        lab6
C:   0000004E  __sdcc_program_startup             lab6

ASxxxx Linker V03.00 + NoICE + sdld,  page 24.
Hexadecimal  [32-Bits]

Area                                    Addr        Size        Decimal Bytes (Attributes)
--------------------------------        ----        ----        ------- ----- ------------
GSINIT0                             00000051    00000003 =           3. bytes (REL,CON,CODE)

      Value  Global                              Global Defined In Module
      -----  --------------------------------   ------------------------
C:   00000051  __sdcc_gsinit_startup              

ASxxxx Linker V03.00 + NoICE + sdld,  page 25.
Hexadecimal  [32-Bits]

Area                                    Addr        Size        Decimal Bytes (Attributes)
--------------------------------        ----        ----        ------- ----- ------------
GSINIT2                             00000054    0000000A =          10. bytes (REL,CON,CODE)

      Value  Global                              Global Defined In Module
      -----  --------------------------------   ------------------------
ASxxxx Linker V03.00 + NoICE + sdld,  page 26.
Hexadecimal  [32-Bits]

Area                                    Addr        Size        Decimal Bytes (Attributes)
--------------------------------        ----        ----        ------- ----- ------------
GSINIT3                             0000005E    00000022 =          34. bytes (REL,CON,CODE)

      Value  Global                              Global Defined In Module
      -----  --------------------------------   ------------------------
C:   0000005E  __mcs51_genXINIT                   

ASxxxx Linker V03.00 + NoICE + sdld,  page 27.
Hexadecimal  [32-Bits]

Area                                    Addr        Size        Decimal Bytes (Attributes)
--------------------------------        ----        ----        ------- ----- ------------
GSINIT4                             00000080    0000002A =          42. bytes (REL,CON,CODE)

      Value  Global                              Global Defined In Module
      -----  --------------------------------   ------------------------
C:   00000080  __mcs51_genRAMCLEAR                
C:   00000086  __mcs51_genXRAMCLEAR               

ASxxxx Linker V03.00 + NoICE + sdld,  page 28.
Hexadecimal  [32-Bits]

Area                                    Addr        Size        Decimal Bytes (Attributes)
--------------------------------        ----        ----        ------- ----- ------------
GSINIT                              000000AA    00000064 =         100. bytes (REL,CON,CODE)

      Value  Global                              Global Defined In Module
      -----  --------------------------------   ------------------------
C:   000000AA  A$lab6$1137                        lab6
C:   000000AA  C$lab6.c$32$1$155                  lab6
C:   000000AD  A$lab6$1140                        lab6
C:   000000AD  C$lab6.c$33$1$155                  lab6
C:   000000B0  A$lab6$1143                        lab6
C:   000000B0  C$lab6.c$34$1$155                  lab6
C:   000000B3  A$lab6$1146                        lab6
C:   000000B3  C$lab6.c$36$1$155                  lab6
C:   000000B6  A$lab6$1147                        lab6
C:   000000B9  A$lab6$1150                        lab6
C:   000000B9  C$lab6.c$37$1$155                  lab6
C:   000000BC  A$lab6$1151                        lab6
C:   000000BF  A$lab6$1154                        lab6
C:   000000BF  C$lab6.c$38$1$155                  lab6
C:   000000C2  A$lab6$1155                        lab6
C:   000000C5  A$lab6$1158                        lab6
C:   000000C5  C$lab6.c$39$1$155                  lab6
C:   000000C8  A$lab6$1161                        lab6
C:   000000C8  C$lab6.c$40$1$155                  lab6
C:   000000CB  A$lab6$1164                        lab6
C:   000000CB  C$lab6.c$42$1$155                  lab6
C:   000000CC  A$lab6$1165                        lab6
C:   000000CE  A$lab6$1166                        lab6
C:   000000D0  A$lab6$1169                        lab6
C:   000000D0  C$lab6.c$43$1$155                  lab6
C:   000000D3  A$lab6$1171                        lab6
C:   000000D5  A$lab6$1174                        lab6
C:   000000D5  C$lab6.c$51$1$155                  lab6
C:   000000D8  A$lab6$1175                        lab6
C:   000000DB  A$lab6$1176                        lab6
C:   000000DD  A$lab6$1177                        lab6
C:   000000DF  A$lab6$1180                        lab6
C:   000000DF  C$lab6.c$52$1$155                  lab6
C:   000000E2  A$lab6$1181                        lab6
C:   000000E5  A$lab6$1182                        lab6
C:   000000E7  A$lab6$1183                        lab6
C:   000000E9  A$lab6$1186                        lab6
C:   000000E9  C$lab6.c$53$1$155                  lab6
C:   000000EB  A$lab6$1187                        lab6
C:   000000ED  A$lab6$1190                        lab6
C:   000000ED  C$lab6.c$54$1$155                  lab6
C:   000000EF  A$lab6$1191                        lab6
C:   000000F1  A$lab6$1194                        lab6
C:   000000F1  C$lab6.c$55$1$155                  lab6
C:   000000F4  A$lab6$1195                        lab6
C:   000000F7  A$lab6$1196                        lab6
C:   000000FA  A$lab6$1197                        lab6
C:   000000FD  A$lab6$1200                        lab6
C:   000000FD  C$lab6.c$56$1$155                  lab6
C:   00000100  A$lab6$1202                        lab6
ASxxxx Linker V03.00 + NoICE + sdld,  page 29.
Hexadecimal  [32-Bits]

Area                                    Addr        Size        Decimal Bytes (Attributes)
--------------------------------        ----        ----        ------- ----- ------------
GSINIT                              000000AA    00000064 =         100. bytes (REL,CON,CODE)

      Value  Global                              Global Defined In Module
      -----  --------------------------------   ------------------------
C:   00000102  A$lab6$1205                        lab6
C:   00000102  C$lab6.c$59$1$155                  lab6
C:   00000105  A$lab6$1206                        lab6
C:   00000108  A$lab6$1209                        lab6
C:   00000108  C$lab6.c$60$1$155                  lab6
C:   0000010B  A$lab6$1210                        lab6

ASxxxx Linker V03.00 + NoICE + sdld,  page 30.
Hexadecimal  [32-Bits]

Area                                    Addr        Size        Decimal Bytes (Attributes)
--------------------------------        ----        ----        ------- ----- ------------
GSFINAL                             0000010E    00000003 =           3. bytes (REL,CON,CODE)

      Value  Global                              Global Defined In Module
      -----  --------------------------------   ------------------------
C:   0000010E  A$lab6$1212                        lab6

ASxxxx Linker V03.00 + NoICE + sdld,  page 31.
Hexadecimal  [32-Bits]

Area                                    Addr        Size        Decimal Bytes (Attributes)
--------------------------------        ----        ----        ------- ----- ------------
CSEG                                00000111    00001630 =        5680. bytes (REL,CON,CODE)

      Value  Global                              Global Defined In Module
      -----  --------------------------------   ------------------------
C:   00000111  A$lab6$1247                        lab6
C:   00000111  C$c8051_SDCC.h$42$0$0              lab6
C:   00000111  C$c8051_SDCC.h$46$1$2              lab6
C:   00000111  G$SYSCLK_Init$0$0                  lab6
C:   00000111  _SYSCLK_Init                       lab6
C:   00000114  A$lab6$1250                        lab6
C:   00000114  C$c8051_SDCC.h$49$1$2              lab6
C:   00000116  A$lab6$1251                        lab6
C:   00000118  A$lab6$1253                        lab6
C:   00000119  A$lab6$1254                        lab6
C:   0000011B  A$lab6$1255                        lab6
C:   0000011C  A$lab6$1256                        lab6
C:   0000011D  A$lab6$1257                        lab6
C:   0000011F  A$lab6$1258                        lab6
C:   00000120  A$lab6$1259                        lab6
C:   00000122  A$lab6$1260                        lab6
C:   00000124  A$lab6$1261                        lab6
C:   00000125  A$lab6$1262                        lab6
C:   00000126  A$lab6$1263                        lab6
C:   00000128  A$lab6$1267                        lab6
C:   00000128  C$c8051_SDCC.h$51$1$2              lab6
C:   0000012A  A$lab6$1268                        lab6
C:   0000012D  A$lab6$1271                        lab6
C:   0000012D  C$c8051_SDCC.h$53$1$2              lab6
C:   00000130  A$lab6$1274                        lab6
C:   00000130  C$c8051_SDCC.h$56$1$2              lab6
C:   00000130  XG$SYSCLK_Init$0$0                 lab6
C:   00000131  A$lab6$1287                        lab6
C:   00000131  C$c8051_SDCC.h$64$1$2              lab6
C:   00000131  C$c8051_SDCC.h$66$1$4              lab6
C:   00000131  G$UART0_Init$0$0                   lab6
C:   00000131  _UART0_Init                        lab6
C:   00000134  A$lab6$1290                        lab6
C:   00000134  C$c8051_SDCC.h$67$1$4              lab6
C:   00000137  A$lab6$1293                        lab6
C:   00000137  C$c8051_SDCC.h$68$1$4              lab6
C:   0000013A  A$lab6$1296                        lab6
C:   0000013A  C$c8051_SDCC.h$69$1$4              lab6
C:   0000013C  A$lab6$1299                        lab6
C:   0000013C  C$c8051_SDCC.h$70$1$4              lab6
C:   0000013F  A$lab6$1302                        lab6
C:   0000013F  C$c8051_SDCC.h$71$1$4              lab6
C:   00000142  A$lab6$1305                        lab6
C:   00000142  C$c8051_SDCC.h$73$1$4              lab6
C:   00000144  A$lab6$1308                        lab6
C:   00000144  C$c8051_SDCC.h$74$1$4              lab6
C:   00000147  A$lab6$1311                        lab6
C:   00000147  C$c8051_SDCC.h$75$1$4              lab6
C:   00000147  XG$UART0_Init$0$0                  lab6
C:   00000148  A$lab6$1324                        lab6
ASxxxx Linker V03.00 + NoICE + sdld,  page 32.
Hexadecimal  [32-Bits]

Area                                    Addr        Size        Decimal Bytes (Attributes)
--------------------------------        ----        ----        ------- ----- ------------
CSEG                                00000111    00001630 =        5680. bytes (REL,CON,CODE)

      Value  Global                              Global Defined In Module
      -----  --------------------------------   ------------------------
C:   00000148  C$c8051_SDCC.h$83$1$4              lab6
C:   00000148  C$c8051_SDCC.h$85$1$6              lab6
C:   00000148  G$Sys_Init$0$0                     lab6
C:   00000148  _Sys_Init                          lab6
C:   0000014B  A$lab6$1327                        lab6
C:   0000014B  C$c8051_SDCC.h$86$1$6              lab6
C:   0000014E  A$lab6$1330                        lab6
C:   0000014E  C$c8051_SDCC.h$88$1$6              lab6
C:   00000151  A$lab6$1333                        lab6
C:   00000151  C$c8051_SDCC.h$89$1$6              lab6
C:   00000154  A$lab6$1336                        lab6
C:   00000154  C$c8051_SDCC.h$91$1$6              lab6
C:   00000157  A$lab6$1339                        lab6
C:   00000157  C$c8051_SDCC.h$92$1$6              lab6
C:   0000015A  A$lab6$1342                        lab6
C:   0000015A  C$c8051_SDCC.h$93$1$6              lab6
C:   0000015A  XG$Sys_Init$0$0                    lab6
C:   0000015B  A$lab6$1355                        lab6
C:   0000015B  C$c8051_SDCC.h$98$1$6              lab6
C:   0000015B  G$putchar$0$0                      lab6
C:   0000015B  _putchar                           lab6
C:   0000015D  A$lab6$1361                        lab6
C:   0000015D  C$c8051_SDCC.h$100$1$8             lab6
C:   0000015D  C$c8051_SDCC.h$101$1$8             lab6
C:   00000160  A$lab6$1362                        lab6
C:   00000162  A$lab6$1366                        lab6
C:   00000162  C$c8051_SDCC.h$102$1$8             lab6
C:   00000164  A$lab6$1369                        lab6
C:   00000164  C$c8051_SDCC.h$103$1$8             lab6
C:   00000164  XG$putchar$0$0                     lab6
C:   00000165  A$lab6$1387                        lab6
C:   00000165  C$c8051_SDCC.h$108$1$8             lab6
C:   00000165  C$c8051_SDCC.h$111$1$10            lab6
C:   00000165  C$c8051_SDCC.h$112$1$10            lab6
C:   00000165  G$getchar$0$0                      lab6
C:   00000165  _getchar                           lab6
C:   00000168  A$lab6$1388                        lab6
C:   0000016A  A$lab6$1392                        lab6
C:   0000016A  C$c8051_SDCC.h$113$1$10            lab6
C:   0000016D  A$lab6$1395                        lab6
C:   0000016D  C$c8051_SDCC.h$114$1$10            lab6
C:   00000170  A$lab6$1398                        lab6
C:   00000170  C$c8051_SDCC.h$115$1$10            lab6
C:   00000173  A$lab6$1401                        lab6
C:   00000173  C$c8051_SDCC.h$116$1$10            lab6
C:   00000173  XG$getchar$0$0                     lab6
C:   00000174  A$lab6$1416                        lab6
C:   00000174  C$c8051_SDCC.h$121$1$10            lab6
C:   00000174  C$c8051_SDCC.h$124$1$12            lab6
C:   00000174  G$getchar_nw$0$0                   lab6
C:   00000174  _getchar_nw                        lab6
ASxxxx Linker V03.00 + NoICE + sdld,  page 33.
Hexadecimal  [32-Bits]

Area                                    Addr        Size        Decimal Bytes (Attributes)
--------------------------------        ----        ----        ------- ----- ------------
CSEG                                00000111    00001630 =        5680. bytes (REL,CON,CODE)

      Value  Global                              Global Defined In Module
      -----  --------------------------------   ------------------------
C:   00000177  A$lab6$1417                        lab6
C:   0000017A  A$lab6$1418                        lab6
C:   0000017C  A$lab6$1422                        lab6
C:   0000017C  C$c8051_SDCC.h$127$2$13            lab6
C:   0000017E  A$lab6$1425                        lab6
C:   0000017E  C$c8051_SDCC.h$128$2$13            lab6
C:   00000181  A$lab6$1428                        lab6
C:   00000181  C$c8051_SDCC.h$129$2$13            lab6
C:   00000184  A$lab6$1431                        lab6
C:   00000184  C$c8051_SDCC.h$130$2$13            lab6
C:   00000187  A$lab6$1435                        lab6
C:   00000187  C$c8051_SDCC.h$132$1$12            lab6
C:   00000187  XG$getchar_nw$0$0                  lab6
C:   00000188  A$lab6$1452                        lab6
C:   00000188  C$i2c.h$84$1$12                    lab6
C:   00000188  G$lcd_print$0$0                    lab6
C:   00000188  _lcd_print                         lab6
C:   0000018A  A$lab6$1453                        lab6
C:   0000018D  A$lab6$1456                        lab6
C:   0000018D  C$i2c.h$90$1$81                    lab6
C:   0000018F  A$lab6$1457                        lab6
C:   00000191  A$lab6$1458                        lab6
C:   00000192  A$lab6$1459                        lab6
C:   00000194  A$lab6$1460                        lab6
C:   00000195  A$lab6$1461                        lab6
C:   00000197  A$lab6$1462                        lab6
C:   00000198  A$lab6$1463                        lab6
C:   0000019A  A$lab6$1464                        lab6
C:   0000019D  A$lab6$1465                        lab6
C:   0000019F  A$lab6$1466                        lab6
C:   000001A2  A$lab6$1467                        lab6
C:   000001A4  A$lab6$1468                        lab6
C:   000001A6  A$lab6$1469                        lab6
C:   000001A8  A$lab6$1473                        lab6
C:   000001A8  C$i2c.h$92$2$82                    lab6
C:   000001AA  A$lab6$1474                        lab6
C:   000001AC  A$lab6$1475                        lab6
C:   000001AD  A$lab6$1476                        lab6
C:   000001AF  A$lab6$1479                        lab6
C:   000001AF  C$i2c.h$93$1$81                    lab6
C:   000001B1  A$lab6$1480                        lab6
C:   000001B3  A$lab6$1481                        lab6
C:   000001B4  A$lab6$1482                        lab6
C:   000001B6  A$lab6$1483                        lab6
C:   000001B7  A$lab6$1484                        lab6
C:   000001B9  A$lab6$1485                        lab6
C:   000001BA  A$lab6$1486                        lab6
C:   000001BC  A$lab6$1487                        lab6
C:   000001BF  A$lab6$1488                        lab6
C:   000001C2  A$lab6$1489                        lab6
C:   000001C5  A$lab6$1492                        lab6
ASxxxx Linker V03.00 + NoICE + sdld,  page 34.
Hexadecimal  [32-Bits]

Area                                    Addr        Size        Decimal Bytes (Attributes)
--------------------------------        ----        ----        ------- ----- ------------
CSEG                                00000111    00001630 =        5680. bytes (REL,CON,CODE)

      Value  Global                              Global Defined In Module
      -----  --------------------------------   ------------------------
C:   000001C5  C$i2c.h$96$1$81                    lab6
C:   000001C8  A$lab6$1493                        lab6
C:   000001CB  A$lab6$1494                        lab6
C:   000001CE  A$lab6$1495                        lab6
C:   000001D0  A$lab6$1498                        lab6
C:   000001D2  A$lab6$1500                        lab6
C:   000001D3  A$lab6$1501                        lab6
C:   000001D4  A$lab6$1502                        lab6
C:   000001D5  A$lab6$1503                        lab6
C:   000001D7  A$lab6$1506                        lab6
C:   000001D7  C$i2c.h$99$2$84                    lab6
C:   000001D8  A$lab6$1507                        lab6
C:   000001DA  A$lab6$1508                        lab6
C:   000001DC  A$lab6$1509                        lab6
C:   000001DD  A$lab6$1510                        lab6
C:   000001DF  A$lab6$1511                        lab6
C:   000001E1  A$lab6$1512                        lab6
C:   000001E2  A$lab6$1513                        lab6
C:   000001E3  A$lab6$1514                        lab6
C:   000001E6  A$lab6$1515                        lab6
C:   000001E7  A$lab6$1516                        lab6
C:   000001E9  A$lab6$1517                        lab6
C:   000001EB  A$lab6$1518                        lab6
C:   000001EC  A$lab6$1519                        lab6
C:   000001EE  A$lab6$1520                        lab6
C:   000001F0  A$lab6$1521                        lab6
C:   000001F2  A$lab6$1522                        lab6
C:   000001F3  A$lab6$1526                        lab6
C:   000001F3  C$i2c.h$97$1$81                    lab6
C:   000001F4  A$lab6$1527                        lab6
C:   000001F6  A$lab6$1531                        lab6
C:   000001F6  C$i2c.h$102$1$81                   lab6
C:   000001F9  A$lab6$1532                        lab6
C:   000001FC  A$lab6$1533                        lab6
C:   000001FF  A$lab6$1534                        lab6
C:   00000202  A$lab6$1535                        lab6
C:   00000204  A$lab6$1536                        lab6
C:   00000207  A$lab6$1537                        lab6
C:   0000020A  A$lab6$1539                        lab6
C:   0000020C  A$lab6$1542                        lab6
C:   0000020C  C$i2c.h$103$1$81                   lab6
C:   0000020C  XG$lcd_print$0$0                   lab6
C:   0000020D  A$lab6$1558                        lab6
C:   0000020D  C$i2c.h$106$1$81                   lab6
C:   0000020D  C$i2c.h$108$1$81                   lab6
C:   0000020D  G$lcd_clear$0$0                    lab6
C:   0000020D  _lcd_clear                         lab6
C:   00000210  A$lab6$1562                        lab6
C:   00000210  C$i2c.h$110$1$85                   lab6
C:   00000212  A$lab6$1563                        lab6
C:   00000214  A$lab6$1564                        lab6
ASxxxx Linker V03.00 + NoICE + sdld,  page 35.
Hexadecimal  [32-Bits]

Area                                    Addr        Size        Decimal Bytes (Attributes)
--------------------------------        ----        ----        ------- ----- ------------
CSEG                                00000111    00001630 =        5680. bytes (REL,CON,CODE)

      Value  Global                              Global Defined In Module
      -----  --------------------------------   ------------------------
C:   00000216  A$lab6$1565                        lab6
C:   00000219  A$lab6$1566                        lab6
C:   0000021C  A$lab6$1567                        lab6
C:   0000021F  A$lab6$1568                        lab6
C:   00000222  A$lab6$1569                        lab6
C:   00000225  A$lab6$1570                        lab6
C:   00000228  A$lab6$1571                        lab6
C:   0000022B  A$lab6$1572                        lab6
C:   0000022D  A$lab6$1576                        lab6
C:   0000022D  C$i2c.h$112$1$85                   lab6
C:   00000230  A$lab6$1579                        lab6
C:   00000230  C$i2c.h$113$1$85                   lab6
C:   00000233  A$lab6$1580                        lab6
C:   00000236  A$lab6$1581                        lab6
C:   00000239  A$lab6$1582                        lab6
C:   0000023C  A$lab6$1583                        lab6
C:   0000023F  A$lab6$1584                        lab6
C:   00000242  A$lab6$1585                        lab6
C:   00000245  A$lab6$1588                        lab6
C:   00000245  C$i2c.h$114$1$85                   lab6
C:   00000245  XG$lcd_clear$0$0                   lab6
C:   00000246  A$lab6$1604                        lab6
C:   00000246  C$i2c.h$117$1$85                   lab6
C:   00000246  C$i2c.h$121$1$86                   lab6
C:   00000246  G$read_keypad$0$0                  lab6
C:   00000246  _read_keypad                       lab6
C:   00000249  A$lab6$1605                        lab6
C:   0000024C  A$lab6$1606                        lab6
C:   0000024F  A$lab6$1607                        lab6
C:   00000252  A$lab6$1608                        lab6
C:   00000255  A$lab6$1609                        lab6
C:   00000258  A$lab6$1610                        lab6
C:   0000025B  A$lab6$1613                        lab6
C:   0000025B  C$i2c.h$122$1$86                   lab6
C:   0000025D  A$lab6$1614                        lab6
C:   00000260  A$lab6$1615                        lab6
C:   00000263  A$lab6$1616                        lab6
C:   00000265  A$lab6$1620                        lab6
C:   00000267  A$lab6$1621                        lab6
C:   00000269  A$lab6$1625                        lab6
C:   00000269  C$i2c.h$126$2$87                   lab6
C:   0000026B  A$lab6$1626                        lab6
C:   0000026D  A$lab6$1627                        lab6
C:   0000026F  A$lab6$1628                        lab6
C:   00000271  A$lab6$1629                        lab6
C:   00000273  A$lab6$1631                        lab6
C:   00000274  A$lab6$1632                        lab6
C:   00000275  A$lab6$1633                        lab6
C:   00000276  A$lab6$1634                        lab6
C:   00000277  A$lab6$1635                        lab6
C:   00000278  A$lab6$1636                        lab6
ASxxxx Linker V03.00 + NoICE + sdld,  page 36.
Hexadecimal  [32-Bits]

Area                                    Addr        Size        Decimal Bytes (Attributes)
--------------------------------        ----        ----        ------- ----- ------------
CSEG                                00000111    00001630 =        5680. bytes (REL,CON,CODE)

      Value  Global                              Global Defined In Module
      -----  --------------------------------   ------------------------
C:   00000279  A$lab6$1638                        lab6
C:   0000027C  A$lab6$1639                        lab6
C:   0000027E  A$lab6$1640                        lab6
C:   00000280  A$lab6$1641                        lab6
C:   00000281  A$lab6$1642                        lab6
C:   00000283  A$lab6$1643                        lab6
C:   00000284  A$lab6$1644                        lab6
C:   00000286  A$lab6$1645                        lab6
C:   00000287  A$lab6$1646                        lab6
C:   00000288  A$lab6$1647                        lab6
C:   0000028A  A$lab6$1650                        lab6
C:   0000028A  C$i2c.h$127$2$87                   lab6
C:   0000028C  A$lab6$1651                        lab6
C:   0000028D  A$lab6$1652                        lab6
C:   0000028F  A$lab6$1653                        lab6
C:   00000291  A$lab6$1657                        lab6
C:   00000291  C$i2c.h$124$1$86                   lab6
C:   00000292  A$lab6$1658                        lab6
C:   00000294  A$lab6$1659                        lab6
C:   00000297  A$lab6$1661                        lab6
C:   00000299  A$lab6$1664                        lab6
C:   00000299  C$i2c.h$130$1$86                   lab6
C:   0000029B  A$lab6$1665                        lab6
C:   0000029E  A$lab6$1666                        lab6
C:   000002A1  A$lab6$1667                        lab6
C:   000002A3  A$lab6$1671                        lab6
C:   000002A3  C$i2c.h$132$1$86                   lab6
C:   000002A5  A$lab6$1672                        lab6
C:   000002A8  A$lab6$1673                        lab6
C:   000002AB  A$lab6$1674                        lab6
C:   000002AD  A$lab6$1678                        lab6
C:   000002AD  C$i2c.h$134$1$86                   lab6
C:   000002AF  A$lab6$1679                        lab6
C:   000002B2  A$lab6$1680                        lab6
C:   000002B5  A$lab6$1681                        lab6
C:   000002B7  A$lab6$1685                        lab6
C:   000002B7  C$i2c.h$136$1$86                   lab6
C:   000002B9  A$lab6$1686                        lab6
C:   000002BC  A$lab6$1687                        lab6
C:   000002BF  A$lab6$1688                        lab6
C:   000002C1  A$lab6$1692                        lab6
C:   000002C1  C$i2c.h$138$1$86                   lab6
C:   000002C4  A$lab6$1696                        lab6
C:   000002C4  C$i2c.h$139$1$86                   lab6
C:   000002C4  XG$read_keypad$0$0                 lab6
C:   000002C5  A$lab6$1712                        lab6
C:   000002C5  C$i2c.h$151$1$86                   lab6
C:   000002C5  G$kpd_input$0$0                    lab6
C:   000002C5  _kpd_input                         lab6
C:   000002C7  A$lab6$1717                        lab6
C:   000002C7  C$i2c.h$156$1$89                   lab6
ASxxxx Linker V03.00 + NoICE + sdld,  page 37.
Hexadecimal  [32-Bits]

Area                                    Addr        Size        Decimal Bytes (Attributes)
--------------------------------        ----        ----        ------- ----- ------------
CSEG                                00000111    00001630 =        5680. bytes (REL,CON,CODE)

      Value  Global                              Global Defined In Module
      -----  --------------------------------   ------------------------
C:   000002C7  C$i2c.h$159$1$89                   lab6
C:   000002C8  A$lab6$1718                        lab6
C:   000002C9  A$lab6$1719                        lab6
C:   000002CA  A$lab6$1720                        lab6
C:   000002CB  A$lab6$1721                        lab6
C:   000002CD  A$lab6$1722                        lab6
C:   000002CF  A$lab6$1723                        lab6
C:   000002D1  A$lab6$1724                        lab6
C:   000002D3  A$lab6$1725                        lab6
C:   000002D5  A$lab6$1726                        lab6
C:   000002D7  A$lab6$1727                        lab6
C:   000002D9  A$lab6$1728                        lab6
C:   000002DB  A$lab6$1729                        lab6
C:   000002DD  A$lab6$1730                        lab6
C:   000002E0  A$lab6$1731                        lab6
C:   000002E2  A$lab6$1732                        lab6
C:   000002E4  A$lab6$1733                        lab6
C:   000002E6  A$lab6$1734                        lab6
C:   000002E8  A$lab6$1735                        lab6
C:   000002EA  A$lab6$1739                        lab6
C:   000002EA  C$i2c.h$161$1$89                   lab6
C:   000002EC  A$lab6$1740                        lab6
C:   000002EE  A$lab6$1741                        lab6
C:   000002F0  A$lab6$1742                        lab6
C:   000002F2  A$lab6$1743                        lab6
C:   000002F3  A$lab6$1744                        lab6
C:   000002F5  A$lab6$1745                        lab6
C:   000002F7  A$lab6$1746                        lab6
C:   000002F9  A$lab6$1747                        lab6
C:   000002FA  A$lab6$1748                        lab6
C:   000002FC  A$lab6$1749                        lab6
C:   000002FE  A$lab6$1750                        lab6
C:   00000300  A$lab6$1751                        lab6
C:   00000301  A$lab6$1752                        lab6
C:   00000303  A$lab6$1753                        lab6
C:   00000305  A$lab6$1754                        lab6
C:   00000307  A$lab6$1755                        lab6
C:   00000308  A$lab6$1756                        lab6
C:   0000030A  A$lab6$1757                        lab6
C:   0000030C  A$lab6$1758                        lab6
C:   0000030E  A$lab6$1759                        lab6
[...]
C:   00000AA5  A$lab6$3266                        lab6
C:   00000AA7  A$lab6$3267                        lab6
C:   00000AA8  A$lab6$3268                        lab6
C:   00000AAA  A$lab6$3269                        lab6
C:   00000AAC  A$lab6$3270                        lab6
C:   00000AAE  A$lab6$3271                        lab6
C:   00000AB0  A$lab6$3272                        lab6
C:   00000AB2  A$lab6$3273                        lab6
C:   00000AB4  A$lab6$3274                        lab6
C:   00000AB6  A$lab6$3275                        lab6
C:   00000AB9  A$lab6$3276                        lab6
C:   00000ABC  A$lab6$3277                        lab6
C:   00000ABE  A$lab6$3278                        lab6
C:   00000AC1  A$lab6$3279                        lab6
C:   00000AC3  A$lab6$3280                        lab6
C:   00000AC5  A$lab6$3281                        lab6
C:   00000AC7  A$lab6$3282                        lab6
C:   00000AC8  A$lab6$3283                        lab6
C:   00000ACA  A$lab6$3284                        lab6
C:   00000ACC  A$lab6$3285                        lab6
C:   00000ACE  A$lab6$3286                        lab6
C:   00000AD0  A$lab6$3287                        lab6
ASxxxx Linker V03.00 + NoICE + sdld,  page 61.
Hexadecimal  [32-Bits]

Area                                    Addr        Size        Decimal Bytes (Attributes)
--------------------------------        ----        ----        ------- ----- ------------
CSEG                                00000111    00001630 =        5680. bytes (REL,CON,CODE)

      Value  Global                              Global Defined In Module
      -----  --------------------------------   ------------------------
C:   00000AD2  A$lab6$3288                        lab6
C:   00000AD4  A$lab6$3289                        lab6
C:   00000AD5  A$lab6$3290                        lab6
C:   00000AD8  A$lab6$3291                        lab6
C:   00000ADB  A$lab6$3292                        lab6
C:   00000ADE  A$lab6$3295                        lab6
C:   00000ADE  C$lab6.c$200$2$141                 lab6
C:   00000AE0  A$lab6$3296                        lab6
C:   00000AE2  A$lab6$3297                        lab6
C:   00000AE4  A$lab6$3298                        lab6
C:   00000AE6  A$lab6$3299                        lab6
C:   00000AE8  A$lab6$3300                        lab6
C:   00000AEA  A$lab6$3301                        lab6
C:   00000AEC  A$lab6$3302                        lab6
C:   00000AEE  A$lab6$3303                        lab6
C:   00000AF0  A$lab6$3304                        lab6
C:   00000AF2  A$lab6$3305                        lab6
C:   00000AF4  A$lab6$3306                        lab6
C:   00000AF6  A$lab6$3307                        lab6
C:   00000AF8  A$lab6$3308                        lab6
C:   00000AFA  A$lab6$3309                        lab6
C:   00000AFC  A$lab6$3310                        lab6
C:   00000AFE  A$lab6$3311                        lab6
C:   00000B00  A$lab6$3312                        lab6
C:   00000B02  A$lab6$3313                        lab6
C:   00000B05  A$lab6$3314                        lab6
C:   00000B07  A$lab6$3315                        lab6
C:   00000B09  A$lab6$3316                        lab6
C:   00000B0B  A$lab6$3319                        lab6
C:   00000B0B  C$lab6.c$202$2$141                 lab6
C:   00000B0E  A$lab6$3323                        lab6
C:   00000B0E  C$lab6.c$206$1$139                 lab6
C:   00000B10  A$lab6$3324                        lab6
C:   00000B11  A$lab6$3325                        lab6
C:   00000B13  A$lab6$3326                        lab6
C:   00000B14  A$lab6$3327                        lab6
C:   00000B16  A$lab6$3328                        lab6
C:   00000B18  A$lab6$3329                        lab6
C:   00000B19  A$lab6$3330                        lab6
C:   00000B1A  A$lab6$3331                        lab6
C:   00000B1C  A$lab6$3332                        lab6
C:   00000B1D  A$lab6$3333                        lab6
C:   00000B1F  A$lab6$3334                        lab6
C:   00000B21  A$lab6$3335                        lab6
C:   00000B23  A$lab6$3338                        lab6
C:   00000B23  C$lab6.c$207$1$139                 lab6
C:   00000B25  A$lab6$3339                        lab6
C:   00000B26  A$lab6$3340                        lab6
C:   00000B28  A$lab6$3341                        lab6
C:   00000B29  A$lab6$3342                        lab6
C:   00000B2B  A$lab6$3343                        lab6
ASxxxx Linker V03.00 + NoICE + sdld,  page 62.
Hexadecimal  [32-Bits]

Area                                    Addr        Size        Decimal Bytes (Attributes)
--------------------------------        ----        ----        ------- ----- ------------
CSEG                                00000111    00001630 =        5680. bytes (REL,CON,CODE)

      Value  Global                              Global Defined In Module
      -----  --------------------------------   ------------------------
C:   00000B2D  A$lab6$3344                        lab6
C:   00000B2E  A$lab6$3345                        lab6
C:   00000B2F  A$lab6$3346                        lab6
C:   00000B31  A$lab6$3347                        lab6
C:   00000B32  A$lab6$3348                        lab6
C:   00000B34  A$lab6$3349                        lab6
C:   00000B36  A$lab6$3350                        lab6
C:   00000B38  A$lab6$3353                        lab6
C:   00000B38  C$lab6.c$209$1$139                 lab6
C:   00000B3B  A$lab6$3354                        lab6
C:   00000B3E  A$lab6$3357                        lab6
C:   00000B3E  C$lab6.c$210$1$139                 lab6
C:   00000B3E  XG$Steering_Servo$0$0              lab6
C:   00000B3F  A$lab6$3370                        lab6
C:   00000B3F  C$lab6.c$212$1$139                 lab6
C:   00000B3F  C$lab6.c$214$1$142                 lab6
C:   00000B3F  G$Port_Init$0$0                    lab6
C:   00000B3F  _Port_Init                         lab6
C:   00000B42  A$lab6$3373                        lab6
C:   00000B42  C$lab6.c$215$1$142                 lab6
C:   00000B45  A$lab6$3376                        lab6
C:   00000B45  C$lab6.c$216$1$142                 lab6
C:   00000B48  A$lab6$3379                        lab6
C:   00000B48  C$lab6.c$217$1$142                 lab6
C:   00000B48  XG$Port_Init$0$0                   lab6
C:   00000B49  A$lab6$3392                        lab6
C:   00000B49  C$lab6.c$219$1$142                 lab6
C:   00000B49  C$lab6.c$221$1$143                 lab6
C:   00000B49  G$XBR0_Init$0$0                    lab6
C:   00000B49  _XBR0_Init                         lab6
C:   00000B4C  A$lab6$3395                        lab6
C:   00000B4C  C$lab6.c$222$1$143                 lab6
C:   00000B4C  XG$XBR0_Init$0$0                   lab6
C:   00000B4D  A$lab6$3408                        lab6
C:   00000B4D  C$lab6.c$224$1$143                 lab6
C:   00000B4D  C$lab6.c$225$1$145                 lab6
C:   00000B4D  G$SMB_Init$0$0                     lab6
C:   00000B4D  _SMB_Init                          lab6
C:   00000B50  A$lab6$3411                        lab6
C:   00000B50  C$lab6.c$226$1$145                 lab6
C:   00000B52  A$lab6$3414                        lab6
C:   00000B52  C$lab6.c$227$1$145                 lab6
C:   00000B52  XG$SMB_Init$0$0                    lab6
C:   00000B53  A$lab6$3427                        lab6
C:   00000B53  C$lab6.c$229$1$145                 lab6
C:   00000B53  C$lab6.c$230$1$147                 lab6
C:   00000B53  G$ADC_Init$0$0                     lab6
C:   00000B53  _ADC_Init                          lab6
C:   00000B56  A$lab6$3430                        lab6
C:   00000B56  C$lab6.c$231$1$147                 lab6
C:   00000B59  A$lab6$3433                        lab6
ASxxxx Linker V03.00 + NoICE + sdld,  page 63.
Hexadecimal  [32-Bits]

Area                                    Addr        Size        Decimal Bytes (Attributes)
--------------------------------        ----        ----        ------- ----- ------------
CSEG                                00000111    00001630 =        5680. bytes (REL,CON,CODE)

      Value  Global                              Global Defined In Module
      -----  --------------------------------   ------------------------
C:   00000B59  C$lab6.c$232$1$147                 lab6
C:   00000B5C  A$lab6$3436                        lab6
C:   00000B5C  C$lab6.c$234$1$147                 lab6
C:   00000B5C  XG$ADC_Init$0$0                    lab6
C:   00000B5D  A$lab6$3449                        lab6
C:   00000B5D  C$lab6.c$236$1$147                 lab6
C:   00000B5D  C$lab6.c$237$1$149                 lab6
C:   00000B5D  G$ADC_Convert$0$0                  lab6
C:   00000B5D  _ADC_Convert                       lab6
C:   00000B60  A$lab6$3452                        lab6
C:   00000B60  C$lab6.c$238$1$149                 lab6
C:   00000B63  A$lab6$3455                        lab6
C:   00000B63  C$lab6.c$239$1$149                 lab6
C:   00000B66  A$lab6$3459                        lab6
C:   00000B66  C$lab6.c$240$1$149                 lab6
C:   00000B68  A$lab6$3460                        lab6
C:   00000B6B  A$lab6$3463                        lab6
C:   00000B6B  C$lab6.c$241$1$149                 lab6
C:   00000B6E  A$lab6$3464                        lab6
C:   00000B71  A$lab6$3467                        lab6
C:   00000B71  C$lab6.c$242$1$149                 lab6
C:   00000B71  XG$ADC_Convert$0$0                 lab6
C:   00000B72  A$lab6$3480                        lab6
C:   00000B72  C$lab6.c$244$1$149                 lab6
C:   00000B72  C$lab6.c$246$1$151                 lab6
C:   00000B72  G$PCA_Init$0$0                     lab6
C:   00000B72  _PCA_Init                          lab6
C:   00000B75  A$lab6$3483                        lab6
C:   00000B75  C$lab6.c$247$1$151                 lab6
C:   00000B78  A$lab6$3486                        lab6
C:   00000B78  C$lab6.c$248$1$151                 lab6
C:   00000B7B  A$lab6$3489                        lab6
C:   00000B7B  C$lab6.c$249$1$151                 lab6
C:   00000B7E  A$lab6$3492                        lab6
C:   00000B7E  C$lab6.c$250$1$151                 lab6
C:   00000B81  A$lab6$3495                        lab6
C:   00000B81  C$lab6.c$251$1$151                 lab6
C:   00000B81  XG$PCA_Init$0$0                    lab6
C:   00000B82  A$lab6$3508                        lab6
C:   00000B82  C$lab6.c$253$1$151                 lab6
C:   00000B82  C$lab6.c$255$1$153                 lab6
C:   00000B82  G$Interrupt_Init$0$0               lab6
C:   00000B82  _Interrupt_Init                    lab6
C:   00000B85  A$lab6$3511                        lab6
C:   00000B85  C$lab6.c$257$1$153                 lab6
C:   00000B87  A$lab6$3514                        lab6
C:   00000B87  C$lab6.c$258$1$153                 lab6
C:   00000B87  XG$Interrupt_Init$0$0              lab6
C:   00000B88  A$lab6$3527                        lab6
C:   00000B88  C$lab6.c$260$1$153                 lab6
C:   00000B88  C$lab6.c$262$1$155                 lab6
ASxxxx Linker V03.00 + NoICE + sdld,  page 64.
Hexadecimal  [32-Bits]

Area                                    Addr        Size        Decimal Bytes (Attributes)
--------------------------------        ----        ----        ------- ----- ------------
CSEG                                00000111    00001630 =        5680. bytes (REL,CON,CODE)

      Value  Global                              Global Defined In Module
      -----  --------------------------------   ------------------------
C:   00000B88  G$PCA_ISR$0$0                      lab6
C:   00000B88  _PCA_ISR                           lab6
C:   00000B8B  A$lab6$3530                        lab6
C:   00000B8B  C$lab6.c$263$2$156                 lab6
C:   00000B8E  A$lab6$3531                        lab6
C:   00000B91  A$lab6$3534                        lab6
C:   00000B91  C$lab6.c$264$2$156                 lab6
C:   00000B93  A$lab6$3537                        lab6
C:   00000B93  C$lab6.c$265$2$156                 lab6
C:   00000B95  A$lab6$3540                        lab6
C:   00000B95  C$lab6.c$266$2$156                 lab6
C:   00000B97  A$lab6$3543                        lab6
C:   00000B97  C$lab6.c$267$2$156                 lab6
C:   00000B99  A$lab6$3544                        lab6
C:   00000B9B  A$lab6$3548                        lab6
C:   00000B9B  C$lab6.c$269$1$155                 lab6
C:   00000B9E  A$lab6$3552                        lab6
C:   00000B9E  C$lab6.c$270$1$155                 lab6
C:   00000B9E  XG$PCA_ISR$0$0                     lab6
C:   00000B9F  ___fssub                           _fssub
C:   00000BAA  ___fsmul                           _fsmul
C:   00000C4D  fsgetargs                          _fsget2args
C:   00000C7B  fs_normalize_a                     _fsnormalize
C:   00000CAE  ___slong2fs                        _slong2fs
C:   00000CB7  slong2fs_doit                      _slong2fs
C:   00000CDB  ___fs2slong                        _fs2slong
C:   00000D36  fsgetarg                           _fsget1arg
C:   00000D48  __gptrput                          _gptrput
C:   00000D63  __mulint                           _mulint
C:   00000D63  __mulint_dummy                     _mulint
C:   00000DF0  _vsprintf                          sprintf
C:   00000E2D  _sprintf                           sprintf
C:   00000E7B  __mullong                          _mullong
C:   00000E7B  __mullong_dummy                    _mullong
C:   00000EE9  ___fsadd                           _fsadd
C:   00000EEC  fsadd_direct_entry                 _fsadd
C:   00000F42  ___uint2fs                         _uint2fs
C:   00000F4E  ___fs2uint                         _fs2uint
C:   00000F59  fs_round_and_return                _fsreturnval
C:   00000F71  fs_zerocheck_return                _fsreturnval
C:   00000F7A  fs_return_zero                     _fsreturnval
C:   00000F82  fs_direct_return                   _fsreturnval
C:   00000F90  fs_return_inf                      _fsreturnval
C:   00000F9D  fs_return_nan                      _fsreturnval
C:   00000FB3  _vprintf                           vprintf
C:   00000FCC  _printf                            vprintf
C:   000010A3  __print_format                     printf_large
C:   000015AF  fs_swap_a_b                        _fsswapargs
C:   000015C9  _strlen                            _strlen
C:   000015E1  ___fsdiv                           _fsdiv
C:   000016A4  __gptrget                          _gptrget
ASxxxx Linker V03.00 + NoICE + sdld,  page 65.
Hexadecimal  [32-Bits]

Area                                    Addr        Size        Decimal Bytes (Attributes)
--------------------------------        ----        ----        ------- ----- ------------
CSEG                                00000111    00001630 =        5680. bytes (REL,CON,CODE)

      Value  Global                              Global Defined In Module
      -----  --------------------------------   ------------------------
C:   000016C0  ___ulong2fs                        _ulong2fs
C:   000016C9  ulong2fs_doit                      _ulong2fs
C:   000016D3  fs_rshift_a                        _fsrshift
C:   00001716  __sdcc_external_startup            _startup
C:   0000171A  ___fs2ulong                        _fs2ulong
C:   0000171C  fs2ulong_begin                     _fs2ulong

ASxxxx Linker V03.00 + NoICE + sdld,  page 66.
Hexadecimal  [32-Bits]

Area                                    Addr        Size        Decimal Bytes (Attributes)
--------------------------------        ----        ----        ------- ----- ------------
CONST                               00001741    00000116 =         278. bytes (REL,CON,CODE)

      Value  Global                              Global Defined In Module
      -----  --------------------------------   ------------------------
C:   00001741  Flab6$__str_0$0$0                  lab6
C:   00001757  Flab6$__str_1$0$0                  lab6
C:   00001767  Flab6$__str_2$0$0                  lab6
C:   0000176A  Flab6$__str_3$0$0                  lab6
C:   000017A3  Flab6$__str_4$0$0                  lab6
C:   000017FB  Flab6$__str_5$0$0                  lab6
C:   00001812  Flab6$__str_6$0$0                  lab6

ASxxxx Linker V03.00 + NoICE + sdld,  page 67.

Files Linked                              [ module(s) ]

C:\SiLabs\LITEC\Lab6\lab6.rel             [  ]


Libraries Linked                          [ object file ]

C:\Program Files\SDCC\bin\..\lib\small/libfloat.lib
                                          [ _fssub.rel ]
C:\Program Files\SDCC\bin\..\lib\small/libfloat.lib
                                          [ _fsmul.rel ]
C:\Program Files\SDCC\bin\..\lib\small/libfloat.lib
                                          [ _fsget2args.rel ]
C:\Program Files\SDCC\bin\..\lib\small/mcs51.lib
                                          [ crtclear.rel ]
C:\Program Files\SDCC\bin\..\lib\small/libfloat.lib
                                          [ _fsnormalize.rel ]
C:\Program Files\SDCC\bin\..\lib\small/libfloat.lib
                                          [ _slong2fs.rel ]
C:\Program Files\SDCC\bin\..\lib\small/libfloat.lib
                                          [ _fs2slong.rel ]
C:\Program Files\SDCC\bin\..\lib\small/mcs51.lib
                                          [ crtxinit.rel ]
C:\Program Files\SDCC\bin\..\lib\small/libfloat.lib
                                          [ _fsget1arg.rel ]
C:\Program Files\SDCC\bin\..\lib\small/libsdcc.lib
                                          [ _gptrput.rel ]
C:\Program Files\SDCC\bin\..\lib\small/libint.lib
                                          [ _mulint.rel ]
C:\Program Files\SDCC\bin\..\lib\small/libsdcc.lib
                                          [ sprintf.rel ]
C:\Program Files\SDCC\bin\..\lib\small/liblong.lib
                                          [ _mullong.rel ]
C:\Program Files\SDCC\bin\..\lib\small/mcs51.lib
                                          [ crtxclear.rel ]
C:\Program Files\SDCC\bin\..\lib\small/libfloat.lib
                                          [ _fsadd.rel ]
C:\Program Files\SDCC\bin\..\lib\small/libfloat.lib
                                          [ _uint2fs.rel ]
C:\Program Files\SDCC\bin\..\lib\small/libfloat.lib
                                          [ _fs2uint.rel ]
C:\Program Files\SDCC\bin\..\lib\small/libfloat.lib
                                          [ _fsreturnval.rel ]
C:\Program Files\SDCC\bin\..\lib\small/libsdcc.lib
                                          [ _bp.rel ]
C:\Program Files\SDCC\bin\..\lib\small/libsdcc.lib
                                          [ vprintf.rel ]
C:\Program Files\SDCC\bin\..\lib\small/libsdcc.lib
                                          [ printf_large.rel ]
C:\Program Files\SDCC\bin\..\lib\small/libfloat.lib
                                          [ _fsswapargs.rel ]
C:\Program Files\SDCC\bin\..\lib\small/libsdcc.lib
                                          [ _strlen.rel ]
C:\Program Files\SDCC\bin\..\lib\small/libfloat.lib
                                          [ _fsdiv.rel ]
C:\Program Files\SDCC\bin\..\lib\small/mcs51.lib
                                          [ crtstart.rel ]
C:\Program Files\SDCC\bin\..\lib\small/libsdcc.lib
                                          [ _gptrget.rel ]
C:\Program Files\SDCC\bin\..\lib\small/libfloat.lib
                                          [ _ulong2fs.rel ]
C:\Program Files\SDCC\bin\..\lib\small/libfloat.lib
                                          [ _fsrshift.rel ]
C:\Program Files\SDCC\bin\..\lib\small/libsdcc.lib
                                          [ _startup.rel ]
C:\Program Files\SDCC\bin\..\lib\small/libfloat.lib
                                          [ _fs2ulong.rel ]

ASxxxx Linker V03.00 + NoICE + sdld,  page 68.

User Base Address Definitions

HOME = 0x0000
XSEG = 0x0001
PSEG = 0x0001
ISEG = 0x0000
BSEG = 0x0000

